Archive member included to satisfy reference by file (symbol)

../Common/FlashUtils/libflash_utils.a(flash_operations.c.o)
                              CMakeFiles/bootloader.dir/main.c.o (read_metadata_from_flash)
/usr/lib/gcc/arm-none-eabi/10.3.1/../../../arm-none-eabi/lib/thumb/v8-m.main+fp/softfp/libm.a(lib_a-wf_sqrt.o)
                              CMakeFiles/bootloader.dir/home/blankmcu/Repos/Moduri/UnitApplication/Dependencies/pico-sdk/src/rp2_common/pico_float/float_math.c.o (sqrtf)
/usr/lib/gcc/arm-none-eabi/10.3.1/../../../arm-none-eabi/lib/thumb/v8-m.main+fp/softfp/libm.a(lib_a-ef_sqrt.o)
                              /usr/lib/gcc/arm-none-eabi/10.3.1/../../../arm-none-eabi/lib/thumb/v8-m.main+fp/softfp/libm.a(lib_a-wf_sqrt.o) (__ieee754_sqrtf)
/usr/lib/gcc/arm-none-eabi/10.3.1/../../../arm-none-eabi/lib/thumb/v8-m.main+fp/softfp/libm.a(lib_a-s_lib_ver.o)
                              /usr/lib/gcc/arm-none-eabi/10.3.1/../../../arm-none-eabi/lib/thumb/v8-m.main+fp/softfp/libm.a(lib_a-wf_sqrt.o) (__fdlib_version)
/usr/lib/gcc/arm-none-eabi/10.3.1/thumb/v8-m.main+fp/softfp/libgcc.a(_arm_addsubdf3.o)
                              CMakeFiles/bootloader.dir/home/blankmcu/Repos/Moduri/UnitApplication/Dependencies/pico-sdk/src/rp2_common/pico_float/float_math.c.o (__aeabi_f2d)
/usr/lib/gcc/arm-none-eabi/10.3.1/thumb/v8-m.main+fp/softfp/libgcc.a(_aeabi_ldivmod.o)
                              CMakeFiles/bootloader.dir/home/blankmcu/Repos/Moduri/UnitApplication/Dependencies/pico-sdk/src/common/pico_time/time.c.o (__aeabi_ldivmod)
/usr/lib/gcc/arm-none-eabi/10.3.1/thumb/v8-m.main+fp/softfp/libgcc.a(_aeabi_uldivmod.o)
                              CMakeFiles/bootloader.dir/home/blankmcu/Repos/Moduri/UnitApplication/Dependencies/pico-sdk/src/rp2_common/hardware_clocks/clocks.c.o (__aeabi_uldivmod)
/usr/lib/gcc/arm-none-eabi/10.3.1/thumb/v8-m.main+fp/softfp/libgcc.a(_udivmoddi4.o)
                              /usr/lib/gcc/arm-none-eabi/10.3.1/thumb/v8-m.main+fp/softfp/libgcc.a(_aeabi_ldivmod.o) (__udivmoddi4)
/usr/lib/gcc/arm-none-eabi/10.3.1/thumb/v8-m.main+fp/softfp/libgcc.a(_dvmd_tls.o)
                              /usr/lib/gcc/arm-none-eabi/10.3.1/thumb/v8-m.main+fp/softfp/libgcc.a(_aeabi_ldivmod.o) (__aeabi_ldiv0)
/usr/lib/gcc/arm-none-eabi/10.3.1/../../../arm-none-eabi/lib/thumb/v8-m.main+fp/softfp/libg.a(lib_a-atexit.o)
                              /usr/lib/gcc/arm-none-eabi/10.3.1/../../../arm-none-eabi/lib/thumb/v8-m.main+fp/softfp/crt0.o (atexit)
/usr/lib/gcc/arm-none-eabi/10.3.1/../../../arm-none-eabi/lib/thumb/v8-m.main+fp/softfp/libg.a(lib_a-calloc.o)
                              CMakeFiles/bootloader.dir/home/blankmcu/Repos/Moduri/UnitApplication/Dependencies/pico-sdk/src/rp2_common/pico_malloc/malloc.c.o (calloc)
/usr/lib/gcc/arm-none-eabi/10.3.1/../../../arm-none-eabi/lib/thumb/v8-m.main+fp/softfp/libg.a(lib_a-callocr.o)
                              /usr/lib/gcc/arm-none-eabi/10.3.1/../../../arm-none-eabi/lib/thumb/v8-m.main+fp/softfp/libg.a(lib_a-calloc.o) (_calloc_r)
/usr/lib/gcc/arm-none-eabi/10.3.1/../../../arm-none-eabi/lib/thumb/v8-m.main+fp/softfp/libg.a(lib_a-errno.o)
                              /usr/lib/gcc/arm-none-eabi/10.3.1/../../../arm-none-eabi/lib/thumb/v8-m.main+fp/softfp/libm.a(lib_a-wf_sqrt.o) (__errno)
/usr/lib/gcc/arm-none-eabi/10.3.1/../../../arm-none-eabi/lib/thumb/v8-m.main+fp/softfp/libg.a(lib_a-fini.o)
                              /usr/lib/gcc/arm-none-eabi/10.3.1/../../../arm-none-eabi/lib/thumb/v8-m.main+fp/softfp/crt0.o (__libc_fini_array)
/usr/lib/gcc/arm-none-eabi/10.3.1/../../../arm-none-eabi/lib/thumb/v8-m.main+fp/softfp/libg.a(lib_a-impure.o)
                              /usr/lib/gcc/arm-none-eabi/10.3.1/../../../arm-none-eabi/lib/thumb/v8-m.main+fp/softfp/libg.a(lib_a-calloc.o) (_impure_ptr)
/usr/lib/gcc/arm-none-eabi/10.3.1/../../../arm-none-eabi/lib/thumb/v8-m.main+fp/softfp/libg.a(lib_a-init.o)
                              /usr/lib/gcc/arm-none-eabi/10.3.1/../../../arm-none-eabi/lib/thumb/v8-m.main+fp/softfp/crt0.o (__libc_init_array)
/usr/lib/gcc/arm-none-eabi/10.3.1/../../../arm-none-eabi/lib/thumb/v8-m.main+fp/softfp/libg.a(lib_a-lcltime_r.o)
                              CMakeFiles/bootloader.dir/home/blankmcu/Repos/Moduri/UnitApplication/Dependencies/pico-sdk/src/common/pico_util/datetime.c.o (localtime_r)
/usr/lib/gcc/arm-none-eabi/10.3.1/../../../arm-none-eabi/lib/thumb/v8-m.main+fp/softfp/libg.a(lib_a-malloc.o)
                              CMakeFiles/bootloader.dir/home/blankmcu/Repos/Moduri/UnitApplication/Dependencies/pico-sdk/src/rp2_common/pico_malloc/malloc.c.o (malloc)
/usr/lib/gcc/arm-none-eabi/10.3.1/../../../arm-none-eabi/lib/thumb/v8-m.main+fp/softfp/libg.a(lib_a-mallocr.o)
                              /usr/lib/gcc/arm-none-eabi/10.3.1/../../../arm-none-eabi/lib/thumb/v8-m.main+fp/softfp/libg.a(lib_a-callocr.o) (_malloc_r)
[...]
Memory Configuration

Name             Origin             Length             Attributes
BOOTLOADER_FLASH 0x0000000010000000 0x000000000003f000 xr
RAM              0x0000000020000000 0x0000000000080000 xrw
SCRATCH_X        0x0000000020080000 0x0000000000001000 xrw
SCRATCH_Y        0x0000000020081000 0x0000000000001000 xrw
*default*        0x0000000000000000 0xffffffffffffffff

Linker script and memory map

LOAD /usr/lib/gcc/arm-none-eabi/10.3.1/thumb/v8-m.main+fp/softfp/crti.o
LOAD /usr/lib/gcc/arm-none-eabi/10.3.1/thumb/v8-m.main+fp/softfp/crtbegin.o
LOAD /usr/lib/gcc/arm-none-eabi/10.3.1/../../../arm-none-eabi/lib/thumb/v8-m.main+fp/softfp/crt0.o

.flash_begin    0x0000000010000000        0x0
                0x0000000010000000                __flash_binary_start = .

.text           0x0000000010000000     0x33ac
                0x0000000010000000                __logical_binary_start = .
 *(.vectors)
 .vectors       0x0000000010000000      0x124 CMakeFiles/bootloader.dir/home/blankmcu/Repos/Moduri/UnitApplication/Dependencies/pico-sdk/src/rp2_common/pico_crt0/crt0.S.o
                0x0000000010000000                __vectors
                0x0000000010000000                __VECTOR_TABLE
                0x0000000010000110                isr_invalid
                0x0000000010000110                __default_isrs_start
                0x0000000010000112                isr_nmi
                0x0000000010000114                isr_hardfault
                0x0000000010000116                isr_svcall
                0x0000000010000118                isr_pendsv
                0x000000001000011a                isr_systick
                0x000000001000011c                isr_irq30
                0x000000001000011c                __unhandled_user_irq
                0x000000001000011c                isr_irq49
                0x000000001000011c                isr_irq13
                0x000000001000011c                isr_irq43
                0x000000001000011c                isr_irq45
                0x000000001000011c                isr_irq27
                0x000000001000011c                isr_irq32
                0x000000001000011c                isr_irq31
                0x000000001000011c                isr_irq5
                0x000000001000011c                isr_irq11
                0x000000001000011c                isr_irq23
                0x000000001000011c                isr_irq48
                0x000000001000011c                isr_irq35
                0x000000001000011c                isr_irq18
                0x000000001000011c                isr_irq50
                0x000000001000011c                isr_irq40
                0x000000001000011c                isr_irq28
                0x000000001000011c                isr_irq19
                0x000000001000011c                isr_irq36
                0x000000001000011c                isr_irq41
                0x000000001000011c                isr_irq0
                0x000000001000011c                isr_irq6
                0x000000001000011c                isr_irq37
                0x000000001000011c                isr_irq42
                0x000000001000011c                isr_irq22
                0x000000001000011c                isr_irq17
                0x000000001000011c                isr_irq38
                0x000000001000011c                isr_irq14
                0x000000001000011c                isr_irq2
                0x000000001000011c                isr_irq10
                0x000000001000011c                isr_irq8
                0x000000001000011c                isr_irq24
                0x000000001000011c                isr_irq46
                0x000000001000011c                isr_irq1
                0x000000001000011c                isr_irq47
                0x000000001000011c                isr_irq51
                0x000000001000011c                isr_irq7
                0x000000001000011c                isr_irq21
                0x000000001000011c                isr_irq39
                0x000000001000011c                isr_irq20
                0x000000001000011c                isr_irq15
                0x000000001000011c                isr_irq25
                0x000000001000011c                isr_irq34
                0x000000001000011c                isr_irq4
                0x000000001000011c                isr_irq16
                0x000000001000011c                isr_irq44
                0x000000001000011c                isr_irq29
                0x000000001000011c                isr_irq26
                0x000000001000011c                __default_isrs_end
                0x000000001000011c                isr_irq33
                0x000000001000011c                isr_irq3
                0x000000001000011c                isr_irq12
                0x000000001000011c                isr_irq9
                0x0000000010000122                unhandled_user_irq_num_in_r0
 *(.binary_info_header)
 .binary_info_header
                0x0000000010000124       0x14 CMakeFiles/bootloader.dir/home/blankmcu/Repos/Moduri/UnitApplication/Dependencies/pico-sdk/src/rp2_common/pico_crt0/crt0.S.o
                0x0000000010000138                __binary_info_header_end = .
 *(.embedded_block)
 .embedded_block
                0x0000000010000138       0x14 CMakeFiles/bootloader.dir/home/blankmcu/Repos/Moduri/UnitApplication/Dependencies/pico-sdk/src/rp2_common/pico_crt0/crt0.S.o
                0x000000001000014c                __embedded_block_end = .
 *(.reset)
 .reset         0x000000001000014c       0xa0 CMakeFiles/bootloader.dir/home/blankmcu/Repos/Moduri/UnitApplication/Dependencies/pico-sdk/src/rp2_common/pico_crt0/crt0.S.o
                0x000000001000014c                _entry_point
 *(.init)
 .init          0x00000000100001ec        0x4 /usr/lib/gcc/arm-none-eabi/10.3.1/thumb/v8-m.main+fp/softfp/crti.o
                0x00000000100001ec                _init
 *libgcc.a:cmse_nonsecure_call.o()
 *(EXCLUDE_FILE(*libm.a: *libc.a:*lib_a-mem*.o *libgcc.a:) .text*)
 .text          0x00000000100001f0       0x8c /usr/lib/gcc/arm-none-eabi/10.3.1/thumb/v8-m.main+fp/softfp/crtbegin.o
 .text.jump_to_application
                0x000000001000027c       0x40 CMakeFiles/bootloader.dir/main.c.o
 .text.validate_bank
                0x00000000100002bc       0x24 CMakeFiles/bootloader.dir/main.c.o
                0x00000000100002bc                validate_bank
 .text.handle_pending_update
                0x00000000100002e0       0x44 CMakeFiles/bootloader.dir/main.c.o
 .text.find_valid_application
                0x0000000010000324       0x60 CMakeFiles/bootloader.dir/main.c.o
                0x0000000010000324                find_valid_application
 .text.main     0x0000000010000384       0x8c CMakeFiles/bootloader.dir/main.c.o
                0x0000000010000384                main
 .text.gpio_set_function
                0x0000000010000410       0x38 CMakeFiles/bootloader.dir/home/blankmcu/Repos/Moduri/UnitApplication/Dependencies/pico-sdk/src/rp2_common/hardware_gpio/gpio.c.o
                0x0000000010000410                gpio_set_function
 .text.panic    0x0000000010000448       0x30 CMakeFiles/bootloader.dir/home/blankmcu/Repos/Moduri/UnitApplication/Dependencies/pico-sdk/src/rp2_common/pico_platform_panic/panic.c.o
                0x0000000010000448                panic
 .text.hw_claim_lock
                0x0000000010000478       0x24 CMakeFiles/bootloader.dir/home/blankmcu/Repos/Moduri/UnitApplication/Dependencies/pico-sdk/src/common/hardware_claim/claim.c.o
                0x0000000010000478                hw_claim_lock
 .text.hw_claim_unlock
                0x000000001000049c       0x14 CMakeFiles/bootloader.dir/home/blankmcu/Repos/Moduri/UnitApplication/Dependencies/pico-sdk/src/common/hardware_claim/claim.c.o
                0x000000001000049c                hw_claim_unlock
 .text.hw_claim_or_assert
                0x00000000100004b0       0x32 CMakeFiles/bootloader.dir/home/blankmcu/Repos/Moduri/UnitApplication/Dependencies/pico-sdk/src/common/hardware_claim/claim.c.o
                0x00000000100004b0                hw_claim_or_assert
 *fill*         0x00000000100004e2        0x2 
 .text.next_striped_spin_lock_num
                0x00000000100004e4       0x1c CMakeFiles/bootloader.dir/home/blankmcu/Repos/Moduri/UnitApplication/Dependencies/pico-sdk/src/rp2_common/hardware_sync/sync.c.o
                0x00000000100004e4                next_striped_spin_lock_num
 .text.spinlock_set_extexclall
                0x0000000010000500        0xe CMakeFiles/bootloader.dir/home/blankmcu/Repos/Moduri/UnitApplication/Dependencies/pico-sdk/src/rp2_common/hardware_sync_spin_lock/sync_spin_lock.c.o
 *fill*         0x000000001000050e        0x2 
 .text.spin_locks_reset
                0x0000000010000510       0x1c CMakeFiles/bootloader.dir/home/blankmcu/Repos/Moduri/UnitApplication/Dependencies/pico-sdk/src/rp2_common/hardware_sync_spin_lock/sync_spin_lock.c.o
                0x0000000010000510                spin_locks_reset
 .text.set_raw_irq_handler_and_unlock
                0x000000001000052c       0x24 CMakeFiles/bootloader.dir/home/blankmcu/Repos/Moduri/UnitApplication/Dependencies/pico-sdk/src/rp2_common/hardware_irq/irq.c.o
 .text.nvic_ipr0
                0x0000000010000550        0x8 CMakeFiles/bootloader.dir/home/blankmcu/Repos/Moduri/UnitApplication/Dependencies/pico-sdk/src/rp2_common/hardware_irq/irq.c.o
 .text.runtime_init_per_core_irq_priorities
                0x0000000010000558       0x1a CMakeFiles/bootloader.dir/home/blankmcu/Repos/Moduri/UnitApplication/Dependencies/pico-sdk/src/rp2_common/hardware_irq/irq.c.o
                0x0000000010000558                runtime_init_per_core_irq_priorities
 *fill*         0x0000000010000572        0x2 
 .text.make_j_16
                0x0000000010000574       0x3c CMakeFiles/bootloader.dir/home/blankmcu/Repos/Moduri/UnitApplication/Dependencies/pico-sdk/src/rp2_common/hardware_irq/irq.c.o
 .text.insert_bl_32
                0x00000000100005b0       0x3c CMakeFiles/bootloader.dir/home/blankmcu/Repos/Moduri/UnitApplication/Dependencies/pico-sdk/src/rp2_common/hardware_irq/irq.c.o
 .text.irq_is_enabled
                0x00000000100005ec       0x20 CMakeFiles/bootloader.dir/home/blankmcu/Repos/Moduri/UnitApplication/Dependencies/pico-sdk/src/rp2_common/hardware_irq/irq.c.o
                0x00000000100005ec                irq_is_enabled
 .text.irq_set_mask_n_enabled
                0x000000001000060c       0x20 CMakeFiles/bootloader.dir/home/blankmcu/Repos/Moduri/UnitApplication/Dependencies/pico-sdk/src/rp2_common/hardware_irq/irq.c.o
                0x000000001000060c                irq_set_mask_n_enabled
 .text.irq_set_enabled
                0x000000001000062c       0x14 CMakeFiles/bootloader.dir/home/blankmcu/Repos/Moduri/UnitApplication/Dependencies/pico-sdk/src/rp2_common/hardware_irq/irq.c.o
                0x000000001000062c                irq_set_enabled
 .text.irq_get_vtable_handler
                0x0000000010000640       0x10 CMakeFiles/bootloader.dir/home/blankmcu/Repos/Moduri/UnitApplication/Dependencies/pico-sdk/src/rp2_common/hardware_irq/irq.c.o
                0x0000000010000640                irq_get_vtable_handler
 .text.irq_set_exclusive_handler
                0x0000000010000650       0x60 CMakeFiles/bootloader.dir/home/blankmcu/Repos/Moduri/UnitApplication/Dependencies/pico-sdk/src/rp2_common/hardware_irq/irq.c.o
                0x0000000010000650                irq_set_exclusive_handler
 .text.irq_remove_handler
                0x00000000100006b0      0x1ac CMakeFiles/bootloader.dir/home/blankmcu/Repos/Moduri/UnitApplication/Dependencies/pico-sdk/src/rp2_common/hardware_irq/irq.c.o
                0x00000000100006b0                irq_remove_handler
 .text.irq_add_tail_to_free_list
                0x000000001000085c      0x100 CMakeFiles/bootloader.dir/home/blankmcu/Repos/Moduri/UnitApplication/Dependencies/pico-sdk/src/rp2_common/hardware_irq/irq.c.o
                0x000000001000085c                irq_add_tail_to_free_list
 .text.lock_init
                0x000000001000095c        0xc CMakeFiles/bootloader.dir/home/blankmcu/Repos/Moduri/UnitApplication/Dependencies/pico-sdk/src/common/pico_sync/lock_core.c.o
                0x000000001000095c                lock_init
 .text.mutex_init
                0x0000000010000968       0x1a CMakeFiles/bootloader.dir/home/blankmcu/Repos/Moduri/UnitApplication/Dependencies/pico-sdk/src/common/pico_sync/mutex.c.o
                0x0000000010000968                mutex_init
 .text.recursive_mutex_init
                0x0000000010000982       0x1e CMakeFiles/bootloader.dir/home/blankmcu/Repos/Moduri/UnitApplication/Dependencies/pico-sdk/src/common/pico_sync/mutex.c.o
                0x0000000010000982                recursive_mutex_init
 .text.runtime_init_mutex
                0x00000000100009a0       0x4c CMakeFiles/bootloader.dir/home/blankmcu/Repos/Moduri/UnitApplication/Dependencies/pico-sdk/src/common/pico_sync/mutex.c.o
                0x00000000100009a0                runtime_init_mutex
 .text.make_alarm_id
                0x00000000100009ec        0x6 CMakeFiles/bootloader.dir/home/blankmcu/Repos/Moduri/UnitApplication/Dependencies/pico-sdk/src/common/pico_time/time.c.o
 *fill*         0x00000000100009f2        0x2 
 .text.sleep_until_callback
                0x00000000100009f4       0x3c CMakeFiles/bootloader.dir/home/blankmcu/Repos/Moduri/UnitApplication/Dependencies/pico-sdk/src/common/pico_time/time.c.o
 .text.alarm_pool_irq_handler
                0x0000000010000a30      0x30c CMakeFiles/bootloader.dir/home/blankmcu/Repos/Moduri/UnitApplication/Dependencies/pico-sdk/src/common/pico_time/time.c.o
 .text.alarm_pool_post_alloc_init
                0x0000000010000d3c       0xa4 CMakeFiles/bootloader.dir/home/blankmcu/Repos/Moduri/UnitApplication/Dependencies/pico-sdk/src/common/pico_time/time.c.o
 .text.alarm_pool_get_default
                0x0000000010000de0       0x28 CMakeFiles/bootloader.dir/home/blankmcu/Repos/Moduri/UnitApplication/Dependencies/pico-sdk/src/common/pico_time/time.c.o
                0x0000000010000de0                alarm_pool_get_default
 .text.alarm_pool_add_alarm_at_force_in_context
                0x0000000010000e08       0xba CMakeFiles/bootloader.dir/home/blankmcu/Repos/Moduri/UnitApplication/Dependencies/pico-sdk/src/common/pico_time/time.c.o
                0x0000000010000e08                alarm_pool_add_alarm_at_force_in_context
 .text.alarm_pool_add_alarm_at
                0x0000000010000ec2       0x38 CMakeFiles/bootloader.dir/home/blankmcu/Repos/Moduri/UnitApplication/Dependencies/pico-sdk/src/common/pico_time/time.c.o
                0x0000000010000ec2                alarm_pool_add_alarm_at
 .text.alarm_pool_cancel_alarm
                0x0000000010000efa       0x72 CMakeFiles/bootloader.dir/home/blankmcu/Repos/Moduri/UnitApplication/Dependencies/pico-sdk/src/common/pico_time/time.c.o
                0x0000000010000efa                alarm_pool_cancel_alarm
 .text.best_effort_wfe_or_timeout
                0x0000000010000f6c      0x11c CMakeFiles/bootloader.dir/home/blankmcu/Repos/Moduri/UnitApplication/Dependencies/pico-sdk/src/common/pico_time/time.c.o
                0x0000000010000f6c                best_effort_wfe_or_timeout
 .text.alarm_pool_get_default_timer
                0x0000000010001088        0x8 CMakeFiles/bootloader.dir/home/blankmcu/Repos/Moduri/UnitApplication/Dependencies/pico-sdk/src/common/pico_time/time.c.o
                0x0000000010001088                alarm_pool_get_default_timer
 .text.runtime_init_default_alarm_pool
                0x0000000010001090       0x34 CMakeFiles/bootloader.dir/home/blankmcu/Repos/Moduri/UnitApplication/Dependencies/pico-sdk/src/common/pico_time/time.c.o
                0x0000000010001090                runtime_init_default_alarm_pool
 .text.timer_hardware_alarm_claim
                0x00000000100010c4       0x24 CMakeFiles/bootloader.dir/home/blankmcu/Repos/Moduri/UnitApplication/Dependencies/pico-sdk/src/rp2_common/hardware_timer/timer.c.o
                0x00000000100010c4                timer_hardware_alarm_claim
 .text.timer_time_us_64
                0x00000000100010e8       0x10 CMakeFiles/bootloader.dir/home/blankmcu/Repos/Moduri/UnitApplication/Dependencies/pico-sdk/src/rp2_common/hardware_timer/timer.c.o
                0x00000000100010e8                timer_time_us_64
 .text.timer_busy_wait_until
                0x00000000100010f8       0x1a CMakeFiles/bootloader.dir/home/blankmcu/Repos/Moduri/UnitApplication/Dependencies/pico-sdk/src/rp2_common/hardware_timer/timer.c.o
                0x00000000100010f8                timer_busy_wait_until
 .text.timer_busy_wait_us
                0x0000000010001112       0x28 CMakeFiles/bootloader.dir/home/blankmcu/Repos/Moduri/UnitApplication/Dependencies/pico-sdk/src/rp2_common/hardware_timer/timer.c.o
                0x0000000010001112                timer_busy_wait_us
 *fill*         0x000000001000113a        0x2 
 .text.time_us_64
                0x000000001000113c       0x10 CMakeFiles/bootloader.dir/home/blankmcu/Repos/Moduri/UnitApplication/Dependencies/pico-sdk/src/rp2_common/hardware_timer/timer.c.o
                0x000000001000113c                time_us_64
 .text.busy_wait_us
                0x000000001000114c       0x14 CMakeFiles/bootloader.dir/home/blankmcu/Repos/Moduri/UnitApplication/Dependencies/pico-sdk/src/rp2_common/hardware_timer/timer.c.o
                0x000000001000114c                busy_wait_us
 .text.uart_disable_before_lcr_write
                0x0000000010001160       0x40 CMakeFiles/bootloader.dir/home/blankmcu/Repos/Moduri/UnitApplication/Dependencies/pico-sdk/src/rp2_common/hardware_uart/uart.c.o
 .text.uart_write_lcr_bits_masked
                0x00000000100011a0       0x1c CMakeFiles/bootloader.dir/home/blankmcu/Repos/Moduri/UnitApplication/Dependencies/pico-sdk/src/rp2_common/hardware_uart/uart.c.o
 .text.uart_set_baudrate
                0x00000000100011bc       0x52 CMakeFiles/bootloader.dir/home/blankmcu/Repos/Moduri/UnitApplication/Dependencies/pico-sdk/src/rp2_common/hardware_uart/uart.c.o
                0x00000000100011bc                uart_set_baudrate
 *fill*         0x000000001000120e        0x2 
 .text.uart_set_translate_crlf
                0x0000000010001210       0x24 CMakeFiles/bootloader.dir/home/blankmcu/Repos/Moduri/UnitApplication/Dependencies/pico-sdk/src/rp2_common/hardware_uart/uart.c.o
                0x0000000010001210                uart_set_translate_crlf
 .text.uart_init
                0x0000000010001234       0x7c CMakeFiles/bootloader.dir/home/blankmcu/Repos/Moduri/UnitApplication/Dependencies/pico-sdk/src/rp2_common/hardware_uart/uart.c.o
                0x0000000010001234                uart_init
 .text.clock_configure_internal
                0x00000000100012b0       0xb4 CMakeFiles/bootloader.dir/home/blankmcu/Repos/Moduri/UnitApplication/Dependencies/pico-sdk/src/rp2_common/hardware_clocks/clocks.c.o
 .text.clock_configure_undivided
                0x0000000010001364       0x12 CMakeFiles/bootloader.dir/home/blankmcu/Repos/Moduri/UnitApplication/Dependencies/pico-sdk/src/rp2_common/hardware_clocks/clocks.c.o
                0x0000000010001364                clock_configure_undivided
 *fill*         0x0000000010001376        0x2 
 .text.clock_get_hz
                0x0000000010001378        0xc CMakeFiles/bootloader.dir/home/blankmcu/Repos/Moduri/UnitApplication/Dependencies/pico-sdk/src/rp2_common/hardware_clocks/clocks.c.o
                0x0000000010001378                clock_get_hz
 .text.pll_init
                0x0000000010001384      0x108 CMakeFiles/bootloader.dir/home/blankmcu/Repos/Moduri/UnitApplication/Dependencies/pico-sdk/src/rp2_common/hardware_pll/pll.c.o
                0x0000000010001384                pll_init
 .text.tick_start
                0x000000001000148c       0x1c CMakeFiles/bootloader.dir/home/blankmcu/Repos/Moduri/UnitApplication/Dependencies/pico-sdk/src/rp2_common/hardware_ticks/ticks.c.o
                0x000000001000148c                tick_start
 .text.rom_func_lookup
                0x00000000100014a8       0x1e CMakeFiles/bootloader.dir/home/blankmcu/Repos/Moduri/UnitApplication/Dependencies/pico-sdk/src/rp2_common/pico_bootrom/bootrom.c.o
                0x00000000100014a8                rom_func_lookup
 *fill*         0x00000000100014c6        0x2 
 .text.runtime_init_bootrom_locking_enable
                0x00000000100014c8       0x14 CMakeFiles/bootloader.dir/home/blankmcu/Repos/Moduri/UnitApplication/Dependencies/pico-sdk/src/rp2_common/pico_bootrom/bootrom_lock.c.o
                0x00000000100014c8                runtime_init_bootrom_locking_enable
 .text.boot_locks_reset
                0x00000000100014dc       0x20 CMakeFiles/bootloader.dir/home/blankmcu/Repos/Moduri/UnitApplication/Dependencies/pico-sdk/src/rp2_common/hardware_boot_lock/boot_lock.c.o
                0x00000000100014dc                boot_locks_reset
 .text.runtime_init_boot_locks_reset
                0x00000000100014fc        0x8 CMakeFiles/bootloader.dir/home/blankmcu/Repos/Moduri/UnitApplication/Dependencies/pico-sdk/src/rp2_common/hardware_boot_lock/boot_lock.c.o
                0x00000000100014fc                runtime_init_boot_locks_reset
 .text.xosc_init
                0x0000000010001504       0x28 CMakeFiles/bootloader.dir/home/blankmcu/Repos/Moduri/UnitApplication/Dependencies/pico-sdk/src/rp2_common/hardware_xosc/xosc.c.o
                0x0000000010001504                xosc_init
 .text.runtime_run_initializers_from
                0x000000001000152c       0x18 CMakeFiles/bootloader.dir/home/blankmcu/Repos/Moduri/UnitApplication/Dependencies/pico-sdk/src/rp2_common/pico_runtime/runtime.c.o
 .text.first_per_core_initializer
                0x0000000010001544        0x2 CMakeFiles/bootloader.dir/home/blankmcu/Repos/Moduri/UnitApplication/Dependencies/pico-sdk/src/rp2_common/pico_runtime/runtime.c.o
 *fill*         0x0000000010001546        0x2 
 .text.runtime_run_initializers
                0x0000000010001548       0x10 CMakeFiles/bootloader.dir/home/blankmcu/Repos/Moduri/UnitApplication/Dependencies/pico-sdk/src/rp2_common/pico_runtime/runtime.c.o
                0x0000000010001548                runtime_run_initializers
 .text.runtime_init_early_resets
                0x0000000010001558       0x2c CMakeFiles/bootloader.dir/home/blankmcu/Repos/Moduri/UnitApplication/Dependencies/pico-sdk/src/rp2_common/pico_runtime_init/runtime_init.c.o
                0x0000000010001558                runtime_init_early_resets
 .text.runtime_init_usb_power_down
                0x0000000010001584       0x20 CMakeFiles/bootloader.dir/home/blankmcu/Repos/Moduri/UnitApplication/Dependencies/pico-sdk/src/rp2_common/pico_runtime_init/runtime_init.c.o
                0x0000000010001584                runtime_init_usb_power_down
 .text.runtime_init_per_core_enable_coprocessors
                0x00000000100015a4       0x1c CMakeFiles/bootloader.dir/home/blankmcu/Repos/Moduri/UnitApplication/Dependencies/pico-sdk/src/rp2_common/pico_runtime_init/runtime_init.c.o
                0x00000000100015a4                runtime_init_per_core_enable_coprocessors
 .text.runtime_init_post_clock_resets
                0x00000000100015c0       0x20 CMakeFiles/bootloader.dir/home/blankmcu/Repos/Moduri/UnitApplication/Dependencies/pico-sdk/src/rp2_common/pico_runtime_init/runtime_init.c.o
                0x00000000100015c0                runtime_init_post_clock_resets
 .text.runtime_init_bootrom_reset
                0x00000000100015e0       0x12 CMakeFiles/bootloader.dir/home/blankmcu/Repos/Moduri/UnitApplication/Dependencies/pico-sdk/src/rp2_common/pico_runtime_init/runtime_init.c.o
                0x00000000100015e0                runtime_init_bootrom_reset
 .text.runtime_init_per_core_bootrom_reset
                0x00000000100015f2       0x12 CMakeFiles/bootloader.dir/home/blankmcu/Repos/Moduri/UnitApplication/Dependencies/pico-sdk/src/rp2_common/pico_runtime_init/runtime_init.c.o
                0x00000000100015f2                runtime_init_per_core_bootrom_reset
 .text.runtime_init_spin_locks_reset
                0x0000000010001604        0x8 CMakeFiles/bootloader.dir/home/blankmcu/Repos/Moduri/UnitApplication/Dependencies/pico-sdk/src/rp2_common/pico_runtime_init/runtime_init.c.o
                0x0000000010001604                runtime_init_spin_locks_reset
 .text.runtime_init_install_ram_vector_table
                0x000000001000160c       0x20 CMakeFiles/bootloader.dir/home/blankmcu/Repos/Moduri/UnitApplication/Dependencies/pico-sdk/src/rp2_common/pico_runtime_init/runtime_init.c.o
                0x000000001000160c                runtime_init_install_ram_vector_table
 .text.start_all_ticks
                0x000000001000162c       0x28 CMakeFiles/bootloader.dir/home/blankmcu/Repos/Moduri/UnitApplication/Dependencies/pico-sdk/src/rp2_common/pico_runtime_init/runtime_init_clocks.c.o
 .text.runtime_init_clocks
                0x0000000010001654       0xc4 CMakeFiles/bootloader.dir/home/blankmcu/Repos/Moduri/UnitApplication/Dependencies/pico-sdk/src/rp2_common/pico_runtime_init/runtime_init_clocks.c.o
                0x0000000010001654                runtime_init_clocks
 .text.__rp2350_dcp_engaged_state_save_restore
                0x0000000010001718       0x3a CMakeFiles/bootloader.dir/home/blankmcu/Repos/Moduri/UnitApplication/Dependencies/pico-sdk/src/rp2_common/pico_double/double_aeabi_dcp.S.o
 *fill*         0x0000000010001752        0x2 
 .text.__wrap___aeabi_dadd
                0x0000000010001754       0x28 CMakeFiles/bootloader.dir/home/blankmcu/Repos/Moduri/UnitApplication/Dependencies/pico-sdk/src/rp2_common/pico_double/double_aeabi_dcp.S.o
                0x000000001000175c                __wrap___aeabi_dadd
 .text.__wrap___aeabi_dsub
                0x000000001000177c       0x28 CMakeFiles/bootloader.dir/home/blankmcu/Repos/Moduri/UnitApplication/Dependencies/pico-sdk/src/rp2_common/pico_double/double_aeabi_dcp.S.o
                0x0000000010001784                __wrap___aeabi_dsub
 .text.__wrap___aeabi_dmul
                0x00000000100017a4       0x4c CMakeFiles/bootloader.dir/home/blankmcu/Repos/Moduri/UnitApplication/Dependencies/pico-sdk/src/rp2_common/pico_double/double_aeabi_dcp.S.o
                0x00000000100017ac                __wrap___aeabi_dmul
 .text.__wrap___aeabi_ddiv
                0x00000000100017f0       0x9c CMakeFiles/bootloader.dir/home/blankmcu/Repos/Moduri/UnitApplication/Dependencies/pico-sdk/src/rp2_common/pico_double/double_aeabi_dcp.S.o
                0x00000000100017f8                __wrap___aeabi_ddiv
 .text.__wrap___aeabi_i2d
                0x000000001000188c       0x24 CMakeFiles/bootloader.dir/home/blankmcu/Repos/Moduri/UnitApplication/Dependencies/pico-sdk/src/rp2_common/pico_double/double_aeabi_dcp.S.o
                0x0000000010001894                __wrap___aeabi_i2d
                0x0000000010001894                int2double
 .text.__wrap___aeabi_ui2d
                0x00000000100018b0       0x24 CMakeFiles/bootloader.dir/home/blankmcu/Repos/Moduri/UnitApplication/Dependencies/pico-sdk/src/rp2_common/pico_double/double_aeabi_dcp.S.o
                0x00000000100018b8                __wrap___aeabi_ui2d
                0x00000000100018b8                uint2double
 .text.__wrap___aeabi_d2iz
                0x00000000100018d4       0x24 CMakeFiles/bootloader.dir/home/blankmcu/Repos/Moduri/UnitApplication/Dependencies/pico-sdk/src/rp2_common/pico_double/double_aeabi_dcp.S.o
                0x00000000100018dc                __wrap___aeabi_d2iz
                0x00000000100018dc                double2int_z
 .text.__wrap___aeabi_d2uiz
                0x00000000100018f8       0x24 CMakeFiles/bootloader.dir/home/blankmcu/Repos/Moduri/UnitApplication/Dependencies/pico-sdk/src/rp2_common/pico_double/double_aeabi_dcp.S.o
                0x0000000010001900                double2uint_z
                0x0000000010001900                double2uint
                0x0000000010001900                __wrap___aeabi_d2uiz
 .text.__wrap___aeabi_dcmpun
                0x000000001000191c       0x24 CMakeFiles/bootloader.dir/home/blankmcu/Repos/Moduri/UnitApplication/Dependencies/pico-sdk/src/rp2_common/pico_double/double_aeabi_dcp.S.o
                0x0000000010001924                __wrap___aeabi_dcmpun
 .text.__wrap___aeabi_dcmplt
                0x0000000010001940       0x28 CMakeFiles/bootloader.dir/home/blankmcu/Repos/Moduri/UnitApplication/Dependencies/pico-sdk/src/rp2_common/pico_double/double_aeabi_dcp.S.o
                0x0000000010001948                __wrap___aeabi_dcmplt
 .text.__wrap___aeabi_dcmple
                0x0000000010001968       0x28 CMakeFiles/bootloader.dir/home/blankmcu/Repos/Moduri/UnitApplication/Dependencies/pico-sdk/src/rp2_common/pico_double/double_aeabi_dcp.S.o
                0x0000000010001970                __wrap___aeabi_dcmple
 .text.__wrap___aeabi_dcmpge
                0x0000000010001990       0x28 CMakeFiles/bootloader.dir/home/blankmcu/Repos/Moduri/UnitApplication/Dependencies/pico-sdk/src/rp2_common/pico_double/double_aeabi_dcp.S.o
                0x0000000010001998                __wrap___aeabi_dcmpge
 .text.__wrap___aeabi_dcmpgt
                0x00000000100019b8       0x28 CMakeFiles/bootloader.dir/home/blankmcu/Repos/Moduri/UnitApplication/Dependencies/pico-sdk/src/rp2_common/pico_double/double_aeabi_dcp.S.o
                0x00000000100019c0                __wrap___aeabi_dcmpgt
 .text._out_null
                0x00000000100019e0        0x2 CMakeFiles/bootloader.dir/home/blankmcu/Repos/Moduri/UnitApplication/Dependencies/pico-sdk/src/rp2_common/pico_printf/printf.c.o
 .text._out_fct
                0x00000000100019e2        0xe CMakeFiles/bootloader.dir/home/blankmcu/Repos/Moduri/UnitApplication/Dependencies/pico-sdk/src/rp2_common/pico_printf/printf.c.o
 .text._atoi    0x00000000100019f0       0x24 CMakeFiles/bootloader.dir/home/blankmcu/Repos/Moduri/UnitApplication/Dependencies/pico-sdk/src/rp2_common/pico_printf/printf.c.o
 .text._out_rev
                0x0000000010001a14       0x7e CMakeFiles/bootloader.dir/home/blankmcu/Repos/Moduri/UnitApplication/Dependencies/pico-sdk/src/rp2_common/pico_printf/printf.c.o
 .text._ntoa_format
                0x0000000010001a92      0x138 CMakeFiles/bootloader.dir/home/blankmcu/Repos/Moduri/UnitApplication/Dependencies/pico-sdk/src/rp2_common/pico_printf/printf.c.o
 .text._ntoa_long
                0x0000000010001bca       0x94 CMakeFiles/bootloader.dir/home/blankmcu/Repos/Moduri/UnitApplication/Dependencies/pico-sdk/src/rp2_common/pico_printf/printf.c.o
 .text._ntoa_long_long
                0x0000000010001c5e       0xc6 CMakeFiles/bootloader.dir/home/blankmcu/Repos/Moduri/UnitApplication/Dependencies/pico-sdk/src/rp2_common/pico_printf/printf.c.o
 *fill*         0x0000000010001d24        0x4 
 .text._etoa    0x0000000010001d28      0x41c CMakeFiles/bootloader.dir/home/blankmcu/Repos/Moduri/UnitApplication/Dependencies/pico-sdk/src/rp2_common/pico_printf/printf.c.o
 *fill*         0x0000000010002144        0x4 
 .text._ftoa    0x0000000010002148      0x398 CMakeFiles/bootloader.dir/home/blankmcu/Repos/Moduri/UnitApplication/Dependencies/pico-sdk/src/rp2_common/pico_printf/printf.c.o
 .text._vsnprintf
                0x00000000100024e0      0x680 CMakeFiles/bootloader.dir/home/blankmcu/Repos/Moduri/UnitApplication/Dependencies/pico-sdk/src/rp2_common/pico_printf/printf.c.o
 .text.vfctprintf
                0x0000000010002b60       0x24 CMakeFiles/bootloader.dir/home/blankmcu/Repos/Moduri/UnitApplication/Dependencies/pico-sdk/src/rp2_common/pico_printf/printf.c.o
                0x0000000010002b60                vfctprintf
 .text._exit    0x0000000010002b84        0x4 CMakeFiles/bootloader.dir/home/blankmcu/Repos/Moduri/UnitApplication/Dependencies/pico-sdk/src/rp2_common/pico_clib_interface/newlib_interface.c.o
                0x0000000010002b84                _exit
 .text.exit     0x0000000010002b88        0x6 CMakeFiles/bootloader.dir/home/blankmcu/Repos/Moduri/UnitApplication/Dependencies/pico-sdk/src/rp2_common/pico_clib_interface/newlib_interface.c.o
                0x0000000010002b88                exit
 *fill*         0x0000000010002b8e        0x2 
 .text.__assert_func
                0x0000000010002b90       0x38 CMakeFiles/bootloader.dir/home/blankmcu/Repos/Moduri/UnitApplication/Dependencies/pico-sdk/src/rp2_common/pico_clib_interface/newlib_interface.c.o
                0x0000000010002b90                __assert_func
 .text.runtime_init
                0x0000000010002bc8       0x2c CMakeFiles/bootloader.dir/home/blankmcu/Repos/Moduri/UnitApplication/Dependencies/pico-sdk/src/rp2_common/pico_clib_interface/newlib_interface.c.o
                0x0000000010002bc8                runtime_init
 .text.stdio_out_chars_no_crlf
                0x0000000010002bf4        0xe CMakeFiles/bootloader.dir/home/blankmcu/Repos/Moduri/UnitApplication/Dependencies/pico-sdk/src/rp2_common/pico_stdio/stdio.c.o
 *fill*         0x0000000010002c02        0x2 
 .text.stdio_out_chars_crlf
                0x0000000010002c04       0x80 CMakeFiles/bootloader.dir/home/blankmcu/Repos/Moduri/UnitApplication/Dependencies/pico-sdk/src/rp2_common/pico_stdio/stdio.c.o
 .text.stdio_stack_buffer_flush
                0x0000000010002c84       0x40 CMakeFiles/bootloader.dir/home/blankmcu/Repos/Moduri/UnitApplication/Dependencies/pico-sdk/src/rp2_common/pico_stdio/stdio.c.o
 .text.stdio_buffered_printer
                0x0000000010002cc4       0x20 CMakeFiles/bootloader.dir/home/blankmcu/Repos/Moduri/UnitApplication/Dependencies/pico-sdk/src/rp2_common/pico_stdio/stdio.c.o
 .text.stdout_serialize_begin
                0x0000000010002ce4       0x2c CMakeFiles/bootloader.dir/home/blankmcu/Repos/Moduri/UnitApplication/Dependencies/pico-sdk/src/rp2_common/pico_stdio/stdio.c.o
                0x0000000010002ce4                stdout_serialize_begin
 .text.stdout_serialize_end
                0x0000000010002d10       0x10 CMakeFiles/bootloader.dir/home/blankmcu/Repos/Moduri/UnitApplication/Dependencies/pico-sdk/src/rp2_common/pico_stdio/stdio.c.o
                0x0000000010002d10                stdout_serialize_end
 .text.stdio_put_string
                0x0000000010002d20       0x8c CMakeFiles/bootloader.dir/home/blankmcu/Repos/Moduri/UnitApplication/Dependencies/pico-sdk/src/rp2_common/pico_stdio/stdio.c.o
                0x0000000010002d20                stdio_put_string
 .text.stdio_set_driver_enabled
                0x0000000010002dac       0x28 CMakeFiles/bootloader.dir/home/blankmcu/Repos/Moduri/UnitApplication/Dependencies/pico-sdk/src/rp2_common/pico_stdio/stdio.c.o
                0x0000000010002dac                stdio_set_driver_enabled
 .text.stdio_flush
                0x0000000010002dd4       0x1c CMakeFiles/bootloader.dir/home/blankmcu/Repos/Moduri/UnitApplication/Dependencies/pico-sdk/src/rp2_common/pico_stdio/stdio.c.o
                0x0000000010002dd4                stdio_flush
 .text.stdio_init_all
                0x0000000010002df0        0xa CMakeFiles/bootloader.dir/home/blankmcu/Repos/Moduri/UnitApplication/Dependencies/pico-sdk/src/rp2_common/pico_stdio/stdio.c.o
                0x0000000010002df0                stdio_init_all
 .text.__wrap_puts
                0x0000000010002dfa       0x1e CMakeFiles/bootloader.dir/home/blankmcu/Repos/Moduri/UnitApplication/Dependencies/pico-sdk/src/rp2_common/pico_stdio/stdio.c.o
                0x0000000010002dfa                __wrap_puts
                0x0000000010002dfa                stdio_puts
 .text.__wrap_vprintf
                0x0000000010002e18       0x3c CMakeFiles/bootloader.dir/home/blankmcu/Repos/Moduri/UnitApplication/Dependencies/pico-sdk/src/rp2_common/pico_stdio/stdio.c.o
                0x0000000010002e18                __wrap_vprintf
                0x0000000010002e18                stdio_vprintf
 .text.__wrap_printf
                0x0000000010002e54       0x1c CMakeFiles/bootloader.dir/home/blankmcu/Repos/Moduri/UnitApplication/Dependencies/pico-sdk/src/rp2_common/pico_stdio/stdio.c.o
                0x0000000010002e54                stdio_printf
                0x0000000010002e54                __wrap_printf
 .text.stdio_uart_out_chars
                0x0000000010002e70       0x8c CMakeFiles/bootloader.dir/home/blankmcu/Repos/Moduri/UnitApplication/Dependencies/pico-sdk/src/rp2_common/pico_stdio_uart/stdio_uart.c.o
 .text.stdio_uart_in_chars
                0x0000000010002efc       0x7c CMakeFiles/bootloader.dir/home/blankmcu/Repos/Moduri/UnitApplication/Dependencies/pico-sdk/src/rp2_common/pico_stdio_uart/stdio_uart.c.o
                0x0000000010002efc                stdio_uart_in_chars
 .text.on_uart_rx
                0x0000000010002f78       0x24 CMakeFiles/bootloader.dir/home/blankmcu/Repos/Moduri/UnitApplication/Dependencies/pico-sdk/src/rp2_common/pico_stdio_uart/stdio_uart.c.o
 .text.stdio_uart_out_flush
                0x0000000010002f9c       0x14 CMakeFiles/bootloader.dir/home/blankmcu/Repos/Moduri/UnitApplication/Dependencies/pico-sdk/src/rp2_common/pico_stdio_uart/stdio_uart.c.o
 .text.stdio_uart_set_chars_available_callback
                0x0000000010002fb0       0x88 CMakeFiles/bootloader.dir/home/blankmcu/Repos/Moduri/UnitApplication/Dependencies/pico-sdk/src/rp2_common/pico_stdio_uart/stdio_uart.c.o
 .text.stdio_uart_init_full
                0x0000000010003038       0x50 CMakeFiles/bootloader.dir/home/blankmcu/Repos/Moduri/UnitApplication/Dependencies/pico-sdk/src/rp2_common/pico_stdio_uart/stdio_uart.c.o
                0x0000000010003038                stdio_uart_init_full
 .text.stdio_uart_init
                0x0000000010003088       0x30 CMakeFiles/bootloader.dir/home/blankmcu/Repos/Moduri/UnitApplication/Dependencies/pico-sdk/src/rp2_common/pico_stdio_uart/stdio_uart.c.o
                0x0000000010003088                stdio_uart_init
 .text.read_metadata_from_flash
                0x00000000100030b8       0x40 ../Common/FlashUtils/libflash_utils.a(flash_operations.c.o)
                0x00000000100030b8                read_metadata_from_flash
 .text.write_metadata_to_flash
                0x00000000100030f8       0x52 ../Common/FlashUtils/libflash_utils.a(flash_operations.c.o)
                0x00000000100030f8                write_metadata_to_flash
 *fill*         0x000000001000314a        0x2 
 .text          0x000000001000314c       0xec /usr/lib/gcc/arm-none-eabi/10.3.1/../../../arm-none-eabi/lib/thumb/v8-m.main+fp/softfp/libg.a(lib_a-memcpy.o)
                0x000000001000314c                memcpy
 .text          0x0000000010003238       0xa4 /usr/lib/gcc/arm-none-eabi/10.3.1/../../../arm-none-eabi/lib/thumb/v8-m.main+fp/softfp/libg.a(lib_a-memset.o)
                0x0000000010003238                memset
 .text          0x00000000100032dc       0x5c /usr/lib/gcc/arm-none-eabi/10.3.1/../../../arm-none-eabi/lib/thumb/v8-m.main+fp/softfp/libg.a(lib_a-strlen-stub.o)
                0x00000000100032dc                strlen
 *(.fini)
 .fini          0x0000000010003338        0x4 /usr/lib/gcc/arm-none-eabi/10.3.1/thumb/v8-m.main+fp/softfp/crti.o
                0x0000000010003338                _fini
 *fill*         0x000000001000333c        0x4 
 .fini.__stub   0x0000000010003340       0x28 linker stubs
 *crtbegin.o(.ctors)
 *crtbegin?.o(.ctors)
 *(EXCLUDE_FILE(*crtend.o *crtend?.o) .ctors)
 *(SORT_BY_NAME(.ctors.*))
 *(.ctors)
 *crtbegin.o(.dtors)
 *crtbegin?.o(.dtors)
 *(EXCLUDE_FILE(*crtend.o *crtend?.o) .dtors)
 *(SORT_BY_NAME(.dtors.*))
 *(.dtors)
                0x0000000010003368                . = ALIGN (0x4)
                0x0000000010003368                PROVIDE (__preinit_array_start = .)
 *(SORT_BY_NAME(.preinit_array.*))
 .preinit_array.00050
                0x0000000010003368        0x4 CMakeFiles/bootloader.dir/home/blankmcu/Repos/Moduri/UnitApplication/Dependencies/pico-sdk/src/rp2_common/pico_runtime_init/runtime_init.c.o
                0x0000000010003368                __pre_init_runtime_init_bootrom_reset
 .preinit_array.00100
                0x000000001000336c        0x4 CMakeFiles/bootloader.dir/home/blankmcu/Repos/Moduri/UnitApplication/Dependencies/pico-sdk/src/rp2_common/pico_runtime_init/runtime_init.c.o
                0x000000001000336c                __pre_init_runtime_init_early_resets
 .preinit_array.00101
                0x0000000010003370        0x4 CMakeFiles/bootloader.dir/home/blankmcu/Repos/Moduri/UnitApplication/Dependencies/pico-sdk/src/rp2_common/pico_runtime_init/runtime_init.c.o
                0x0000000010003370                __pre_init_runtime_init_usb_power_down
 .preinit_array.00500
                0x0000000010003374        0x4 CMakeFiles/bootloader.dir/home/blankmcu/Repos/Moduri/UnitApplication/Dependencies/pico-sdk/src/rp2_common/pico_runtime_init/runtime_init.c.o
                0x0000000010003374                __pre_init_runtime_init_clocks
 .preinit_array.00600
                0x0000000010003378        0x4 CMakeFiles/bootloader.dir/home/blankmcu/Repos/Moduri/UnitApplication/Dependencies/pico-sdk/src/rp2_common/pico_runtime_init/runtime_init.c.o
                0x0000000010003378                __pre_init_runtime_init_post_clock_resets
 .preinit_array.01000
                0x000000001000337c        0x4 CMakeFiles/bootloader.dir/home/blankmcu/Repos/Moduri/UnitApplication/Dependencies/pico-sdk/src/rp2_common/hardware_boot_lock/boot_lock.c.o
                0x000000001000337c                __pre_init_runtime_init_boot_locks_reset
 .preinit_array.01000
                0x0000000010003380        0x4 CMakeFiles/bootloader.dir/home/blankmcu/Repos/Moduri/UnitApplication/Dependencies/pico-sdk/src/rp2_common/pico_runtime_init/runtime_init.c.o
                0x0000000010003380                __pre_init_runtime_init_spin_locks_reset
 .preinit_array.01010
                0x0000000010003384        0x4 CMakeFiles/bootloader.dir/home/blankmcu/Repos/Moduri/UnitApplication/Dependencies/pico-sdk/src/rp2_common/pico_bootrom/bootrom_lock.c.o
                0x0000000010003384                __pre_init_runtime_init_bootrom_locking_enable
 .preinit_array.01100
                0x0000000010003388        0x4 CMakeFiles/bootloader.dir/home/blankmcu/Repos/Moduri/UnitApplication/Dependencies/pico-sdk/src/common/pico_sync/mutex.c.o
                0x0000000010003388                __pre_init_runtime_init_mutex
 .preinit_array.10080
                0x000000001000338c        0x4 CMakeFiles/bootloader.dir/home/blankmcu/Repos/Moduri/UnitApplication/Dependencies/pico-sdk/src/rp2_common/pico_runtime_init/runtime_init.c.o
                0x000000001000338c                __pre_init_runtime_init_install_ram_vector_table
 .preinit_array.11000
                0x0000000010003390        0x4 CMakeFiles/bootloader.dir/home/blankmcu/Repos/Moduri/UnitApplication/Dependencies/pico-sdk/src/common/pico_time/time.c.o
                0x0000000010003390                __pre_init_runtime_init_default_alarm_pool
 .preinit_array.YYYYY
                0x0000000010003394        0x4 CMakeFiles/bootloader.dir/home/blankmcu/Repos/Moduri/UnitApplication/Dependencies/pico-sdk/src/rp2_common/pico_runtime/runtime.c.o
                0x0000000010003394                __pre_init_first_per_core_initializer
 .preinit_array.ZZZZZ.00051
                0x0000000010003398        0x4 CMakeFiles/bootloader.dir/home/blankmcu/Repos/Moduri/UnitApplication/Dependencies/pico-sdk/src/rp2_common/pico_runtime_init/runtime_init.c.o
                0x0000000010003398                __pre_init_runtime_init_per_core_bootrom_reset
 .preinit_array.ZZZZZ.00200
                0x000000001000339c        0x4 CMakeFiles/bootloader.dir/home/blankmcu/Repos/Moduri/UnitApplication/Dependencies/pico-sdk/src/rp2_common/pico_runtime_init/runtime_init.c.o
                0x000000001000339c                __pre_init_runtime_init_per_core_enable_coprocessors
 .preinit_array.ZZZZZ.01000
                0x00000000100033a0        0x4 CMakeFiles/bootloader.dir/home/blankmcu/Repos/Moduri/UnitApplication/Dependencies/pico-sdk/src/rp2_common/hardware_sync_spin_lock/sync_spin_lock.c.o
                0x00000000100033a0                __pre_init_spinlock_set_extexclall
 .preinit_array.ZZZZZ.01200
                0x00000000100033a4        0x4 CMakeFiles/bootloader.dir/home/blankmcu/Repos/Moduri/UnitApplication/Dependencies/pico-sdk/src/rp2_common/hardware_irq/irq.c.o
                0x00000000100033a4                __pre_init_runtime_init_per_core_irq_priorities
 *(.preinit_array)
                0x00000000100033a8                PROVIDE (__preinit_array_end = .)
                0x00000000100033a8                . = ALIGN (0x4)
                0x00000000100033a8                PROVIDE (__init_array_start = .)
 *(SORT_BY_NAME(.init_array.*))
 *(.init_array)
 .init_array    0x00000000100033a8        0x4 /usr/lib/gcc/arm-none-eabi/10.3.1/thumb/v8-m.main+fp/softfp/crtbegin.o
                0x00000000100033ac                PROVIDE (__init_array_end = .)
                0x00000000100033ac                . = ALIGN (0x4)
                0x00000000100033ac                PROVIDE (__fini_array_start = .)
 *(SORT_BY_NAME(.fini_array.*))
 *(.fini_array)
                0x00000000100033ac                PROVIDE (__fini_array_end = .)
 *(.eh_frame*)
 .eh_frame      0x00000000100033ac        0x0 /usr/lib/gcc/arm-none-eabi/10.3.1/thumb/v8-m.main+fp/softfp/crtbegin.o
                0x00000000100033ac                . = ALIGN (0x4)

.glue_7         0x00000000100033ac        0x0
 .glue_7        0x00000000100033ac        0x0 linker stubs

.glue_7t        0x00000000100033ac        0x0
 .glue_7t       0x00000000100033ac        0x0 linker stubs

.vfp11_veneer   0x00000000100033ac        0x0
 .vfp11_veneer  0x00000000100033ac        0x0 linker stubs

.v4_bx          0x00000000100033ac        0x0
 .v4_bx         0x00000000100033ac        0x0 linker stubs

.iplt           0x00000000100033ac        0x0
 .iplt          0x00000000100033ac        0x0 /usr/lib/gcc/arm-none-eabi/10.3.1/thumb/v8-m.main+fp/softfp/crtbegin.o

.boot2          0x00000000100033ac        0x0
                0x00000000100033ac                __boot2_start__ = .
 *(.boot2)
                0x00000000100033ac                __boot2_end__ = .
                0x0000000000000001                ASSERT (((__boot2_end__ - __boot2_start__) <= 0x100), ERROR: Pico second stage bootloader must be no more than 256 bytes in size)

.rodata         0x00000000100033b0      0xadc
 *(EXCLUDE_FILE(*libm.a: *libc.a:*lib_a-mem*.o *libgcc.a:) .rodata*)
 .rodata.main.str1.4
                0x00000000100033b0      0x13c CMakeFiles/bootloader.dir/main.c.o
 .rodata.panic.str1.4
                0x00000000100034ec       0x12 CMakeFiles/bootloader.dir/home/blankmcu/Repos/Moduri/UnitApplication/Dependencies/pico-sdk/src/rp2_common/pico_platform_panic/panic.c.o
 *fill*         0x00000000100034fe        0x2 
 .rodata.make_j_16.str1.4
                0x0000000010003500       0x94 CMakeFiles/bootloader.dir/home/blankmcu/Repos/Moduri/UnitApplication/Dependencies/pico-sdk/src/rp2_common/hardware_irq/irq.c.o
 .rodata.insert_bl_32.str1.4
                0x0000000010003594       0x10 CMakeFiles/bootloader.dir/home/blankmcu/Repos/Moduri/UnitApplication/Dependencies/pico-sdk/src/rp2_common/hardware_irq/irq.c.o
 .rodata.irq_set_exclusive_handler.str1.4
                0x00000000100035a4       0x36 CMakeFiles/bootloader.dir/home/blankmcu/Repos/Moduri/UnitApplication/Dependencies/pico-sdk/src/rp2_common/hardware_irq/irq.c.o
 *fill*         0x00000000100035da        0x2 
 .rodata.irq_add_shared_handler.str1.4
                0x00000000100035dc       0xe9 CMakeFiles/bootloader.dir/home/blankmcu/Repos/Moduri/UnitApplication/Dependencies/pico-sdk/src/rp2_common/hardware_irq/irq.c.o
 *fill*         0x00000000100036c5        0x3 
 .rodata.irq_remove_handler.str1.4
                0x00000000100036c8       0x3a CMakeFiles/bootloader.dir/home/blankmcu/Repos/Moduri/UnitApplication/Dependencies/pico-sdk/src/rp2_common/hardware_irq/irq.c.o
 *fill*         0x0000000010003702        0x2 
 .rodata.irq_add_tail_to_free_list.str1.4
                0x0000000010003704       0x3a CMakeFiles/bootloader.dir/home/blankmcu/Repos/Moduri/UnitApplication/Dependencies/pico-sdk/src/rp2_common/hardware_irq/irq.c.o
 *fill*         0x000000001000373e        0x2 
 .rodata.__func__.0
                0x0000000010003740       0x1a CMakeFiles/bootloader.dir/home/blankmcu/Repos/Moduri/UnitApplication/Dependencies/pico-sdk/src/rp2_common/hardware_irq/irq.c.o
 *fill*         0x000000001000375a        0x2 
 .rodata.__func__.1
                0x000000001000375c        0xd CMakeFiles/bootloader.dir/home/blankmcu/Repos/Moduri/UnitApplication/Dependencies/pico-sdk/src/rp2_common/hardware_irq/irq.c.o
 *fill*         0x0000000010003769        0x3 
 .rodata.__func__.2
                0x000000001000376c       0x13 CMakeFiles/bootloader.dir/home/blankmcu/Repos/Moduri/UnitApplication/Dependencies/pico-sdk/src/rp2_common/hardware_irq/irq.c.o
 *fill*         0x000000001000377f        0x1 
 .rodata.__func__.3
                0x0000000010003780        0xa CMakeFiles/bootloader.dir/home/blankmcu/Repos/Moduri/UnitApplication/Dependencies/pico-sdk/src/rp2_common/hardware_irq/irq.c.o
 *fill*         0x000000001000378a        0x2 
 .rodata.__func__.4
                0x000000001000378c        0xd CMakeFiles/bootloader.dir/home/blankmcu/Repos/Moduri/UnitApplication/Dependencies/pico-sdk/src/rp2_common/hardware_irq/irq.c.o
 *fill*         0x0000000010003799        0x3 
 .rodata.__func__.6
                0x000000001000379c       0x1a CMakeFiles/bootloader.dir/home/blankmcu/Repos/Moduri/UnitApplication/Dependencies/pico-sdk/src/rp2_common/hardware_irq/irq.c.o
 *fill*         0x00000000100037b6        0x2 
 .rodata.runtime_init_mutex.str1.4
                0x00000000100037b8       0x7f CMakeFiles/bootloader.dir/home/blankmcu/Repos/Moduri/UnitApplication/Dependencies/pico-sdk/src/common/pico_sync/mutex.c.o
 *fill*         0x0000000010003837        0x1 
 .rodata.str1.4
                0x0000000010003838       0x51 CMakeFiles/bootloader.dir/home/blankmcu/Repos/Moduri/UnitApplication/Dependencies/pico-sdk/src/common/pico_sync/mutex.c.o
 *fill*         0x0000000010003889        0x3 
 .rodata.__func__.1
                0x000000001000388c        0xb CMakeFiles/bootloader.dir/home/blankmcu/Repos/Moduri/UnitApplication/Dependencies/pico-sdk/src/common/pico_sync/mutex.c.o
 *fill*         0x0000000010003897        0x1 
 .rodata.__func__.3
                0x0000000010003898       0x18 CMakeFiles/bootloader.dir/home/blankmcu/Repos/Moduri/UnitApplication/Dependencies/pico-sdk/src/common/pico_sync/mutex.c.o
 .rodata.__func__.6
                0x00000000100038b0       0x13 CMakeFiles/bootloader.dir/home/blankmcu/Repos/Moduri/UnitApplication/Dependencies/pico-sdk/src/common/pico_sync/mutex.c.o
 *fill*         0x00000000100038c3        0x1 
 .rodata.alarm_pool_irq_handler.str1.4
                0x00000000100038c4       0x8a CMakeFiles/bootloader.dir/home/blankmcu/Repos/Moduri/UnitApplication/Dependencies/pico-sdk/src/common/pico_time/time.c.o
 *fill*         0x000000001000394e        0x2 
 .rodata.alarm_pool_get_default.str1.4
                0x0000000010003950       0x21 CMakeFiles/bootloader.dir/home/blankmcu/Repos/Moduri/UnitApplication/Dependencies/pico-sdk/src/common/pico_time/time.c.o
 *fill*         0x0000000010003971        0x3 
 .rodata.__func__.1
                0x0000000010003974       0x17 CMakeFiles/bootloader.dir/home/blankmcu/Repos/Moduri/UnitApplication/Dependencies/pico-sdk/src/common/pico_time/time.c.o
 *fill*         0x000000001000398b        0x1 
 .rodata.__func__.2
                0x000000001000398c       0x17 CMakeFiles/bootloader.dir/home/blankmcu/Repos/Moduri/UnitApplication/Dependencies/pico-sdk/src/common/pico_time/time.c.o
 *fill*         0x00000000100039a3        0x1 
 .rodata.timer_hardware_alarm_claim.str1.4
                0x00000000100039a4       0x22 CMakeFiles/bootloader.dir/home/blankmcu/Repos/Moduri/UnitApplication/Dependencies/pico-sdk/src/rp2_common/hardware_timer/timer.c.o
 *fill*         0x00000000100039c6        0x2 
 .rodata.pll_init.str1.4
                0x00000000100039c8      0x138 CMakeFiles/bootloader.dir/home/blankmcu/Repos/Moduri/UnitApplication/Dependencies/pico-sdk/src/rp2_common/hardware_pll/pll.c.o
 .rodata.__func__.0
                0x0000000010003b00        0x9 CMakeFiles/bootloader.dir/home/blankmcu/Repos/Moduri/UnitApplication/Dependencies/pico-sdk/src/rp2_common/hardware_pll/pll.c.o
 *fill*         0x0000000010003b09        0x3 
 .rodata.str1.4
                0x0000000010003b0c       0x40 CMakeFiles/bootloader.dir/home/blankmcu/Repos/Moduri/UnitApplication/Dependencies/pico-sdk/src/rp2_common/pico_standard_binary_info/standard_binary_info.c.o
 .rodata.__bi_26
                0x0000000010003b4c        0xc CMakeFiles/bootloader.dir/home/blankmcu/Repos/Moduri/UnitApplication/Dependencies/pico-sdk/src/rp2_common/pico_standard_binary_info/standard_binary_info.c.o
 .rodata.__bi_34
                0x0000000010003b58        0xc CMakeFiles/bootloader.dir/home/blankmcu/Repos/Moduri/UnitApplication/Dependencies/pico-sdk/src/rp2_common/pico_standard_binary_info/standard_binary_info.c.o
 .rodata.__bi_42
                0x0000000010003b64        0xc CMakeFiles/bootloader.dir/home/blankmcu/Repos/Moduri/UnitApplication/Dependencies/pico-sdk/src/rp2_common/pico_standard_binary_info/standard_binary_info.c.o
 .rodata.__bi_48
                0x0000000010003b70        0xc CMakeFiles/bootloader.dir/home/blankmcu/Repos/Moduri/UnitApplication/Dependencies/pico-sdk/src/rp2_common/pico_standard_binary_info/standard_binary_info.c.o
 .rodata.__bi_54
                0x0000000010003b7c        0xc CMakeFiles/bootloader.dir/home/blankmcu/Repos/Moduri/UnitApplication/Dependencies/pico-sdk/src/rp2_common/pico_standard_binary_info/standard_binary_info.c.o
 .rodata.__bi_78
                0x0000000010003b88        0xc CMakeFiles/bootloader.dir/home/blankmcu/Repos/Moduri/UnitApplication/Dependencies/pico-sdk/src/rp2_common/pico_standard_binary_info/standard_binary_info.c.o
 .rodata.__bi_84
                0x0000000010003b94        0xc CMakeFiles/bootloader.dir/home/blankmcu/Repos/Moduri/UnitApplication/Dependencies/pico-sdk/src/rp2_common/pico_standard_binary_info/standard_binary_info.c.o
 .rodata._ftoa.str1.4
                0x0000000010003ba0       0x15 CMakeFiles/bootloader.dir/home/blankmcu/Repos/Moduri/UnitApplication/Dependencies/pico-sdk/src/rp2_common/pico_printf/printf.c.o
 *fill*         0x0000000010003bb5        0x3 
 .rodata.pow10.0
                0x0000000010003bb8       0x50 CMakeFiles/bootloader.dir/home/blankmcu/Repos/Moduri/UnitApplication/Dependencies/pico-sdk/src/rp2_common/pico_printf/printf.c.o
 .rodata.__assert_func.str1.4
                0x0000000010003c08       0x3f CMakeFiles/bootloader.dir/home/blankmcu/Repos/Moduri/UnitApplication/Dependencies/pico-sdk/src/rp2_common/pico_clib_interface/newlib_interface.c.o
                                         0x43 (size before relaxing)
 *fill*         0x0000000010003c47        0x1 
 .rodata.crlf_str.0
                0x0000000010003c48        0x2 CMakeFiles/bootloader.dir/home/blankmcu/Repos/Moduri/UnitApplication/Dependencies/pico-sdk/src/rp2_common/pico_stdio/stdio.c.o
 *fill*         0x0000000010003c4a        0x2 
 .rodata.str1.4
                0x0000000010003c4c       0x2c CMakeFiles/bootloader.dir/home/blankmcu/Repos/Moduri/UnitApplication/Dependencies/pico-sdk/src/rp2_common/pico_stdio_uart/stdio_uart.c.o
 .rodata.__bi_45.4
                0x0000000010003c78        0xc CMakeFiles/bootloader.dir/home/blankmcu/Repos/Moduri/UnitApplication/Dependencies/pico-sdk/src/rp2_common/pico_stdio_uart/stdio_uart.c.o
 .rodata.__bi_49.5
                0x0000000010003c84        0x8 CMakeFiles/bootloader.dir/home/blankmcu/Repos/Moduri/UnitApplication/Dependencies/pico-sdk/src/rp2_common/pico_stdio_uart/stdio_uart.c.o
 .rodata.__bi_50.6
                0x0000000010003c8c        0x8 CMakeFiles/bootloader.dir/home/blankmcu/Repos/Moduri/UnitApplication/Dependencies/pico-sdk/src/rp2_common/pico_stdio_uart/stdio_uart.c.o
 .rodata.str1.4
                0x0000000010003c94      0x1b9 CMakeFiles/bootloader.dir/home/blankmcu/Repos/Moduri/UnitApplication/Dependencies/pico-sdk/src/rp2_common/hardware_flash/flash.c.o
 *fill*         0x0000000010003e4d        0x3 
 .rodata.__func__.0
                0x0000000010003e50       0x12 CMakeFiles/bootloader.dir/home/blankmcu/Repos/Moduri/UnitApplication/Dependencies/pico-sdk/src/rp2_common/hardware_flash/flash.c.o
 *fill*         0x0000000010003e62        0x2 
 .rodata.__func__.2
                0x0000000010003e64       0x14 CMakeFiles/bootloader.dir/home/blankmcu/Repos/Moduri/UnitApplication/Dependencies/pico-sdk/src/rp2_common/hardware_flash/flash.c.o
 .rodata.__func__.3
                0x0000000010003e78       0x12 CMakeFiles/bootloader.dir/home/blankmcu/Repos/Moduri/UnitApplication/Dependencies/pico-sdk/src/rp2_common/hardware_flash/flash.c.o
 *(.srodata*)
                0x0000000010003e8c                . = ALIGN (0x4)
 *fill*         0x0000000010003e8a        0x2 
 *(SORT_BY_ALIGNMENT(SORT_BY_NAME(.flashdata*)))
                0x0000000010003e8c                . = ALIGN (0x4)

.ARM.extab
 *(.ARM.extab* .gnu.linkonce.armextab.*)
                0x0000000010003e8c                __exidx_start = .

.ARM.exidx      0x0000000010003e8c        0x8
 *(.ARM.exidx* .gnu.linkonce.armexidx.*)
 .ARM.exidx     0x0000000010003e8c        0x8 /usr/lib/gcc/arm-none-eabi/10.3.1/thumb/v8-m.main+fp/softfp/libgcc.a(_udivmoddi4.o)
                0x0000000010003e94                __exidx_end = .
                0x0000000010003e94                . = ALIGN (0x4)
                0x0000000010003e94                __binary_info_start = .

.binary_info    0x0000000010003e94       0x28
 *(.binary_info.keep.*)
 .binary_info.keep.__bi_ptr26
                0x0000000010003e94        0x4 CMakeFiles/bootloader.dir/home/blankmcu/Repos/Moduri/UnitApplication/Dependencies/pico-sdk/src/rp2_common/pico_standard_binary_info/standard_binary_info.c.o
 .binary_info.keep.__bi_ptr34
                0x0000000010003e98        0x4 CMakeFiles/bootloader.dir/home/blankmcu/Repos/Moduri/UnitApplication/Dependencies/pico-sdk/src/rp2_common/pico_standard_binary_info/standard_binary_info.c.o
 .binary_info.keep.__bi_ptr42
                0x0000000010003e9c        0x4 CMakeFiles/bootloader.dir/home/blankmcu/Repos/Moduri/UnitApplication/Dependencies/pico-sdk/src/rp2_common/pico_standard_binary_info/standard_binary_info.c.o
 .binary_info.keep.__bi_ptr48
                0x0000000010003ea0        0x4 CMakeFiles/bootloader.dir/home/blankmcu/Repos/Moduri/UnitApplication/Dependencies/pico-sdk/src/rp2_common/pico_standard_binary_info/standard_binary_info.c.o
 .binary_info.keep.__bi_ptr54
                0x0000000010003ea4        0x4 CMakeFiles/bootloader.dir/home/blankmcu/Repos/Moduri/UnitApplication/Dependencies/pico-sdk/src/rp2_common/pico_standard_binary_info/standard_binary_info.c.o
 .binary_info.keep.__bi_ptr78
                0x0000000010003ea8        0x4 CMakeFiles/bootloader.dir/home/blankmcu/Repos/Moduri/UnitApplication/Dependencies/pico-sdk/src/rp2_common/pico_standard_binary_info/standard_binary_info.c.o
 .binary_info.keep.__bi_ptr84
                0x0000000010003eac        0x4 CMakeFiles/bootloader.dir/home/blankmcu/Repos/Moduri/UnitApplication/Dependencies/pico-sdk/src/rp2_common/pico_standard_binary_info/standard_binary_info.c.o
 *(.binary_info.*)
 .binary_info.__bi_ptr45
                0x0000000010003eb0        0x4 CMakeFiles/bootloader.dir/home/blankmcu/Repos/Moduri/UnitApplication/Dependencies/pico-sdk/src/rp2_common/pico_stdio_uart/stdio_uart.c.o
 .binary_info.__bi_ptr49
                0x0000000010003eb4        0x4 CMakeFiles/bootloader.dir/home/blankmcu/Repos/Moduri/UnitApplication/Dependencies/pico-sdk/src/rp2_common/pico_stdio_uart/stdio_uart.c.o
 .binary_info.__bi_ptr50
                0x0000000010003eb8        0x4 CMakeFiles/bootloader.dir/home/blankmcu/Repos/Moduri/UnitApplication/Dependencies/pico-sdk/src/rp2_common/pico_stdio_uart/stdio_uart.c.o
                0x0000000010003ebc                __binary_info_end = .
                0x0000000010003ebc                . = ALIGN (0x4)

.ram_vector_table
                0x0000000020000000      0x110
 *(.ram_vector_table)
 .ram_vector_table
                0x0000000020000000      0x110 CMakeFiles/bootloader.dir/home/blankmcu/Repos/Moduri/UnitApplication/Dependencies/pico-sdk/src/rp2_common/pico_runtime_init/runtime_init.c.o
                0x0000000020000000                ram_vector_table

.uninitialized_data
                0x0000000020000110        0x0
                0x0000000020000110                . = ALIGN (0x4)
 *(.uninitialized_data*)

.data           0x0000000020000110      0x85c load address 0x0000000010003ebc
                0x0000000020000110                __data_start__ = .
 *(vtable)
 *(.time_critical*)
 .time_critical.mutex_try_enter
                0x0000000020000110       0x56 CMakeFiles/bootloader.dir/home/blankmcu/Repos/Moduri/UnitApplication/Dependencies/pico-sdk/src/common/pico_sync/mutex.c.o
                0x0000000020000110                mutex_try_enter
 *fill*         0x0000000020000166        0x2 
 .time_critical.mutex_enter_block_until
                0x0000000020000168       0x84 CMakeFiles/bootloader.dir/home/blankmcu/Repos/Moduri/UnitApplication/Dependencies/pico-sdk/src/common/pico_sync/mutex.c.o
                0x0000000020000168                mutex_enter_block_until
 .time_critical.mutex_try_enter_block_until
                0x00000000200001ec       0x32 CMakeFiles/bootloader.dir/home/blankmcu/Repos/Moduri/UnitApplication/Dependencies/pico-sdk/src/common/pico_sync/mutex.c.o
                0x00000000200001ec                mutex_try_enter_block_until
 *fill*         0x000000002000021e        0x2 
 .time_critical.mutex_exit
                0x0000000020000220       0x58 CMakeFiles/bootloader.dir/home/blankmcu/Repos/Moduri/UnitApplication/Dependencies/pico-sdk/src/common/pico_sync/mutex.c.o
                0x0000000020000220                mutex_exit
 .time_critical.flash_init_boot2_copyout
                0x0000000020000278       0x34 CMakeFiles/bootloader.dir/home/blankmcu/Repos/Moduri/UnitApplication/Dependencies/pico-sdk/src/rp2_common/hardware_flash/flash.c.o
 .time_critical.flash_enable_xip_via_boot2
                0x00000000200002ac        0xc CMakeFiles/bootloader.dir/home/blankmcu/Repos/Moduri/UnitApplication/Dependencies/pico-sdk/src/rp2_common/hardware_flash/flash.c.o
 .time_critical.flash_rp2350_save_qmi_cs1
                0x00000000200002b8       0x14 CMakeFiles/bootloader.dir/home/blankmcu/Repos/Moduri/UnitApplication/Dependencies/pico-sdk/src/rp2_common/hardware_flash/flash.c.o
 .time_critical.flash_devinfo_ptr
                0x00000000200002cc       0x30 CMakeFiles/bootloader.dir/home/blankmcu/Repos/Moduri/UnitApplication/Dependencies/pico-sdk/src/rp2_common/hardware_flash/flash.c.o
 .time_critical.flash_devinfo_get_cs_size
                0x00000000200002fc       0x16 CMakeFiles/bootloader.dir/home/blankmcu/Repos/Moduri/UnitApplication/Dependencies/pico-sdk/src/rp2_common/hardware_flash/flash.c.o
                0x00000000200002fc                flash_devinfo_get_cs_size
 *fill*         0x0000000020000312        0x2 
 .time_critical.flash_rp2350_restore_qmi_cs1
                0x0000000020000314       0x30 CMakeFiles/bootloader.dir/home/blankmcu/Repos/Moduri/UnitApplication/Dependencies/pico-sdk/src/rp2_common/hardware_flash/flash.c.o
 .time_critical.flash_range_erase
                0x0000000020000344      0x114 CMakeFiles/bootloader.dir/home/blankmcu/Repos/Moduri/UnitApplication/Dependencies/pico-sdk/src/rp2_common/hardware_flash/flash.c.o
                0x0000000020000344                flash_range_erase
 .time_critical.flash_range_program
                0x0000000020000458      0x110 CMakeFiles/bootloader.dir/home/blankmcu/Repos/Moduri/UnitApplication/Dependencies/pico-sdk/src/rp2_common/hardware_flash/flash.c.o
                0x0000000020000458                flash_range_program
 .time_critical.xip_cache_maintain
                0x0000000020000568       0x22 CMakeFiles/bootloader.dir/home/blankmcu/Repos/Moduri/UnitApplication/Dependencies/pico-sdk/src/rp2_common/hardware_xip_cache/xip_cache.c.o
 *fill*         0x000000002000058a        0x2 
 .time_critical.xip_cache_clean_all
                0x000000002000058c       0x14 CMakeFiles/bootloader.dir/home/blankmcu/Repos/Moduri/UnitApplication/Dependencies/pico-sdk/src/rp2_common/hardware_xip_cache/xip_cache.c.o
                0x000000002000058c                xip_cache_clean_all
 *(.text*)
 .text          0x00000000200005a0       0x30 /usr/lib/gcc/arm-none-eabi/10.3.1/thumb/v8-m.main+fp/softfp/libgcc.a(_aeabi_uldivmod.o)
                0x00000000200005a0                __aeabi_uldivmod
 .text          0x00000000200005d0      0x2ec /usr/lib/gcc/arm-none-eabi/10.3.1/thumb/v8-m.main+fp/softfp/libgcc.a(_udivmoddi4.o)
                0x00000000200005d0                __udivmoddi4
 .text          0x00000000200008bc        0x4 /usr/lib/gcc/arm-none-eabi/10.3.1/thumb/v8-m.main+fp/softfp/libgcc.a(_dvmd_tls.o)
                0x00000000200008bc                __aeabi_ldiv0
                0x00000000200008bc                __aeabi_idiv0
 .text.__stub   0x00000000200008c0       0x10 linker stubs
                0x00000000200008d0                . = ALIGN (0x4)
 *(.rodata*)
                0x00000000200008d0                . = ALIGN (0x4)
 *(.data*)
 .data.ram_current_metadata
                0x00000000200008d0       0x18 CMakeFiles/bootloader.dir/main.c.o
 .data.striped_spin_lock_num
                0x00000000200008e8        0x1 CMakeFiles/bootloader.dir/home/blankmcu/Repos/Moduri/UnitApplication/Dependencies/pico-sdk/src/rp2_common/hardware_sync/sync.c.o
 *fill*         0x00000000200008e9        0x3 
 .data          0x00000000200008ec       0x48 CMakeFiles/bootloader.dir/home/blankmcu/Repos/Moduri/UnitApplication/Dependencies/pico-sdk/src/rp2_common/hardware_irq/irq_handler_chain.S.o
                0x00000000200008ec                irq_handler_chain_slots
                0x000000002000091c                irq_handler_chain_first_slot
                0x0000000020000926                irq_handler_chain_remove_tail
 .data.default_alarm_pool
                0x0000000020000934       0x18 CMakeFiles/bootloader.dir/home/blankmcu/Repos/Moduri/UnitApplication/Dependencies/pico-sdk/src/common/pico_time/time.c.o
 .data.stdio_uart
                0x000000002000094c       0x18 CMakeFiles/bootloader.dir/home/blankmcu/Repos/Moduri/UnitApplication/Dependencies/pico-sdk/src/rp2_common/pico_stdio_uart/stdio_uart.c.o
                0x000000002000094c                stdio_uart
 *(.sdata*)
                0x0000000020000964                . = ALIGN (0x4)
 *(.after_data.*)
                0x0000000020000964                . = ALIGN (0x4)
                0x0000000020000964                PROVIDE (__mutex_array_start = .)
 *(SORT_BY_NAME(.mutex_array.*))
 *(.mutex_array)
 .mutex_array   0x0000000020000964        0x8 CMakeFiles/bootloader.dir/home/blankmcu/Repos/Moduri/UnitApplication/Dependencies/pico-sdk/src/rp2_common/pico_stdio/stdio.c.o
                0x000000002000096c                PROVIDE (__mutex_array_end = .)
 *(.jcr)
                0x000000002000096c                . = ALIGN (0x4)

.tm_clone_table
                0x000000002000096c        0x0 load address 0x0000000010004718
 .tm_clone_table
                0x000000002000096c        0x0 /usr/lib/gcc/arm-none-eabi/10.3.1/thumb/v8-m.main+fp/softfp/crtbegin.o
 .tm_clone_table
                0x000000002000096c        0x0 /usr/lib/gcc/arm-none-eabi/10.3.1/thumb/v8-m.main+fp/softfp/crtend.o

.igot.plt       0x000000002000096c        0x0 load address 0x0000000010004718
 .igot.plt      0x000000002000096c        0x0 /usr/lib/gcc/arm-none-eabi/10.3.1/thumb/v8-m.main+fp/softfp/crtbegin.o

.tdata          0x000000002000096c        0x0 load address 0x0000000010004718
                0x000000002000096c                . = ALIGN (0x4)
 *(.tdata .tdata.* .gnu.linkonce.td.*)
                0x000000002000096c                __tdata_end = .
                0x000000002000096c                PROVIDE (__data_end__ = .)
                0x0000000010003ebc                __etext = LOADADDR (.data)

.tbss           0x000000002000096c        0x0 load address 0x0000000010004718
                0x000000002000096c                . = ALIGN (0x4)
                0x000000002000096c                __bss_start__ = .
                0x000000002000096c                __tls_base = .
 *(.tbss .tbss.* .gnu.linkonce.tb.*)
 *(.tcommon)
                0x000000002000096c                __tls_end = .

.bss            0x0000000020000970      0x328 load address 0x0000000010004718
                0x0000000020000970                . = ALIGN (0x4)
                0x0000000020000970                __tbss_end = .
 *(SORT_BY_ALIGNMENT(SORT_BY_NAME(.bss*)))
 .bss.default_alarm_pool_entries
                0x0000000020000970      0x180 CMakeFiles/bootloader.dir/home/blankmcu/Repos/Moduri/UnitApplication/Dependencies/pico-sdk/src/common/pico_time/time.c.o
 .bss           0x0000000020000af0       0x1c /usr/lib/gcc/arm-none-eabi/10.3.1/thumb/v8-m.main+fp/softfp/crtbegin.o
 .bss._sw_spin_locks
                0x0000000020000b0c       0x20 CMakeFiles/bootloader.dir/home/blankmcu/Repos/Moduri/UnitApplication/Dependencies/pico-sdk/src/rp2_common/hardware_sync_spin_lock/sync_spin_lock.c.o
                0x0000000020000b0c                _sw_spin_locks
 .bss.boot2_copyout
                0x0000000020000b2c      0x100 CMakeFiles/bootloader.dir/home/blankmcu/Repos/Moduri/UnitApplication/Dependencies/pico-sdk/src/rp2_common/hardware_flash/flash.c.o
 .bss.chars_available_callback
                0x0000000020000c2c        0x4 CMakeFiles/bootloader.dir/home/blankmcu/Repos/Moduri/UnitApplication/Dependencies/pico-sdk/src/rp2_common/pico_stdio_uart/stdio_uart.c.o
 .bss.chars_available_param
                0x0000000020000c30        0x4 CMakeFiles/bootloader.dir/home/blankmcu/Repos/Moduri/UnitApplication/Dependencies/pico-sdk/src/rp2_common/pico_stdio_uart/stdio_uart.c.o
 .bss.claimed   0x0000000020000c34        0x2 CMakeFiles/bootloader.dir/home/blankmcu/Repos/Moduri/UnitApplication/Dependencies/pico-sdk/src/rp2_common/hardware_timer/timer.c.o
 *fill*         0x0000000020000c36        0x2 
 .bss.configured_freq
                0x0000000020000c38       0x28 CMakeFiles/bootloader.dir/home/blankmcu/Repos/Moduri/UnitApplication/Dependencies/pico-sdk/src/rp2_common/hardware_clocks/clocks.c.o
 .bss.drivers   0x0000000020000c60        0x4 CMakeFiles/bootloader.dir/home/blankmcu/Repos/Moduri/UnitApplication/Dependencies/pico-sdk/src/rp2_common/pico_stdio/stdio.c.o
 .bss.filter    0x0000000020000c64        0x4 CMakeFiles/bootloader.dir/home/blankmcu/Repos/Moduri/UnitApplication/Dependencies/pico-sdk/src/rp2_common/pico_stdio/stdio.c.o
 .bss.pools     0x0000000020000c68       0x20 CMakeFiles/bootloader.dir/home/blankmcu/Repos/Moduri/UnitApplication/Dependencies/pico-sdk/src/common/pico_time/time.c.o
 .bss.sleep_notifier
                0x0000000020000c88        0x4 CMakeFiles/bootloader.dir/home/blankmcu/Repos/Moduri/UnitApplication/Dependencies/pico-sdk/src/common/pico_time/time.c.o
 .bss.uart_char_to_line_feed
                0x0000000020000c8c        0x4 CMakeFiles/bootloader.dir/home/blankmcu/Repos/Moduri/UnitApplication/Dependencies/pico-sdk/src/rp2_common/hardware_uart/uart.c.o
                0x0000000020000c8c                uart_char_to_line_feed
 .bss.uart_instance
                0x0000000020000c90        0x4 CMakeFiles/bootloader.dir/home/blankmcu/Repos/Moduri/UnitApplication/Dependencies/pico-sdk/src/rp2_common/pico_stdio_uart/stdio_uart.c.o
 .bss.boot2_copyout_valid
                0x0000000020000c94        0x1 CMakeFiles/bootloader.dir/home/blankmcu/Repos/Moduri/UnitApplication/Dependencies/pico-sdk/src/rp2_common/hardware_flash/flash.c.o
 .bss.irq_handler_chain_free_slot_head
                0x0000000020000c95        0x1 CMakeFiles/bootloader.dir/home/blankmcu/Repos/Moduri/UnitApplication/Dependencies/pico-sdk/src/rp2_common/hardware_irq/irq.c.o
 *(COMMON)
                [!provide]                        PROVIDE (__global_pointer$ = (. + 0x800))
 *(.sbss*)
                0x0000000020000c98                . = ALIGN (0x4)
 *fill*         0x0000000020000c96        0x2 
                0x0000000020000c98                __bss_end__ = .

.heap           0x0000000020000c98      0x800 load address 0x0000000010004718
                0x0000000020000c98                __end__ = .
                0x0000000020000c98                end = __end__
 *(.heap*)
 .heap          0x0000000020000c98      0x800 CMakeFiles/bootloader.dir/home/blankmcu/Repos/Moduri/UnitApplication/Dependencies/pico-sdk/src/rp2_common/pico_crt0/crt0.S.o
                0x0000000020080000                __HeapLimit = (ORIGIN (RAM) + LENGTH (RAM))

.scratch_x      0x0000000020080000        0x0 load address 0x0000000010004718
                0x0000000020080000                __scratch_x_start__ = .
 *(.scratch_x.*)
                0x0000000020080000                . = ALIGN (0x4)
                0x0000000020080000                __scratch_x_end__ = .
                0x0000000010004718                __scratch_x_source__ = LOADADDR (.scratch_x)

.scratch_y      0x0000000020081000        0x0 load address 0x0000000010004718
                0x0000000020081000                __scratch_y_start__ = .
 *(.scratch_y.*)
                0x0000000020081000                . = ALIGN (0x4)
                0x0000000020081000                __scratch_y_end__ = .
                0x0000000010004718                __scratch_y_source__ = LOADADDR (.scratch_y)

.stack1_dummy   0x0000000020080000        0x0
 *(.stack1*)

.stack_dummy    0x0000000020081000      0x800
 *(.stack*)
 .stack         0x0000000020081000      0x800 CMakeFiles/bootloader.dir/home/blankmcu/Repos/Moduri/UnitApplication/Dependencies/pico-sdk/src/rp2_common/pico_crt0/crt0.S.o

.flash_end      0x0000000010004718       0x14
 *(.embedded_end_block*)
 .embedded_end_block
                0x0000000010004718       0x14 CMakeFiles/bootloader.dir/home/blankmcu/Repos/Moduri/UnitApplication/Dependencies/pico-sdk/src/rp2_common/pico_crt0/crt0.S.o
                0x000000001000472c                PROVIDE (__flash_binary_end = .)
                0x0000000020080000                __StackLimit = (ORIGIN (RAM) + LENGTH (RAM))
                0x0000000020081000                __StackOneTop = (ORIGIN (SCRATCH_X) + LENGTH (SCRATCH_X))
                0x0000000020082000                __StackTop = (ORIGIN (SCRATCH_Y) + LENGTH (SCRATCH_Y))
                0x0000000020081000                __StackOneBottom = (__StackOneTop - SIZEOF (.stack1_dummy))
                0x0000000020081800                __StackBottom = (__StackTop - SIZEOF (.stack_dummy))
                0x0000000020082000                PROVIDE (__stack = __StackTop)
                [!provide]                        PROVIDE (__heap_start = __end__)
                [!provide]                        PROVIDE (__heap_end = __HeapLimit)
                [!provide]                        PROVIDE (__tls_align = MAX (ALIGNOF (.tdata), ALIGNOF (.tbss)))
                [!provide]                        PROVIDE (__tls_size_align = (((__tls_size + __tls_align) - 0x1) & ~ ((__tls_align - 0x1))))
                [!provide]                        PROVIDE (__arm32_tls_tcb_offset = MAX (0x8, __tls_align))
                [!provide]                        PROVIDE (_end = __end__)
                [!provide]                        PROVIDE (__llvm_libc_heap_limit = __HeapLimit)
                0x0000000000000001                ASSERT ((__StackLimit >= __HeapLimit), region RAM overflowed)
                0x0000000000000001                ASSERT (((__binary_info_header_end - __logical_binary_start) <= 0x400), Binary info must be in first 1024 bytes of the binary)
                0x0000000000000001                ASSERT (((__embedded_block_end - __logical_binary_start) <= 0x1000), Embedded block must be in first 4096 bytes of the binary)
LOAD CMakeFiles/bootloader.dir/main.c.o
LOAD CMakeFiles/bootloader.dir/home/blankmcu/Repos/Moduri/UnitApplication/Dependencies/pico-sdk/src/rp2_common/pico_stdlib/stdlib.c.o
LOAD CMakeFiles/bootloader.dir/home/blankmcu/Repos/Moduri/UnitApplication/Dependencies/pico-sdk/src/rp2_common/hardware_gpio/gpio.c.o
LOAD CMakeFiles/bootloader.dir/home/blankmcu/Repos/Moduri/UnitApplication/Dependencies/pico-sdk/src/rp2350/pico_platform/platform.c.o
LOAD CMakeFiles/bootloader.dir/home/blankmcu/Repos/Moduri/UnitApplication/Dependencies/pico-sdk/src/rp2_common/pico_platform_panic/panic.c.o
LOAD CMakeFiles/bootloader.dir/home/blankmcu/Repos/Moduri/UnitApplication/Dependencies/pico-sdk/src/common/hardware_claim/claim.c.o
LOAD CMakeFiles/bootloader.dir/home/blankmcu/Repos/Moduri/UnitApplication/Dependencies/pico-sdk/src/rp2_common/hardware_sync/sync.c.o
LOAD CMakeFiles/bootloader.dir/home/blankmcu/Repos/Moduri/UnitApplication/Dependencies/pico-sdk/src/rp2_common/hardware_sync_spin_lock/sync_spin_lock.c.o
LOAD CMakeFiles/bootloader.dir/home/blankmcu/Repos/Moduri/UnitApplication/Dependencies/pico-sdk/src/rp2_common/hardware_irq/irq.c.o
LOAD CMakeFiles/bootloader.dir/home/blankmcu/Repos/Moduri/UnitApplication/Dependencies/pico-sdk/src/rp2_common/hardware_irq/irq_handler_chain.S.o
LOAD CMakeFiles/bootloader.dir/home/blankmcu/Repos/Moduri/UnitApplication/Dependencies/pico-sdk/src/common/pico_sync/sem.c.o
LOAD CMakeFiles/bootloader.dir/home/blankmcu/Repos/Moduri/UnitApplication/Dependencies/pico-sdk/src/common/pico_sync/lock_core.c.o
LOAD CMakeFiles/bootloader.dir/home/blankmcu/Repos/Moduri/UnitApplication/Dependencies/pico-sdk/src/common/pico_sync/mutex.c.o
LOAD CMakeFiles/bootloader.dir/home/blankmcu/Repos/Moduri/UnitApplication/Dependencies/pico-sdk/src/common/pico_sync/critical_section.c.o
LOAD CMakeFiles/bootloader.dir/home/blankmcu/Repos/Moduri/UnitApplication/Dependencies/pico-sdk/src/common/pico_time/time.c.o
LOAD CMakeFiles/bootloader.dir/home/blankmcu/Repos/Moduri/UnitApplication/Dependencies/pico-sdk/src/common/pico_time/timeout_helper.c.o
LOAD CMakeFiles/bootloader.dir/home/blankmcu/Repos/Moduri/UnitApplication/Dependencies/pico-sdk/src/rp2_common/hardware_timer/timer.c.o
LOAD CMakeFiles/bootloader.dir/home/blankmcu/Repos/Moduri/UnitApplication/Dependencies/pico-sdk/src/common/pico_util/datetime.c.o
LOAD CMakeFiles/bootloader.dir/home/blankmcu/Repos/Moduri/UnitApplication/Dependencies/pico-sdk/src/common/pico_util/pheap.c.o
LOAD CMakeFiles/bootloader.dir/home/blankmcu/Repos/Moduri/UnitApplication/Dependencies/pico-sdk/src/common/pico_util/queue.c.o
LOAD CMakeFiles/bootloader.dir/home/blankmcu/Repos/Moduri/UnitApplication/Dependencies/pico-sdk/src/rp2_common/hardware_uart/uart.c.o
LOAD CMakeFiles/bootloader.dir/home/blankmcu/Repos/Moduri/UnitApplication/Dependencies/pico-sdk/src/rp2_common/hardware_clocks/clocks.c.o
LOAD CMakeFiles/bootloader.dir/home/blankmcu/Repos/Moduri/UnitApplication/Dependencies/pico-sdk/src/rp2_common/hardware_pll/pll.c.o
LOAD CMakeFiles/bootloader.dir/home/blankmcu/Repos/Moduri/UnitApplication/Dependencies/pico-sdk/src/rp2_common/hardware_vreg/vreg.c.o
LOAD CMakeFiles/bootloader.dir/home/blankmcu/Repos/Moduri/UnitApplication/Dependencies/pico-sdk/src/rp2_common/hardware_watchdog/watchdog.c.o
LOAD CMakeFiles/bootloader.dir/home/blankmcu/Repos/Moduri/UnitApplication/Dependencies/pico-sdk/src/rp2_common/hardware_ticks/ticks.c.o
LOAD CMakeFiles/bootloader.dir/home/blankmcu/Repos/Moduri/UnitApplication/Dependencies/pico-sdk/src/rp2_common/pico_bootrom/bootrom.c.o
LOAD CMakeFiles/bootloader.dir/home/blankmcu/Repos/Moduri/UnitApplication/Dependencies/pico-sdk/src/rp2_common/pico_bootrom/bootrom_lock.c.o
LOAD CMakeFiles/bootloader.dir/home/blankmcu/Repos/Moduri/UnitApplication/Dependencies/pico-sdk/src/rp2_common/hardware_boot_lock/boot_lock.c.o
LOAD CMakeFiles/bootloader.dir/home/blankmcu/Repos/Moduri/UnitApplication/Dependencies/pico-sdk/src/rp2_common/pico_flash/flash.c.o
LOAD CMakeFiles/bootloader.dir/home/blankmcu/Repos/Moduri/UnitApplication/Dependencies/pico-sdk/src/rp2_common/hardware_xosc/xosc.c.o
LOAD CMakeFiles/bootloader.dir/home/blankmcu/Repos/Moduri/UnitApplication/Dependencies/pico-sdk/src/rp2_common/hardware_divider/divider.c.o
LOAD CMakeFiles/bootloader.dir/home/blankmcu/Repos/Moduri/UnitApplication/Dependencies/pico-sdk/src/rp2_common/pico_runtime/runtime.c.o
LOAD CMakeFiles/bootloader.dir/home/blankmcu/Repos/Moduri/UnitApplication/Dependencies/pico-sdk/src/rp2_common/pico_runtime_init/runtime_init.c.o
LOAD CMakeFiles/bootloader.dir/home/blankmcu/Repos/Moduri/UnitApplication/Dependencies/pico-sdk/src/rp2_common/pico_runtime_init/runtime_init_clocks.c.o
LOAD CMakeFiles/bootloader.dir/home/blankmcu/Repos/Moduri/UnitApplication/Dependencies/pico-sdk/src/rp2_common/pico_runtime_init/runtime_init_stack_guard.c.o
LOAD CMakeFiles/bootloader.dir/home/blankmcu/Repos/Moduri/UnitApplication/Dependencies/pico-sdk/src/rp2_common/pico_bit_ops/bit_ops_aeabi.S.o
LOAD CMakeFiles/bootloader.dir/home/blankmcu/Repos/Moduri/UnitApplication/Dependencies/pico-sdk/src/rp2_common/pico_divider/divider_compiler.c.o
LOAD CMakeFiles/bootloader.dir/home/blankmcu/Repos/Moduri/UnitApplication/Dependencies/pico-sdk/src/rp2_common/pico_double/double_math.c.o
LOAD CMakeFiles/bootloader.dir/home/blankmcu/Repos/Moduri/UnitApplication/Dependencies/pico-sdk/src/rp2_common/pico_double/double_aeabi_dcp.S.o
LOAD CMakeFiles/bootloader.dir/home/blankmcu/Repos/Moduri/UnitApplication/Dependencies/pico-sdk/src/rp2_common/pico_double/double_fma_dcp.S.o
LOAD CMakeFiles/bootloader.dir/home/blankmcu/Repos/Moduri/UnitApplication/Dependencies/pico-sdk/src/rp2_common/pico_double/double_sci_m33.S.o
LOAD CMakeFiles/bootloader.dir/home/blankmcu/Repos/Moduri/UnitApplication/Dependencies/pico-sdk/src/rp2_common/pico_double/double_conv_m33.S.o
LOAD CMakeFiles/bootloader.dir/home/blankmcu/Repos/Moduri/UnitApplication/Dependencies/pico-sdk/src/rp2_common/pico_float/float_math.c.o
LOAD CMakeFiles/bootloader.dir/home/blankmcu/Repos/Moduri/UnitApplication/Dependencies/pico-sdk/src/rp2_common/pico_float/float_conv32_vfp.S.o
LOAD CMakeFiles/bootloader.dir/home/blankmcu/Repos/Moduri/UnitApplication/Dependencies/pico-sdk/src/rp2_common/pico_float/float_common_m33.S.o
LOAD CMakeFiles/bootloader.dir/home/blankmcu/Repos/Moduri/UnitApplication/Dependencies/pico-sdk/src/rp2_common/pico_float/float_sci_m33_vfp.S.o
LOAD CMakeFiles/bootloader.dir/home/blankmcu/Repos/Moduri/UnitApplication/Dependencies/pico-sdk/src/rp2_common/pico_malloc/malloc.c.o
LOAD CMakeFiles/bootloader.dir/home/blankmcu/Repos/Moduri/UnitApplication/Dependencies/pico-sdk/src/rp2_common/pico_atomic/atomic.c.o
LOAD CMakeFiles/bootloader.dir/home/blankmcu/Repos/Moduri/UnitApplication/Dependencies/pico-sdk/src/rp2_common/pico_cxx_options/new_delete.cpp.o
LOAD CMakeFiles/bootloader.dir/home/blankmcu/Repos/Moduri/UnitApplication/Dependencies/pico-sdk/src/rp2_common/pico_standard_binary_info/standard_binary_info.c.o
LOAD CMakeFiles/bootloader.dir/home/blankmcu/Repos/Moduri/UnitApplication/Dependencies/pico-sdk/src/rp2_common/pico_printf/printf.c.o
LOAD CMakeFiles/bootloader.dir/home/blankmcu/Repos/Moduri/UnitApplication/Dependencies/pico-sdk/src/rp2_common/pico_crt0/crt0.S.o
LOAD CMakeFiles/bootloader.dir/home/blankmcu/Repos/Moduri/UnitApplication/Dependencies/pico-sdk/src/rp2_common/pico_clib_interface/newlib_interface.c.o
LOAD CMakeFiles/bootloader.dir/home/blankmcu/Repos/Moduri/UnitApplication/Dependencies/pico-sdk/src/rp2_common/pico_stdio/stdio.c.o
LOAD CMakeFiles/bootloader.dir/home/blankmcu/Repos/Moduri/UnitApplication/Dependencies/pico-sdk/src/rp2_common/pico_stdio_uart/stdio_uart.c.o
LOAD CMakeFiles/bootloader.dir/home/blankmcu/Repos/Moduri/UnitApplication/Dependencies/pico-sdk/src/rp2_common/hardware_flash/flash.c.o
LOAD CMakeFiles/bootloader.dir/home/blankmcu/Repos/Moduri/UnitApplication/Dependencies/pico-sdk/src/rp2_common/hardware_xip_cache/xip_cache.c.o
LOAD ../pico-sdk/src/rp2350/boot_stage2/CMakeFiles/bs2_default_library.dir/bs2_default_padded_checksummed.S.o
LOAD ../Common/FlashUtils/libflash_utils.a
LOAD /usr/lib/gcc/arm-none-eabi/10.3.1/../../../arm-none-eabi/lib/thumb/v8-m.main+fp/softfp/libstdc++.a
LOAD /usr/lib/gcc/arm-none-eabi/10.3.1/../../../arm-none-eabi/lib/thumb/v8-m.main+fp/softfp/libm.a
START GROUP
LOAD /usr/lib/gcc/arm-none-eabi/10.3.1/thumb/v8-m.main+fp/softfp/libgcc.a
LOAD /usr/lib/gcc/arm-none-eabi/10.3.1/../../../arm-none-eabi/lib/thumb/v8-m.main+fp/softfp/libg.a
LOAD /usr/lib/gcc/arm-none-eabi/10.3.1/../../../arm-none-eabi/lib/thumb/v8-m.main+fp/softfp/libc.a
END GROUP
START GROUP
LOAD /usr/lib/gcc/arm-none-eabi/10.3.1/thumb/v8-m.main+fp/softfp/libgcc.a
LOAD /usr/lib/gcc/arm-none-eabi/10.3.1/../../../arm-none-eabi/lib/thumb/v8-m.main+fp/softfp/libc.a
LOAD /usr/lib/gcc/arm-none-eabi/10.3.1/../../../arm-none-eabi/lib/thumb/v8-m.main+fp/softfp/libnosys.a
END GROUP
LOAD /usr/lib/gcc/arm-none-eabi/10.3.1/thumb/v8-m.main+fp/softfp/crtend.o
LOAD /usr/lib/gcc/arm-none-eabi/10.3.1/thumb/v8-m.main+fp/softfp/crtn.o
OUTPUT(bootloader.elf elf32-littlearm)
LOAD linker stubs

.rel.dyn        0x000000001000472c        0x0
 .rel.iplt      0x000000001000472c        0x0 /usr/lib/gcc/arm-none-eabi/10.3.1/thumb/v8-m.main+fp/softfp/crtbegin.o

.ARM.attributes
                0x0000000000000000       0x34
 .ARM.attributes
                0x0000000000000000       0x22 /usr/lib/gcc/arm-none-eabi/10.3.1/thumb/v8-m.main+fp/softfp/crti.o
 .ARM.attributes
                0x0000000000000022       0x36 /usr/lib/gcc/arm-none-eabi/10.3.1/thumb/v8-m.main+fp/softfp/crtbegin.o
 .ARM.attributes
                0x0000000000000058       0x38 CMakeFiles/bootloader.dir/main.c.o
 .ARM.attributes
                0x0000000000000090       0x38 CMakeFiles/bootloader.dir/home/blankmcu/Repos/Moduri/UnitApplication/Dependencies/pico-sdk/src/rp2_common/hardware_gpio/gpio.c.o
 .ARM.attributes
                0x00000000000000c8       0x38 CMakeFiles/bootloader.dir/home/blankmcu/Repos/Moduri/UnitApplication/Dependencies/pico-sdk/src/rp2_common/pico_platform_panic/panic.c.o
 .ARM.attributes
                0x0000000000000100       0x38 CMakeFiles/bootloader.dir/home/blankmcu/Repos/Moduri/UnitApplication/Dependencies/pico-sdk/src/common/hardware_claim/claim.c.o
 .ARM.attributes
                0x0000000000000138       0x38 CMakeFiles/bootloader.dir/home/blankmcu/Repos/Moduri/UnitApplication/Dependencies/pico-sdk/src/rp2_common/hardware_sync/sync.c.o
 .ARM.attributes
                0x0000000000000170       0x38 CMakeFiles/bootloader.dir/home/blankmcu/Repos/Moduri/UnitApplication/Dependencies/pico-sdk/src/rp2_common/hardware_sync_spin_lock/sync_spin_lock.c.o
 .ARM.attributes
                0x00000000000001a8       0x38 CMakeFiles/bootloader.dir/home/blankmcu/Repos/Moduri/UnitApplication/Dependencies/pico-sdk/src/rp2_common/hardware_irq/irq.c.o
 .ARM.attributes
                0x00000000000001e0       0x28 CMakeFiles/bootloader.dir/home/blankmcu/Repos/Moduri/UnitApplication/Dependencies/pico-sdk/src/rp2_common/hardware_irq/irq_handler_chain.S.o
 .ARM.attributes
                0x0000000000000208       0x38 CMakeFiles/bootloader.dir/home/blankmcu/Repos/Moduri/UnitApplication/Dependencies/pico-sdk/src/common/pico_sync/lock_core.c.o
 .ARM.attributes
                0x0000000000000240       0x38 CMakeFiles/bootloader.dir/home/blankmcu/Repos/Moduri/UnitApplication/Dependencies/pico-sdk/src/common/pico_sync/mutex.c.o
 .ARM.attributes
                0x0000000000000278       0x38 CMakeFiles/bootloader.dir/home/blankmcu/Repos/Moduri/UnitApplication/Dependencies/pico-sdk/src/common/pico_time/time.c.o
 .ARM.attributes
                0x00000000000002b0       0x38 CMakeFiles/bootloader.dir/home/blankmcu/Repos/Moduri/UnitApplication/Dependencies/pico-sdk/src/rp2_common/hardware_timer/timer.c.o
 .ARM.attributes
                0x00000000000002e8       0x38 CMakeFiles/bootloader.dir/home/blankmcu/Repos/Moduri/UnitApplication/Dependencies/pico-sdk/src/rp2_common/hardware_uart/uart.c.o
 .ARM.attributes
                0x0000000000000320       0x38 CMakeFiles/bootloader.dir/home/blankmcu/Repos/Moduri/UnitApplication/Dependencies/pico-sdk/src/rp2_common/hardware_clocks/clocks.c.o
 .ARM.attributes
                0x0000000000000358       0x38 CMakeFiles/bootloader.dir/home/blankmcu/Repos/Moduri/UnitApplication/Dependencies/pico-sdk/src/rp2_common/hardware_pll/pll.c.o
 .ARM.attributes
                0x0000000000000390       0x38 CMakeFiles/bootloader.dir/home/blankmcu/Repos/Moduri/UnitApplication/Dependencies/pico-sdk/src/rp2_common/hardware_ticks/ticks.c.o
 .ARM.attributes
                0x00000000000003c8       0x38 CMakeFiles/bootloader.dir/home/blankmcu/Repos/Moduri/UnitApplication/Dependencies/pico-sdk/src/rp2_common/pico_bootrom/bootrom.c.o
 .ARM.attributes
                0x0000000000000400       0x38 CMakeFiles/bootloader.dir/home/blankmcu/Repos/Moduri/UnitApplication/Dependencies/pico-sdk/src/rp2_common/pico_bootrom/bootrom_lock.c.o
 .ARM.attributes
                0x0000000000000438       0x38 CMakeFiles/bootloader.dir/home/blankmcu/Repos/Moduri/UnitApplication/Dependencies/pico-sdk/src/rp2_common/hardware_boot_lock/boot_lock.c.o
 .ARM.attributes
                0x0000000000000470       0x38 CMakeFiles/bootloader.dir/home/blankmcu/Repos/Moduri/UnitApplication/Dependencies/pico-sdk/src/rp2_common/hardware_xosc/xosc.c.o
 .ARM.attributes
                0x00000000000004a8       0x38 CMakeFiles/bootloader.dir/home/blankmcu/Repos/Moduri/UnitApplication/Dependencies/pico-sdk/src/rp2_common/pico_runtime/runtime.c.o
 .ARM.attributes
                0x00000000000004e0       0x38 CMakeFiles/bootloader.dir/home/blankmcu/Repos/Moduri/UnitApplication/Dependencies/pico-sdk/src/rp2_common/pico_runtime_init/runtime_init.c.o
 .ARM.attributes
                0x0000000000000518       0x38 CMakeFiles/bootloader.dir/home/blankmcu/Repos/Moduri/UnitApplication/Dependencies/pico-sdk/src/rp2_common/pico_runtime_init/runtime_init_clocks.c.o
 .ARM.attributes
                0x0000000000000550       0x28 CMakeFiles/bootloader.dir/home/blankmcu/Repos/Moduri/UnitApplication/Dependencies/pico-sdk/src/rp2_common/pico_double/double_aeabi_dcp.S.o
 .ARM.attributes
                0x0000000000000578       0x38 CMakeFiles/bootloader.dir/home/blankmcu/Repos/Moduri/UnitApplication/Dependencies/pico-sdk/src/rp2_common/pico_standard_binary_info/standard_binary_info.c.o
 .ARM.attributes
                0x00000000000005b0       0x38 CMakeFiles/bootloader.dir/home/blankmcu/Repos/Moduri/UnitApplication/Dependencies/pico-sdk/src/rp2_common/pico_printf/printf.c.o
 .ARM.attributes
                0x00000000000005e8       0x28 CMakeFiles/bootloader.dir/home/blankmcu/Repos/Moduri/UnitApplication/Dependencies/pico-sdk/src/rp2_common/pico_crt0/crt0.S.o
 .ARM.attributes
                0x0000000000000610       0x38 CMakeFiles/bootloader.dir/home/blankmcu/Repos/Moduri/UnitApplication/Dependencies/pico-sdk/src/rp2_common/pico_clib_interface/newlib_interface.c.o
 .ARM.attributes
                0x0000000000000648       0x38 CMakeFiles/bootloader.dir/home/blankmcu/Repos/Moduri/UnitApplication/Dependencies/pico-sdk/src/rp2_common/pico_stdio/stdio.c.o
 .ARM.attributes
                0x0000000000000680       0x38 CMakeFiles/bootloader.dir/home/blankmcu/Repos/Moduri/UnitApplication/Dependencies/pico-sdk/src/rp2_common/pico_stdio_uart/stdio_uart.c.o
 .ARM.attributes
                0x00000000000006b8       0x38 CMakeFiles/bootloader.dir/home/blankmcu/Repos/Moduri/UnitApplication/Dependencies/pico-sdk/src/rp2_common/hardware_flash/flash.c.o
 .ARM.attributes
                0x00000000000006f0       0x38 CMakeFiles/bootloader.dir/home/blankmcu/Repos/Moduri/UnitApplication/Dependencies/pico-sdk/src/rp2_common/hardware_xip_cache/xip_cache.c.o
 .ARM.attributes
                0x0000000000000728       0x38 ../Common/FlashUtils/libflash_utils.a(flash_operations.c.o)
 .ARM.attributes
                0x0000000000000760       0x22 /usr/lib/gcc/arm-none-eabi/10.3.1/thumb/v8-m.main+fp/softfp/libgcc.a(_aeabi_uldivmod.o)
 .ARM.attributes
                0x0000000000000782       0x36 /usr/lib/gcc/arm-none-eabi/10.3.1/thumb/v8-m.main+fp/softfp/libgcc.a(_udivmoddi4.o)
 .ARM.attributes
                0x00000000000007b8       0x22 /usr/lib/gcc/arm-none-eabi/10.3.1/thumb/v8-m.main+fp/softfp/libgcc.a(_dvmd_tls.o)
 .ARM.attributes
                0x00000000000007da       0x20 /usr/lib/gcc/arm-none-eabi/10.3.1/../../../arm-none-eabi/lib/thumb/v8-m.main+fp/softfp/libg.a(lib_a-memcpy.o)
 .ARM.attributes
                0x00000000000007fa       0x36 /usr/lib/gcc/arm-none-eabi/10.3.1/../../../arm-none-eabi/lib/thumb/v8-m.main+fp/softfp/libg.a(lib_a-memset.o)
 .ARM.attributes
                0x0000000000000830       0x36 /usr/lib/gcc/arm-none-eabi/10.3.1/../../../arm-none-eabi/lib/thumb/v8-m.main+fp/softfp/libg.a(lib_a-strlen-stub.o)
 .ARM.attributes
                0x0000000000000866       0x34 /usr/lib/gcc/arm-none-eabi/10.3.1/thumb/v8-m.main+fp/softfp/crtend.o

.comment        0x0000000000000000       0x33
 .comment       0x0000000000000000       0x33 /usr/lib/gcc/arm-none-eabi/10.3.1/thumb/v8-m.main+fp/softfp/crtbegin.o
                                         0x34 (size before relaxing)
 .comment       0x0000000000000033       0x34 CMakeFiles/bootloader.dir/main.c.o
 .comment       0x0000000000000033       0x34 CMakeFiles/bootloader.dir/home/blankmcu/Repos/Moduri/UnitApplication/Dependencies/pico-sdk/src/rp2_common/hardware_gpio/gpio.c.o
 .comment       0x0000000000000033       0x34 CMakeFiles/bootloader.dir/home/blankmcu/Repos/Moduri/UnitApplication/Dependencies/pico-sdk/src/rp2_common/pico_platform_panic/panic.c.o
 .comment       0x0000000000000033       0x34 CMakeFiles/bootloader.dir/home/blankmcu/Repos/Moduri/UnitApplication/Dependencies/pico-sdk/src/common/hardware_claim/claim.c.o
 .comment       0x0000000000000033       0x34 CMakeFiles/bootloader.dir/home/blankmcu/Repos/Moduri/UnitApplication/Dependencies/pico-sdk/src/rp2_common/hardware_sync/sync.c.o
 .comment       0x0000000000000033       0x34 CMakeFiles/bootloader.dir/home/blankmcu/Repos/Moduri/UnitApplication/Dependencies/pico-sdk/src/rp2_common/hardware_sync_spin_lock/sync_spin_lock.c.o
 .comment       0x0000000000000033       0x34 CMakeFiles/bootloader.dir/home/blankmcu/Repos/Moduri/UnitApplication/Dependencies/pico-sdk/src/rp2_common/hardware_irq/irq.c.o