Archive member included to satisfy reference by file (symbol)

/usr/lib/gcc/arm-none-eabi/10.3.1/thumb/v6-m/nofp/libgcc.a(_dvmd_tls.o)
                              CMakeFiles/moduri.dir/home/blankmcu/pico/pico-sdk/src/rp2_common/pico_divider/divider_hardware.S.o (__aeabi_idiv0)
/usr/lib/gcc/arm-none-eabi/10.3.1/../../../arm-none-eabi/lib/thumb/v6-m/nofp/libg.a(lib_a-atexit.o)
                              /usr/lib/gcc/arm-none-eabi/10.3.1/../../../arm-none-eabi/lib/thumb/v6-m/nofp/crt0.o (atexit)
/usr/lib/gcc/arm-none-eabi/10.3.1/../../../arm-none-eabi/lib/thumb/v6-m/nofp/libg.a(lib_a-atoi.o)
                              CMakeFiles/moduri.dir/WiFi/Source/WiFi_UDP.c.o (atoi)
/usr/lib/gcc/arm-none-eabi/10.3.1/../../../arm-none-eabi/lib/thumb/v6-m/nofp/libg.a(lib_a-calloc.o)
                              CMakeFiles/moduri.dir/home/blankmcu/pico/pico-sdk/src/rp2_common/pico_malloc/malloc.c.o (calloc)
/usr/lib/gcc/arm-none-eabi/10.3.1/../../../arm-none-eabi/lib/thumb/v6-m/nofp/libg.a(lib_a-callocr.o)
                              /usr/lib/gcc/arm-none-eabi/10.3.1/../../../arm-none-eabi/lib/thumb/v6-m/nofp/libg.a(lib_a-calloc.o) (_calloc_r)
/usr/lib/gcc/arm-none-eabi/10.3.1/../../../arm-none-eabi/lib/thumb/v6-m/nofp/libg.a(lib_a-ctype_.o)
                              CMakeFiles/moduri.dir/home/blankmcu/pico/pico-sdk/lib/lwip/src/core/dns.c.o (_ctype_)
/usr/lib/gcc/arm-none-eabi/10.3.1/../../../arm-none-eabi/lib/thumb/v6-m/nofp/libg.a(lib_a-fini.o)
                              /usr/lib/gcc/arm-none-eabi/10.3.1/../../../arm-none-eabi/lib/thumb/v6-m/nofp/crt0.o (__libc_fini_array)
/usr/lib/gcc/arm-none-eabi/10.3.1/../../../arm-none-eabi/lib/thumb/v6-m/nofp/libg.a(lib_a-impure.o)
                              /usr/lib/gcc/arm-none-eabi/10.3.1/../../../arm-none-eabi/lib/thumb/v6-m/nofp/libg.a(lib_a-calloc.o) (_impure_ptr)
/usr/lib/gcc/arm-none-eabi/10.3.1/../../../arm-none-eabi/lib/thumb/v6-m/nofp/libg.a(lib_a-init.o)
                              /usr/lib/gcc/arm-none-eabi/10.3.1/../../../arm-none-eabi/lib/thumb/v6-m/nofp/crt0.o (__libc_init_array)
/usr/lib/gcc/arm-none-eabi/10.3.1/../../../arm-none-eabi/lib/thumb/v6-m/nofp/libg.a(lib_a-lcltime_r.o)
                              CMakeFiles/moduri.dir/home/blankmcu/pico/pico-sdk/src/common/pico_util/datetime.c.o (localtime_r)
/usr/lib/gcc/arm-none-eabi/10.3.1/../../../arm-none-eabi/lib/thumb/v6-m/nofp/libg.a(lib_a-malloc.o)
                              CMakeFiles/moduri.dir/home/blankmcu/pico/pico-sdk/src/rp2_common/pico_malloc/malloc.c.o (malloc)
/usr/lib/gcc/arm-none-eabi/10.3.1/../../../arm-none-eabi/lib/thumb/v6-m/nofp/libg.a(lib_a-mallocr.o)
                              /usr/lib/gcc/arm-none-eabi/10.3.1/../../../arm-none-eabi/lib/thumb/v6-m/nofp/libg.a(lib_a-callocr.o) (_malloc_r)
/usr/lib/gcc/arm-none-eabi/10.3.1/../../../arm-none-eabi/lib/thumb/v6-m/nofp/libg.a(lib_a-memcmp.o)
                              CMakeFiles/moduri.dir/WiFi/Source/WiFi_DHCP_server.c.o (memcmp)
/usr/lib/gcc/arm-none-eabi/10.3.1/../../../arm-none-eabi/lib/thumb/v6-m/nofp/libg.a(lib_a-memmove.o)
                              CMakeFiles/moduri.dir/home/blankmcu/pico/pico-sdk/lib/lwip/src/core/def.c.o (memmove)
/usr/lib/gcc/arm-none-eabi/10.3.1/../../../arm-none-eabi/lib/thumb/v6-m/nofp/libg.a(lib_a-mktime.o)
                              CMakeFiles/moduri.dir/home/blankmcu/pico/pico-sdk/src/common/pico_util/datetime.c.o (mktime)
/usr/lib/gcc/arm-none-eabi/10.3.1/../../../arm-none-eabi/lib/thumb/v6-m/nofp/libg.a(lib_a-mlock.o)
                              /usr/lib/gcc/arm-none-eabi/10.3.1/../../../arm-none-eabi/lib/thumb/v6-m/nofp/libg.a(lib_a-mallocr.o) (__malloc_lock)
/usr/lib/gcc/arm-none-eabi/10.3.1/../../../arm-none-eabi/lib/thumb/v6-m/nofp/libg.a(lib_a-month_lengths.o)
                              /usr/lib/gcc/arm-none-eabi/10.3.1/../../../arm-none-eabi/lib/thumb/v6-m/nofp/libg.a(lib_a-lcltime_r.o) (__month_lengths)
/usr/lib/gcc/arm-none-eabi/10.3.1/../../../arm-none-eabi/lib/thumb/v6-m/nofp/libg.a(lib_a-realloc.o)
                              CMakeFiles/moduri.dir/home/blankmcu/pico/pico-sdk/src/rp2_common/pico_malloc/malloc.c.o (realloc)
/usr/lib/gcc/arm-none-eabi/10.3.1/../../../arm-none-eabi/lib/thumb/v6-m/nofp/libg.a(lib_a-reallocr.o)
                              /usr/lib/gcc/arm-none-eabi/10.3.1/../../../arm-none-eabi/lib/thumb/v6-m/nofp/libg.a(lib_a-realloc.o) (_realloc_r)
/usr/lib/gcc/arm-none-eabi/10.3.1/../../../arm-none-eabi/lib/thumb/v6-m/nofp/libg.a(lib_a-reent.o)
                              CMakeFiles/moduri.dir/home/blankmcu/pico/pico-sdk/lib/lwip/src/api/if_api.c.o (errno)
/usr/lib/gcc/arm-none-eabi/10.3.1/../../../arm-none-eabi/lib/thumb/v6-m/nofp/libg.a(lib_a-sbrkr.o)
                              /usr/lib/gcc/arm-none-eabi/10.3.1/../../../arm-none-eabi/lib/thumb/v6-m/nofp/libg.a(lib_a-mallocr.o) (_sbrk_r)
/usr/lib/gcc/arm-none-eabi/10.3.1/../../../arm-none-eabi/lib/thumb/v6-m/nofp/libg.a(lib_a-sscanf.o)
[...]
Memory Configuration

Name             Origin             Length             Attributes
FLASH            0x0000000010000000 0x0000000000200000 xr
RAM              0x0000000020000000 0x0000000000040000 xrw
SCRATCH_X        0x0000000020040000 0x0000000000001000 xrw
SCRATCH_Y        0x0000000020041000 0x0000000000001000 xrw
*default*        0x0000000000000000 0xffffffffffffffff

Linker script and memory map

LOAD /usr/lib/gcc/arm-none-eabi/10.3.1/thumb/v6-m/nofp/crti.o
LOAD /usr/lib/gcc/arm-none-eabi/10.3.1/thumb/v6-m/nofp/crtbegin.o
LOAD /usr/lib/gcc/arm-none-eabi/10.3.1/../../../arm-none-eabi/lib/thumb/v6-m/nofp/crt0.o

.flash_begin    0x0000000010000000        0x0
                0x0000000010000000                __flash_binary_start = .

.boot2          0x0000000010000000      0x100
                0x0000000010000000                __boot2_start__ = .
 *(.boot2)
 .boot2         0x0000000010000000      0x100 ../pico-sdk/src/rp2040/boot_stage2/CMakeFiles/bs2_default_library.dir/bs2_default_padded_checksummed.S.o
                0x0000000010000100                __boot2_end__ = .
                0x0000000000000001                ASSERT (((__boot2_end__ - __boot2_start__) == 0x100), ERROR: Pico second stage bootloader must be 256 bytes in size)

.text           0x0000000010000100    0x1cdc8
                0x0000000010000100                __logical_binary_start = .
 *(.vectors)
 .vectors       0x0000000010000100       0xd4 CMakeFiles/moduri.dir/home/blankmcu/pico/pico-sdk/src/rp2_common/pico_crt0/crt0.S.o
                0x0000000010000100                __vectors
                0x0000000010000100                __VECTOR_TABLE
                0x00000000100001c0                isr_invalid
                0x00000000100001c0                __default_isrs_start
                0x00000000100001c2                isr_nmi
                0x00000000100001c4                isr_hardfault
                0x00000000100001c6                isr_svcall
                0x00000000100001c8                isr_pendsv
                0x00000000100001ca                isr_systick
                0x00000000100001cc                isr_irq30
                0x00000000100001cc                __unhandled_user_irq
                0x00000000100001cc                isr_irq13
                0x00000000100001cc                isr_irq27
                0x00000000100001cc                isr_irq31
                0x00000000100001cc                isr_irq5
                0x00000000100001cc                isr_irq11
                0x00000000100001cc                isr_irq23
                0x00000000100001cc                isr_irq18
                0x00000000100001cc                isr_irq28
                0x00000000100001cc                isr_irq19
                0x00000000100001cc                isr_irq0
                0x00000000100001cc                isr_irq6
                0x00000000100001cc                isr_irq22
                0x00000000100001cc                isr_irq17
                0x00000000100001cc                isr_irq14
                0x00000000100001cc                isr_irq2
                0x00000000100001cc                isr_irq10
                0x00000000100001cc                isr_irq8
                0x00000000100001cc                isr_irq24
                0x00000000100001cc                isr_irq1
                0x00000000100001cc                isr_irq7
                0x00000000100001cc                isr_irq21
                0x00000000100001cc                isr_irq20
                0x00000000100001cc                isr_irq15
                0x00000000100001cc                isr_irq25
                0x00000000100001cc                isr_irq4
                0x00000000100001cc                isr_irq16
                0x00000000100001cc                isr_irq29
                0x00000000100001cc                isr_irq26
                0x00000000100001cc                __default_isrs_end
                0x00000000100001cc                isr_irq3
                0x00000000100001cc                isr_irq12
                0x00000000100001cc                isr_irq9
                0x00000000100001d2                unhandled_user_irq_num_in_r0
 *(.binary_info_header)
 .binary_info_header
                0x00000000100001d4       0x14 CMakeFiles/moduri.dir/home/blankmcu/pico/pico-sdk/src/rp2_common/pico_crt0/crt0.S.o
                0x00000000100001e8                __binary_info_header_end = .
 *(.embedded_block)
                0x00000000100001e8                __embedded_block_end = .
 *(.reset)
 .reset         0x00000000100001e8       0x9c CMakeFiles/moduri.dir/home/blankmcu/pico/pico-sdk/src/rp2_common/pico_crt0/crt0.S.o
                0x00000000100001e8                _entry_point
 *(.init)
 .init          0x0000000010000284        0x4 /usr/lib/gcc/arm-none-eabi/10.3.1/thumb/v6-m/nofp/crti.o
                0x0000000010000284                _init
 *(EXCLUDE_FILE(*libm.a: *libc.a:*lib_a-mem*.o *libgcc.a:) .text*)
 .text          0x0000000010000288       0x98 /usr/lib/gcc/arm-none-eabi/10.3.1/thumb/v6-m/nofp/crtbegin.o
 .text.setupHardware
                0x0000000010000320        0x8 CMakeFiles/moduri.dir/main.c.o
 .text.main     0x0000000010000328        0xe CMakeFiles/moduri.dir/main.c.o
                0x0000000010000328                main
 *fill*         0x0000000010000336        0x2 
 .text.monitorTask
                0x0000000010000338       0x18 CMakeFiles/moduri.dir/OS/Source/OS_manager.c.o
 .text.networkTask
                0x0000000010000350       0x30 CMakeFiles/moduri.dir/OS/Source/OS_manager.c.o
 .text.OS_start
                0x0000000010000380       0xa0 CMakeFiles/moduri.dir/OS/Source/OS_manager.c.o
                0x0000000010000380                OS_start
 .text.vApplicationMallocFailedHook
                0x0000000010000420       0x10 CMakeFiles/moduri.dir/OS/Source/OS_hooks.c.o
                0x0000000010000420                vApplicationMallocFailedHook
 .text.CriticalErrorHandler
                0x0000000010000430       0x18 CMakeFiles/moduri.dir/Misc/Source/Common.c.o
                0x0000000010000430                CriticalErrorHandler
 .text.vAssertCalled
                0x0000000010000448       0x14 CMakeFiles/moduri.dir/Misc/Source/Common.c.o
                0x0000000010000448                vAssertCalled
 .text.dns_socket_sendto
                0x000000001000045c       0x80 CMakeFiles/moduri.dir/WiFi/Source/WiFi_DNS_server.c.o
 .text.dns_server_process
                0x00000000100004dc       0xec CMakeFiles/moduri.dir/WiFi/Source/WiFi_DNS_server.c.o
 .text.dns_socket_new_dgram
                0x00000000100005c8       0x24 CMakeFiles/moduri.dir/WiFi/Source/WiFi_DNS_server.c.o
 .text.dns_socket_bind
                0x00000000100005ec       0x5c CMakeFiles/moduri.dir/WiFi/Source/WiFi_DNS_server.c.o
 .text.dns_server_init
                0x0000000010000648       0x2c CMakeFiles/moduri.dir/WiFi/Source/WiFi_DNS_server.c.o
                0x0000000010000648                dns_server_init
 .text.opt_find
                0x0000000010000674       0x30 CMakeFiles/moduri.dir/WiFi/Source/WiFi_DHCP_server.c.o
 .text.opt_write_u8
                0x00000000100006a4       0x10 CMakeFiles/moduri.dir/WiFi/Source/WiFi_DHCP_server.c.o
 .text.opt_write_u32
                0x00000000100006b4       0x1c CMakeFiles/moduri.dir/WiFi/Source/WiFi_DHCP_server.c.o
 .text.opt_write_n
                0x00000000100006d0       0x1e CMakeFiles/moduri.dir/WiFi/Source/WiFi_DHCP_server.c.o
 *fill*         0x00000000100006ee        0x2 
 .text.dhcp_socket_sendto
                0x00000000100006f0       0xa8 CMakeFiles/moduri.dir/WiFi/Source/WiFi_DHCP_server.c.o
 .text.dhcp_socket_new_dgram
                0x0000000010000798       0x24 CMakeFiles/moduri.dir/WiFi/Source/WiFi_DHCP_server.c.o
 .text.dhcp_socket_bind
                0x00000000100007bc       0x14 CMakeFiles/moduri.dir/WiFi/Source/WiFi_DHCP_server.c.o
 .text.dhcp_server_process
                0x00000000100007d0      0x250 CMakeFiles/moduri.dir/WiFi/Source/WiFi_DHCP_server.c.o
 .text.dhcp_server_init
                0x0000000010000a20       0x38 CMakeFiles/moduri.dir/WiFi/Source/WiFi_DHCP_server.c.o
                0x0000000010000a20                dhcp_server_init
 .text.test_server_content
                0x0000000010000a58       0xc0 CMakeFiles/moduri.dir/WiFi/Source/WiFi_HTTP.c.o
 .text.process_HTTP_response
                0x0000000010000b18      0x174 CMakeFiles/moduri.dir/WiFi/Source/WiFi_HTTP.c.o
                0x0000000010000b18                process_HTTP_response
 .text.tcp_server_open
                0x0000000010000c8c       0x98 CMakeFiles/moduri.dir/WiFi/Source/WiFi_TCP.c.o
 .text.tcp_server_accept_callback
                0x0000000010000d24       0x70 CMakeFiles/moduri.dir/WiFi/Source/WiFi_TCP.c.o
 .text.tcp_server_close
                0x0000000010000d94       0x4c CMakeFiles/moduri.dir/WiFi/Source/WiFi_TCP.c.o
 .text.start_TCP_server
                0x0000000010000de0      0x108 CMakeFiles/moduri.dir/WiFi/Source/WiFi_TCP.c.o
                0x0000000010000de0                start_TCP_server
 .text.tcp_server_process_recv_message
                0x0000000010000ee8       0xa0 CMakeFiles/moduri.dir/WiFi/Source/WiFi_TCP.c.o
                0x0000000010000ee8                tcp_server_process_recv_message
 .text.tcp_server_send
                0x0000000010000f88       0x60 CMakeFiles/moduri.dir/WiFi/Source/WiFi_TCP.c.o
                0x0000000010000f88                tcp_server_send
 .text.tcp_close_client_connection
                0x0000000010000fe8       0x70 CMakeFiles/moduri.dir/WiFi/Source/WiFi_TCP.c.o
                0x0000000010000fe8                tcp_close_client_connection
 .text.tcp_server_err_callback
                0x0000000010001058       0x24 CMakeFiles/moduri.dir/WiFi/Source/WiFi_TCP.c.o
 .text.tcp_server_recv_callback
                0x000000001000107c       0xcc CMakeFiles/moduri.dir/WiFi/Source/WiFi_TCP.c.o
 .text.setupWifiAccessPoint
                0x0000000010001148       0x40 CMakeFiles/moduri.dir/WiFi/Source/WiFi_Init.c.o
                0x0000000010001148                setupWifiAccessPoint
 .text.WiFi_ProcessCommand
                0x0000000010001188       0x68 CMakeFiles/moduri.dir/WiFi/Source/WiFi_main.c.o
 .text.WiFi_ListenState
                0x00000000100011f0       0x22 CMakeFiles/moduri.dir/WiFi/Source/WiFi_main.c.o
 *fill*         0x0000000010001212        0x2 
 .text.WiFi_ActiveState
                0x0000000010001214       0x28 CMakeFiles/moduri.dir/WiFi/Source/WiFi_main.c.o
 .text.WiFi_MonitorState
                0x000000001000123c       0x34 CMakeFiles/moduri.dir/WiFi/Source/WiFi_main.c.o
 .text.WiFi_InitCommunication
                0x0000000010001270       0x18 CMakeFiles/moduri.dir/WiFi/Source/WiFi_main.c.o
 .text.WiFi_MainFunction
                0x0000000010001288       0x30 CMakeFiles/moduri.dir/WiFi/Source/WiFi_main.c.o
                0x0000000010001288                WiFi_MainFunction
 .text.Monitor_initRuntimeCounter
                0x00000000100012b8       0x14 CMakeFiles/moduri.dir/Monitor/Source/Monitor_main.c.o
                0x00000000100012b8                Monitor_initRuntimeCounter
 .text.Monitor_getRuntimeCounter
                0x00000000100012cc       0x18 CMakeFiles/moduri.dir/Monitor/Source/Monitor_main.c.o
                0x00000000100012cc                Monitor_getRuntimeCounter
 .text.clear_lwip_context
                0x00000000100012e4       0x10 CMakeFiles/moduri.dir/home/blankmcu/pico/pico-sdk/src/rp2_common/pico_lwip/lwip_freertos.c.o
 .text.tcpip_init_done
                0x00000000100012f4        0xe CMakeFiles/moduri.dir/home/blankmcu/pico/pico-sdk/src/rp2_common/pico_lwip/lwip_freertos.c.o
 *fill*         0x0000000010001302        0x2 
 .text.lwip_freertos_init
                0x0000000010001304       0x8c CMakeFiles/moduri.dir/home/blankmcu/pico/pico-sdk/src/rp2_common/pico_lwip/lwip_freertos.c.o
                0x0000000010001304                lwip_freertos_init
 .text.lwip_freertos_deinit
                0x0000000010001390       0x14 CMakeFiles/moduri.dir/home/blankmcu/pico/pico-sdk/src/rp2_common/pico_lwip/lwip_freertos.c.o
                0x0000000010001390                lwip_freertos_deinit
 .text.pico_lwip_custom_lock_tcpip_core
                0x00000000100013a4       0x2c CMakeFiles/moduri.dir/home/blankmcu/pico/pico-sdk/src/rp2_common/pico_lwip/lwip_freertos.c.o
                0x00000000100013a4                pico_lwip_custom_lock_tcpip_core
 .text.pico_lwip_custom_unlock_tcpip_core
                0x00000000100013d0       0x14 CMakeFiles/moduri.dir/home/blankmcu/pico/pico-sdk/src/rp2_common/pico_lwip/lwip_freertos.c.o
                0x00000000100013d0                pico_lwip_custom_unlock_tcpip_core
 .text.async_context_base_add_at_time_worker
                0x00000000100013e4       0x1c CMakeFiles/moduri.dir/home/blankmcu/pico/pico-sdk/src/rp2_common/pico_async_context/async_context_base.c.o
                0x00000000100013e4                async_context_base_add_at_time_worker
 .text.async_context_base_remove_at_time_worker
                0x0000000010001400       0x1c CMakeFiles/moduri.dir/home/blankmcu/pico/pico-sdk/src/rp2_common/pico_async_context/async_context_base.c.o
                0x0000000010001400                async_context_base_remove_at_time_worker
 .text.async_context_base_add_when_pending_worker
                0x000000001000141c       0x1c CMakeFiles/moduri.dir/home/blankmcu/pico/pico-sdk/src/rp2_common/pico_async_context/async_context_base.c.o
                0x000000001000141c                async_context_base_add_when_pending_worker
 .text.async_context_base_remove_when_pending_worker
                0x0000000010001438       0x1c CMakeFiles/moduri.dir/home/blankmcu/pico/pico-sdk/src/rp2_common/pico_async_context/async_context_base.c.o
                0x0000000010001438                async_context_base_remove_when_pending_worker
 .text.async_context_base_remove_ready_at_time_worker
                0x0000000010001454       0x7c CMakeFiles/moduri.dir/home/blankmcu/pico/pico-sdk/src/rp2_common/pico_async_context/async_context_base.c.o
                0x0000000010001454                async_context_base_remove_ready_at_time_worker
 .text.async_context_base_refresh_next_timeout
                0x00000000100014d0       0x48 CMakeFiles/moduri.dir/home/blankmcu/pico/pico-sdk/src/rp2_common/pico_async_context/async_context_base.c.o
                0x00000000100014d0                async_context_base_refresh_next_timeout
 .text.async_context_base_execute_once
                0x0000000010001518       0x40 CMakeFiles/moduri.dir/home/blankmcu/pico/pico-sdk/src/rp2_common/pico_async_context/async_context_base.c.o
                0x0000000010001518                async_context_base_execute_once
 .text.panic    0x0000000010001558       0x30 CMakeFiles/moduri.dir/home/blankmcu/pico/pico-sdk/src/rp2_common/pico_platform_panic/panic.c.o
                0x0000000010001558                panic
 .text.panic_unsupported
                0x0000000010001588        0xc CMakeFiles/moduri.dir/home/blankmcu/pico/pico-sdk/src/rp2_common/pico_platform_panic/panic.c.o
                0x0000000010001588                panic_unsupported
 .text.lwip_init
                0x0000000010001594       0x28 CMakeFiles/moduri.dir/home/blankmcu/pico/pico-sdk/lib/lwip/src/core/init.c.o
                0x0000000010001594                lwip_init
 .text.lwip_htons
                0x00000000100015bc        0xa CMakeFiles/moduri.dir/home/blankmcu/pico/pico-sdk/lib/lwip/src/core/def.c.o
                0x00000000100015bc                lwip_htons
 .text.lwip_htonl
                0x00000000100015c6       0x1c CMakeFiles/moduri.dir/home/blankmcu/pico/pico-sdk/lib/lwip/src/core/def.c.o
                0x00000000100015c6                lwip_htonl
 *fill*         0x00000000100015e2        0x2 
 .text.dns_backupserver_available
                0x00000000100015e4       0x28 CMakeFiles/moduri.dir/home/blankmcu/pico/pico-sdk/lib/lwip/src/core/dns.c.o
 .text.dns_create_txid
                0x000000001000160c       0x3c CMakeFiles/moduri.dir/home/blankmcu/pico/pico-sdk/lib/lwip/src/core/dns.c.o
 .text.dns_call_found
                0x0000000010001648       0xf4 CMakeFiles/moduri.dir/home/blankmcu/pico/pico-sdk/lib/lwip/src/core/dns.c.o
 .text.dns_send
                0x000000001000173c      0x178 CMakeFiles/moduri.dir/home/blankmcu/pico/pico-sdk/lib/lwip/src/core/dns.c.o
 .text.dns_check_entry
                0x00000000100018b4      0x11c CMakeFiles/moduri.dir/home/blankmcu/pico/pico-sdk/lib/lwip/src/core/dns.c.o
 .text.dns_check_entries
                0x00000000100019d0       0x16 CMakeFiles/moduri.dir/home/blankmcu/pico/pico-sdk/lib/lwip/src/core/dns.c.o
 .text.dns_init
                0x00000000100019e6        0x2 CMakeFiles/moduri.dir/home/blankmcu/pico/pico-sdk/lib/lwip/src/core/dns.c.o
                0x00000000100019e6                dns_init
 .text.dns_setserver
                0x00000000100019e8       0x28 CMakeFiles/moduri.dir/home/blankmcu/pico/pico-sdk/lib/lwip/src/core/dns.c.o
                0x00000000100019e8                dns_setserver
 .text.dns_tmr  0x0000000010001a10        0x8 CMakeFiles/moduri.dir/home/blankmcu/pico/pico-sdk/lib/lwip/src/core/dns.c.o
                0x0000000010001a10                dns_tmr
 .text.lwip_standard_chksum
                0x0000000010001a18       0xac CMakeFiles/moduri.dir/home/blankmcu/pico/pico-sdk/lib/lwip/src/core/inet_chksum.c.o
                0x0000000010001a18                lwip_standard_chksum
 .text.inet_cksum_pseudo_base
                0x0000000010001ac4       0x7c CMakeFiles/moduri.dir/home/blankmcu/pico/pico-sdk/lib/lwip/src/core/inet_chksum.c.o
 .text.inet_chksum_pseudo
                0x0000000010001b40       0x30 CMakeFiles/moduri.dir/home/blankmcu/pico/pico-sdk/lib/lwip/src/core/inet_chksum.c.o
                0x0000000010001b40                inet_chksum_pseudo
 .text.ip_chksum_pseudo
                0x0000000010001b70       0x10 CMakeFiles/moduri.dir/home/blankmcu/pico/pico-sdk/lib/lwip/src/core/inet_chksum.c.o
                0x0000000010001b70                ip_chksum_pseudo
 .text.inet_chksum
                0x0000000010001b80        0xc CMakeFiles/moduri.dir/home/blankmcu/pico/pico-sdk/lib/lwip/src/core/inet_chksum.c.o
                0x0000000010001b80                inet_chksum
 .text.inet_chksum_pbuf
                0x0000000010001b8c       0x52 CMakeFiles/moduri.dir/home/blankmcu/pico/pico-sdk/lib/lwip/src/core/inet_chksum.c.o
                0x0000000010001b8c                inet_chksum_pbuf
 *fill*         0x0000000010001bde        0x2 
 .text.ptr_to_mem
                0x0000000010001be0        0xc CMakeFiles/moduri.dir/home/blankmcu/pico/pico-sdk/lib/lwip/src/core/mem.c.o
 .text.mem_to_ptr
                0x0000000010001bec       0x10 CMakeFiles/moduri.dir/home/blankmcu/pico/pico-sdk/lib/lwip/src/core/mem.c.o
 .text.mem_link_valid
                0x0000000010001bfc       0x5c CMakeFiles/moduri.dir/home/blankmcu/pico/pico-sdk/lib/lwip/src/core/mem.c.o
 .text.plug_holes
                0x0000000010001c58       0xd4 CMakeFiles/moduri.dir/home/blankmcu/pico/pico-sdk/lib/lwip/src/core/mem.c.o
 .text.mem_init
                0x0000000010001d2c       0x5c CMakeFiles/moduri.dir/home/blankmcu/pico/pico-sdk/lib/lwip/src/core/mem.c.o
                0x0000000010001d2c                mem_init
 .text.mem_free
                0x0000000010001d88       0x94 CMakeFiles/moduri.dir/home/blankmcu/pico/pico-sdk/lib/lwip/src/core/mem.c.o
                0x0000000010001d88                mem_free
 .text.mem_trim
                0x0000000010001e1c      0x14c CMakeFiles/moduri.dir/home/blankmcu/pico/pico-sdk/lib/lwip/src/core/mem.c.o
                0x0000000010001e1c                mem_trim
 .text.mem_malloc
                0x0000000010001f68      0x14c CMakeFiles/moduri.dir/home/blankmcu/pico/pico-sdk/lib/lwip/src/core/mem.c.o
                0x0000000010001f68                mem_malloc
 .text.do_memp_malloc_pool
                0x00000000100020b4       0x30 CMakeFiles/moduri.dir/home/blankmcu/pico/pico-sdk/lib/lwip/src/core/memp.c.o
 .text.do_memp_free_pool
                0x00000000100020e4       0x28 CMakeFiles/moduri.dir/home/blankmcu/pico/pico-sdk/lib/lwip/src/core/memp.c.o
 .text.memp_init_pool
                0x000000001000210c       0x2a CMakeFiles/moduri.dir/home/blankmcu/pico/pico-sdk/lib/lwip/src/core/memp.c.o
                0x000000001000210c                memp_init_pool
 *fill*         0x0000000010002136        0x2 
 .text.memp_init
                0x0000000010002138       0x20 CMakeFiles/moduri.dir/home/blankmcu/pico/pico-sdk/lib/lwip/src/core/memp.c.o
                0x0000000010002138                memp_init
 .text.memp_malloc
                0x0000000010002158       0x24 CMakeFiles/moduri.dir/home/blankmcu/pico/pico-sdk/lib/lwip/src/core/memp.c.o
                0x0000000010002158                memp_malloc
 .text.memp_free
                0x000000001000217c       0x28 CMakeFiles/moduri.dir/home/blankmcu/pico/pico-sdk/lib/lwip/src/core/memp.c.o
                0x000000001000217c                memp_free
 .text.netif_do_set_netmask
                0x00000000100021a4       0x1a CMakeFiles/moduri.dir/home/blankmcu/pico/pico-sdk/lib/lwip/src/core/netif.c.o
 .text.netif_do_set_gw
                0x00000000100021be       0x1a CMakeFiles/moduri.dir/home/blankmcu/pico/pico-sdk/lib/lwip/src/core/netif.c.o
 .text.netif_null_output_ip4
                0x00000000100021d8        0x6 CMakeFiles/moduri.dir/home/blankmcu/pico/pico-sdk/lib/lwip/src/core/netif.c.o
 .text.netif_do_ip_addr_changed
                0x00000000100021de       0x1c CMakeFiles/moduri.dir/home/blankmcu/pico/pico-sdk/lib/lwip/src/core/netif.c.o
 *fill*         0x00000000100021fa        0x2 
 .text.netif_issue_reports
                0x00000000100021fc       0x34 CMakeFiles/moduri.dir/home/blankmcu/pico/pico-sdk/lib/lwip/src/core/netif.c.o
 .text.netif_do_set_ipaddr
                0x0000000010002230       0x54 CMakeFiles/moduri.dir/home/blankmcu/pico/pico-sdk/lib/lwip/src/core/netif.c.o
 .text.netif_init
                0x0000000010002284        0x2 CMakeFiles/moduri.dir/home/blankmcu/pico/pico-sdk/lib/lwip/src/core/netif.c.o
                0x0000000010002284                netif_init
 *fill*         0x0000000010002286        0x2 
 .text.netif_set_addr
                0x0000000010002288       0x78 CMakeFiles/moduri.dir/home/blankmcu/pico/pico-sdk/lib/lwip/src/core/netif.c.o
                0x0000000010002288                netif_set_addr
 .text.netif_add
                0x0000000010002300      0x124 CMakeFiles/moduri.dir/home/blankmcu/pico/pico-sdk/lib/lwip/src/core/netif.c.o
                0x0000000010002300                netif_add
 .text.netif_set_default
                0x0000000010002424        0xc CMakeFiles/moduri.dir/home/blankmcu/pico/pico-sdk/lib/lwip/src/core/netif.c.o
                0x0000000010002424                netif_set_default
 .text.netif_set_up
                0x0000000010002430       0x34 CMakeFiles/moduri.dir/home/blankmcu/pico/pico-sdk/lib/lwip/src/core/netif.c.o
                0x0000000010002430                netif_set_up
 .text.netif_set_down
                0x0000000010002464       0x38 CMakeFiles/moduri.dir/home/blankmcu/pico/pico-sdk/lib/lwip/src/core/netif.c.o
                0x0000000010002464                netif_set_down
 .text.netif_remove
                0x000000001000249c       0x64 CMakeFiles/moduri.dir/home/blankmcu/pico/pico-sdk/lib/lwip/src/core/netif.c.o
                0x000000001000249c                netif_remove
 .text.netif_set_link_up
                0x0000000010002500       0x3c CMakeFiles/moduri.dir/home/blankmcu/pico/pico-sdk/lib/lwip/src/core/netif.c.o
                0x0000000010002500                netif_set_link_up
 .text.netif_set_link_down
                0x000000001000253c       0x2c CMakeFiles/moduri.dir/home/blankmcu/pico/pico-sdk/lib/lwip/src/core/netif.c.o
                0x000000001000253c                netif_set_link_down
 .text.netif_get_by_index
                0x0000000010002568       0x24 CMakeFiles/moduri.dir/home/blankmcu/pico/pico-sdk/lib/lwip/src/core/netif.c.o
                0x0000000010002568                netif_get_by_index
 .text.pbuf_init_alloced_pbuf
                0x000000001000258c       0x20 CMakeFiles/moduri.dir/home/blankmcu/pico/pico-sdk/lib/lwip/src/core/pbuf.c.o
 .text.pbuf_skip_const
                0x00000000100025ac       0x1a CMakeFiles/moduri.dir/home/blankmcu/pico/pico-sdk/lib/lwip/src/core/pbuf.c.o
 *fill*         0x00000000100025c6        0x2 
 .text.pbuf_add_header_impl
                0x00000000100025c8       0x68 CMakeFiles/moduri.dir/home/blankmcu/pico/pico-sdk/lib/lwip/src/core/pbuf.c.o
 .text.pbuf_pool_is_empty
                0x0000000010002630       0x40 CMakeFiles/moduri.dir/home/blankmcu/pico/pico-sdk/lib/lwip/src/core/pbuf.c.o
 .text.pbuf_free_ooseq
                0x0000000010002670       0x30 CMakeFiles/moduri.dir/home/blankmcu/pico/pico-sdk/lib/lwip/src/core/pbuf.c.o
 .text.pbuf_free_ooseq_callback
                0x00000000100026a0        0x8 CMakeFiles/moduri.dir/home/blankmcu/pico/pico-sdk/lib/lwip/src/core/pbuf.c.o
 .text.pbuf_alloc_reference
                0x00000000100026a8       0x3c CMakeFiles/moduri.dir/home/blankmcu/pico/pico-sdk/lib/lwip/src/core/pbuf.c.o
                0x00000000100026a8                pbuf_alloc_reference
 .text.pbuf_add_header
                0x00000000100026e4        0xa CMakeFiles/moduri.dir/home/blankmcu/pico/pico-sdk/lib/lwip/src/core/pbuf.c.o
                0x00000000100026e4                pbuf_add_header
 *fill*         0x00000000100026ee        0x2 
 .text.pbuf_remove_header
                0x00000000100026f0       0x50 CMakeFiles/moduri.dir/home/blankmcu/pico/pico-sdk/lib/lwip/src/core/pbuf.c.o
                0x00000000100026f0                pbuf_remove_header
 .text.pbuf_header_impl
                0x0000000010002740       0x14 CMakeFiles/moduri.dir/home/blankmcu/pico/pico-sdk/lib/lwip/src/core/pbuf.c.o
 .text.pbuf_header_force
                0x0000000010002754        0xa CMakeFiles/moduri.dir/home/blankmcu/pico/pico-sdk/lib/lwip/src/core/pbuf.c.o
                0x0000000010002754                pbuf_header_force
 *fill*         0x000000001000275e        0x2 
 .text.pbuf_free
                0x0000000010002760       0x7c CMakeFiles/moduri.dir/home/blankmcu/pico/pico-sdk/lib/lwip/src/core/pbuf.c.o
                0x0000000010002760                pbuf_free
 .text.pbuf_alloc
                0x00000000100027dc      0x148 CMakeFiles/moduri.dir/home/blankmcu/pico/pico-sdk/lib/lwip/src/core/pbuf.c.o
                0x00000000100027dc                pbuf_alloc
 .text.pbuf_realloc
                0x0000000010002924       0x84 CMakeFiles/moduri.dir/home/blankmcu/pico/pico-sdk/lib/lwip/src/core/pbuf.c.o
                0x0000000010002924                pbuf_realloc
 .text.pbuf_clen
                0x00000000100029a8       0x12 CMakeFiles/moduri.dir/home/blankmcu/pico/pico-sdk/lib/lwip/src/core/pbuf.c.o
                0x00000000100029a8                pbuf_clen
 *fill*         0x00000000100029ba        0x2 
 .text.pbuf_ref
                0x00000000100029bc       0x28 CMakeFiles/moduri.dir/home/blankmcu/pico/pico-sdk/lib/lwip/src/core/pbuf.c.o
                0x00000000100029bc                pbuf_ref
 .text.pbuf_cat
                0x00000000100029e4       0x44 CMakeFiles/moduri.dir/home/blankmcu/pico/pico-sdk/lib/lwip/src/core/pbuf.c.o
                0x00000000100029e4                pbuf_cat
 .text.pbuf_chain
                0x0000000010002a28       0x10 CMakeFiles/moduri.dir/home/blankmcu/pico/pico-sdk/lib/lwip/src/core/pbuf.c.o
                0x0000000010002a28                pbuf_chain
 .text.pbuf_copy_partial_pbuf
                0x0000000010002a38      0x13c CMakeFiles/moduri.dir/home/blankmcu/pico/pico-sdk/lib/lwip/src/core/pbuf.c.o
                0x0000000010002a38                pbuf_copy_partial_pbuf
 .text.pbuf_copy
                0x0000000010002b74       0x20 CMakeFiles/moduri.dir/home/blankmcu/pico/pico-sdk/lib/lwip/src/core/pbuf.c.o
                0x0000000010002b74                pbuf_copy
 .text.pbuf_copy_partial
                0x0000000010002b94       0x90 CMakeFiles/moduri.dir/home/blankmcu/pico/pico-sdk/lib/lwip/src/core/pbuf.c.o
                0x0000000010002b94                pbuf_copy_partial
 .text.pbuf_skip
                0x0000000010002c24        0x8 CMakeFiles/moduri.dir/home/blankmcu/pico/pico-sdk/lib/lwip/src/core/pbuf.c.o
                0x0000000010002c24                pbuf_skip
 .text.pbuf_take
                0x0000000010002c2c       0x98 CMakeFiles/moduri.dir/home/blankmcu/pico/pico-sdk/lib/lwip/src/core/pbuf.c.o
                0x0000000010002c2c                pbuf_take
 .text.pbuf_take_at
                0x0000000010002cc4       0x70 CMakeFiles/moduri.dir/home/blankmcu/pico/pico-sdk/lib/lwip/src/core/pbuf.c.o
                0x0000000010002cc4                pbuf_take_at
 .text.pbuf_clone
                0x0000000010002d34       0x2c CMakeFiles/moduri.dir/home/blankmcu/pico/pico-sdk/lib/lwip/src/core/pbuf.c.o
                0x0000000010002d34                pbuf_clone
 .text.pbuf_put_at
                0x0000000010002d60       0x26 CMakeFiles/moduri.dir/home/blankmcu/pico/pico-sdk/lib/lwip/src/core/pbuf.c.o
                0x0000000010002d60                pbuf_put_at
 *fill*         0x0000000010002d86        0x2 
 .text.raw_input_local_match
                0x0000000010002d88       0x5c CMakeFiles/moduri.dir/home/blankmcu/pico/pico-sdk/lib/lwip/src/core/raw.c.o
 .text.raw_input
                0x0000000010002de4       0xb0 CMakeFiles/moduri.dir/home/blankmcu/pico/pico-sdk/lib/lwip/src/core/raw.c.o
                0x0000000010002de4                raw_input
 .text.raw_netif_ip_addr_changed
                0x0000000010002e94       0x38 CMakeFiles/moduri.dir/home/blankmcu/pico/pico-sdk/lib/lwip/src/core/raw.c.o
                0x0000000010002e94                raw_netif_ip_addr_changed
 .text.stats_init
                0x0000000010002ecc        0x2 CMakeFiles/moduri.dir/home/blankmcu/pico/pico-sdk/lib/lwip/src/core/stats.c.o
                0x0000000010002ecc                stats_init
 *fill*         0x0000000010002ece        0x2 
 .text.tcp_new_port
                0x0000000010002ed0       0x6c CMakeFiles/moduri.dir/home/blankmcu/pico/pico-sdk/lib/lwip/src/core/tcp.c.o
 .text.tcp_remove_listener
                0x0000000010002f3c       0x24 CMakeFiles/moduri.dir/home/blankmcu/pico/pico-sdk/lib/lwip/src/core/tcp.c.o
 .text.tcp_listen_closed
                0x0000000010002f60       0x40 CMakeFiles/moduri.dir/home/blankmcu/pico/pico-sdk/lib/lwip/src/core/tcp.c.o
 .text.tcp_free_listen
                0x0000000010002fa0       0x1c CMakeFiles/moduri.dir/home/blankmcu/pico/pico-sdk/lib/lwip/src/core/tcp.c.o
 .text.tcp_close_shutdown_fin
                0x0000000010002fbc       0x68 CMakeFiles/moduri.dir/home/blankmcu/pico/pico-sdk/lib/lwip/src/core/tcp.c.o
 .text.tcp_handle_closepend
                0x0000000010003024       0x28 CMakeFiles/moduri.dir/home/blankmcu/pico/pico-sdk/lib/lwip/src/core/tcp.c.o
 .text.tcp_init
                0x000000001000304c       0x20 CMakeFiles/moduri.dir/home/blankmcu/pico/pico-sdk/lib/lwip/src/core/tcp.c.o
                0x000000001000304c                tcp_init
 .text.tcp_free
                0x000000001000306c       0x1c CMakeFiles/moduri.dir/home/blankmcu/pico/pico-sdk/lib/lwip/src/core/tcp.c.o
                0x000000001000306c                tcp_free
 .text.tcp_bind
                0x0000000010003088       0xc8 CMakeFiles/moduri.dir/home/blankmcu/pico/pico-sdk/lib/lwip/src/core/tcp.c.o
                0x0000000010003088                tcp_bind
 .text.tcp_listen_with_backlog_and_err
                0x0000000010003150       0xd0 CMakeFiles/moduri.dir/home/blankmcu/pico/pico-sdk/lib/lwip/src/core/tcp.c.o
                0x0000000010003150                tcp_listen_with_backlog_and_err
 .text.tcp_listen_with_backlog
                0x0000000010003220        0xa CMakeFiles/moduri.dir/home/blankmcu/pico/pico-sdk/lib/lwip/src/core/tcp.c.o
                0x0000000010003220                tcp_listen_with_backlog
 *fill*         0x000000001000322a        0x2 
 .text.tcp_update_rcv_ann_wnd
                0x000000001000322c       0x58 CMakeFiles/moduri.dir/home/blankmcu/pico/pico-sdk/lib/lwip/src/core/tcp.c.o
                0x000000001000322c                tcp_update_rcv_ann_wnd
 .text.tcp_recved
                0x0000000010003284       0x60 CMakeFiles/moduri.dir/home/blankmcu/pico/pico-sdk/lib/lwip/src/core/tcp.c.o
                0x0000000010003284                tcp_recved
 .text.tcp_seg_free
                0x00000000100032e4       0x1a CMakeFiles/moduri.dir/home/blankmcu/pico/pico-sdk/lib/lwip/src/core/tcp.c.o
                0x00000000100032e4                tcp_seg_free
 .text.tcp_segs_free
                0x00000000100032fe       0x12 CMakeFiles/moduri.dir/home/blankmcu/pico/pico-sdk/lib/lwip/src/core/tcp.c.o
                0x00000000100032fe                tcp_segs_free
 .text.tcp_seg_copy
                0x0000000010003310       0x2c CMakeFiles/moduri.dir/home/blankmcu/pico/pico-sdk/lib/lwip/src/core/tcp.c.o
                0x0000000010003310                tcp_seg_copy
 .text.tcp_arg  0x000000001000333c        0x8 CMakeFiles/moduri.dir/home/blankmcu/pico/pico-sdk/lib/lwip/src/core/tcp.c.o
                0x000000001000333c                tcp_arg
 .text.tcp_recv
                0x0000000010003344       0x1c CMakeFiles/moduri.dir/home/blankmcu/pico/pico-sdk/lib/lwip/src/core/tcp.c.o
                0x0000000010003344                tcp_recv
 .text.tcp_sent
                0x0000000010003360       0x1c CMakeFiles/moduri.dir/home/blankmcu/pico/pico-sdk/lib/lwip/src/core/tcp.c.o
                0x0000000010003360                tcp_sent
 .text.tcp_err  0x000000001000337c       0x1c CMakeFiles/moduri.dir/home/blankmcu/pico/pico-sdk/lib/lwip/src/core/tcp.c.o
                0x000000001000337c                tcp_err
 .text.tcp_accept
                0x0000000010003398       0x10 CMakeFiles/moduri.dir/home/blankmcu/pico/pico-sdk/lib/lwip/src/core/tcp.c.o
                0x0000000010003398                tcp_accept
 .text.tcp_poll
                0x00000000100033a8       0x2c CMakeFiles/moduri.dir/home/blankmcu/pico/pico-sdk/lib/lwip/src/core/tcp.c.o
                0x00000000100033a8                tcp_poll
 .text.tcp_next_iss
                0x00000000100033d4       0x28 CMakeFiles/moduri.dir/home/blankmcu/pico/pico-sdk/lib/lwip/src/core/tcp.c.o
                0x00000000100033d4                tcp_next_iss
 .text.tcp_eff_send_mss_netif
                0x00000000100033fc       0x34 CMakeFiles/moduri.dir/home/blankmcu/pico/pico-sdk/lib/lwip/src/core/tcp.c.o
                0x00000000100033fc                tcp_eff_send_mss_netif
 .text.tcp_free_ooseq
                0x0000000010003430       0x14 CMakeFiles/moduri.dir/home/blankmcu/pico/pico-sdk/lib/lwip/src/core/tcp.c.o
                0x0000000010003430                tcp_free_ooseq
 .text.tcp_pcb_purge
                0x0000000010003444       0x58 CMakeFiles/moduri.dir/home/blankmcu/pico/pico-sdk/lib/lwip/src/core/tcp.c.o
                0x0000000010003444                tcp_pcb_purge
 .text.tcp_pcb_remove
                0x000000001000349c       0xa4 CMakeFiles/moduri.dir/home/blankmcu/pico/pico-sdk/lib/lwip/src/core/tcp.c.o
                0x000000001000349c                tcp_pcb_remove
 .text.tcp_abandon
                0x0000000010003540      0x10c CMakeFiles/moduri.dir/home/blankmcu/pico/pico-sdk/lib/lwip/src/core/tcp.c.o
                0x0000000010003540                tcp_abandon
 .text.tcp_abort
                0x000000001000364c        0xa CMakeFiles/moduri.dir/home/blankmcu/pico/pico-sdk/lib/lwip/src/core/tcp.c.o
                0x000000001000364c                tcp_abort
 *fill*         0x0000000010003656        0x2 
 .text.tcp_accept_null
                0x0000000010003658       0x1c CMakeFiles/moduri.dir/home/blankmcu/pico/pico-sdk/lib/lwip/src/core/tcp.c.o
 .text.tcp_kill_timewait
                0x0000000010003674       0x38 CMakeFiles/moduri.dir/home/blankmcu/pico/pico-sdk/lib/lwip/src/core/tcp.c.o
 .text.tcp_kill_prio
                0x00000000100036ac       0x58 CMakeFiles/moduri.dir/home/blankmcu/pico/pico-sdk/lib/lwip/src/core/tcp.c.o
 .text.tcp_netif_ip_addr_changed_pcblist
                0x0000000010003704       0x30 CMakeFiles/moduri.dir/home/blankmcu/pico/pico-sdk/lib/lwip/src/core/tcp.c.o
 .text.tcp_netif_ip_addr_changed
                0x0000000010003734       0x54 CMakeFiles/moduri.dir/home/blankmcu/pico/pico-sdk/lib/lwip/src/core/tcp.c.o
                0x0000000010003734                tcp_netif_ip_addr_changed
 .text.tcp_kill_state
                0x0000000010003788       0x54 CMakeFiles/moduri.dir/home/blankmcu/pico/pico-sdk/lib/lwip/src/core/tcp.c.o
 .text.tcp_alloc
                0x00000000100037dc       0xcc CMakeFiles/moduri.dir/home/blankmcu/pico/pico-sdk/lib/lwip/src/core/tcp.c.o
                0x00000000100037dc                tcp_alloc
 .text.tcp_new_ip_type
                0x00000000100038a8        0xa CMakeFiles/moduri.dir/home/blankmcu/pico/pico-sdk/lib/lwip/src/core/tcp.c.o
                0x00000000100038a8                tcp_new_ip_type
 *fill*         0x00000000100038b2        0x2 
 .text.tcp_close_shutdown
                0x00000000100038b4      0x13c CMakeFiles/moduri.dir/home/blankmcu/pico/pico-sdk/lib/lwip/src/core/tcp.c.o
 .text.tcp_close
                0x00000000100039f0       0x2c CMakeFiles/moduri.dir/home/blankmcu/pico/pico-sdk/lib/lwip/src/core/tcp.c.o
                0x00000000100039f0                tcp_close
 .text.tcp_recv_null
                0x0000000010003a1c       0x3c CMakeFiles/moduri.dir/home/blankmcu/pico/pico-sdk/lib/lwip/src/core/tcp.c.o
                0x0000000010003a1c                tcp_recv_null
 .text.tcp_process_refused_data
                0x0000000010003a58       0x88 CMakeFiles/moduri.dir/home/blankmcu/pico/pico-sdk/lib/lwip/src/core/tcp.c.o
                0x0000000010003a58                tcp_process_refused_data
 .text.tcp_fasttmr
                0x0000000010003ae0       0x80 CMakeFiles/moduri.dir/home/blankmcu/pico/pico-sdk/lib/lwip/src/core/tcp.c.o
                0x0000000010003ae0                tcp_fasttmr
 .text.tcp_slowtmr
                0x0000000010003b60      0x44c CMakeFiles/moduri.dir/home/blankmcu/pico/pico-sdk/lib/lwip/src/core/tcp.c.o
                0x0000000010003b60                tcp_slowtmr
 .text.tcp_tmr  0x0000000010003fac       0x20 CMakeFiles/moduri.dir/home/blankmcu/pico/pico-sdk/lib/lwip/src/core/tcp.c.o
                0x0000000010003fac                tcp_tmr
 .text.tcp_get_next_optbyte
                0x0000000010003fcc       0x40 CMakeFiles/moduri.dir/home/blankmcu/pico/pico-sdk/lib/lwip/src/core/tcp_in.c.o
 .text.tcp_parseopt
                0x000000001000400c       0x9c CMakeFiles/moduri.dir/home/blankmcu/pico/pico-sdk/lib/lwip/src/core/tcp_in.c.o
 .text.tcp_input_delayed_close
                0x00000000100040a8       0x4c CMakeFiles/moduri.dir/home/blankmcu/pico/pico-sdk/lib/lwip/src/core/tcp_in.c.o
 .text.tcp_timewait_input
                0x00000000100040f4       0xa0 CMakeFiles/moduri.dir/home/blankmcu/pico/pico-sdk/lib/lwip/src/core/tcp_in.c.o
 .text.tcp_listen_input
                0x0000000010004194      0x15c CMakeFiles/moduri.dir/home/blankmcu/pico/pico-sdk/lib/lwip/src/core/tcp_in.c.o
 .text.tcp_free_acked_segments
                0x00000000100042f0       0xc0 CMakeFiles/moduri.dir/home/blankmcu/pico/pico-sdk/lib/lwip/src/core/tcp_in.c.o
 .text.tcp_oos_insert_segment
                0x00000000100043b0       0xd4 CMakeFiles/moduri.dir/home/blankmcu/pico/pico-sdk/lib/lwip/src/core/tcp_in.c.o
 .text.tcp_receive
                0x0000000010004484      0x9f0 CMakeFiles/moduri.dir/home/blankmcu/pico/pico-sdk/lib/lwip/src/core/tcp_in.c.o
 .text.tcp_process
                0x0000000010004e74      0x55c CMakeFiles/moduri.dir/home/blankmcu/pico/pico-sdk/lib/lwip/src/core/tcp_in.c.o
 .text.tcp_input
                0x00000000100053d0      0x674 CMakeFiles/moduri.dir/home/blankmcu/pico/pico-sdk/lib/lwip/src/core/tcp_in.c.o
                0x00000000100053d0                tcp_input
 .text.tcp_trigger_input_pcb_close
                0x0000000010005a44       0x10 CMakeFiles/moduri.dir/home/blankmcu/pico/pico-sdk/lib/lwip/src/core/tcp_in.c.o
                0x0000000010005a44                tcp_trigger_input_pcb_close
 .text.tcp_write_checks
                0x0000000010005a54       0xa8 CMakeFiles/moduri.dir/home/blankmcu/pico/pico-sdk/lib/lwip/src/core/tcp_out.c.o
 .text.tcp_output_segment_busy
                0x0000000010005afc       0x20 CMakeFiles/moduri.dir/home/blankmcu/pico/pico-sdk/lib/lwip/src/core/tcp_out.c.o
 .text.tcp_output_fill_options
                0x0000000010005b1c       0x30 CMakeFiles/moduri.dir/home/blankmcu/pico/pico-sdk/lib/lwip/src/core/tcp_out.c.o
 .text.tcp_pbuf_prealloc
                0x0000000010005b4c       0x4c CMakeFiles/moduri.dir/home/blankmcu/pico/pico-sdk/lib/lwip/src/core/tcp_out.c.o
 .text.tcp_create_segment
                0x0000000010005b98       0xf4 CMakeFiles/moduri.dir/home/blankmcu/pico/pico-sdk/lib/lwip/src/core/tcp_out.c.o
 .text.tcp_output_alloc_header_common
                0x0000000010005c8c       0xd0 CMakeFiles/moduri.dir/home/blankmcu/pico/pico-sdk/lib/lwip/src/core/tcp_out.c.o
 .text.tcp_output_alloc_header
                0x0000000010005d5c       0x3c CMakeFiles/moduri.dir/home/blankmcu/pico/pico-sdk/lib/lwip/src/core/tcp_out.c.o
 .text.tcp_rst_common
                0x0000000010005d98       0x68 CMakeFiles/moduri.dir/home/blankmcu/pico/pico-sdk/lib/lwip/src/core/tcp_out.c.o
 .text.tcp_route
                0x0000000010005e00       0x1a CMakeFiles/moduri.dir/home/blankmcu/pico/pico-sdk/lib/lwip/src/core/tcp_out.c.o
 *fill*         0x0000000010005e1a        0x2 
 .text.tcp_output_segment
                0x0000000010005e1c      0x168 CMakeFiles/moduri.dir/home/blankmcu/pico/pico-sdk/lib/lwip/src/core/tcp_out.c.o
 .text.tcp_output_control_segment_netif
                0x0000000010005f84       0x84 CMakeFiles/moduri.dir/home/blankmcu/pico/pico-sdk/lib/lwip/src/core/tcp_out.c.o
 .text.tcp_output_control_segment
                0x0000000010006008       0x44 CMakeFiles/moduri.dir/home/blankmcu/pico/pico-sdk/lib/lwip/src/core/tcp_out.c.o
 .text.tcp_write
                0x000000001000604c      0x368 CMakeFiles/moduri.dir/home/blankmcu/pico/pico-sdk/lib/lwip/src/core/tcp_out.c.o
                0x000000001000604c                tcp_write
 .text.tcp_split_unsent_seg
                0x00000000100063b4      0x1f8 CMakeFiles/moduri.dir/home/blankmcu/pico/pico-sdk/lib/lwip/src/core/tcp_out.c.o
                0x00000000100063b4                tcp_split_unsent_seg
 .text.tcp_enqueue_flags
                0x00000000100065ac      0x11c CMakeFiles/moduri.dir/home/blankmcu/pico/pico-sdk/lib/lwip/src/core/tcp_out.c.o
                0x00000000100065ac                tcp_enqueue_flags
 .text.tcp_send_fin
                0x00000000100066c8       0x68 CMakeFiles/moduri.dir/home/blankmcu/pico/pico-sdk/lib/lwip/src/core/tcp_out.c.o
                0x00000000100066c8                tcp_send_fin
 .text.tcp_rexmit_rto_prepare
                0x0000000010006730       0xac CMakeFiles/moduri.dir/home/blankmcu/pico/pico-sdk/lib/lwip/src/core/tcp_out.c.o
                0x0000000010006730                tcp_rexmit_rto_prepare
 .text.tcp_rexmit
                0x00000000100067dc       0xa4 CMakeFiles/moduri.dir/home/blankmcu/pico/pico-sdk/lib/lwip/src/core/tcp_out.c.o
                0x00000000100067dc                tcp_rexmit
 .text.tcp_rexmit_fast
                0x0000000010006880       0x68 CMakeFiles/moduri.dir/home/blankmcu/pico/pico-sdk/lib/lwip/src/core/tcp_out.c.o
                0x0000000010006880                tcp_rexmit_fast
 .text.tcp_rst  0x00000000100068e8       0x32 CMakeFiles/moduri.dir/home/blankmcu/pico/pico-sdk/lib/lwip/src/core/tcp_out.c.o
                0x00000000100068e8                tcp_rst
 .text.tcp_rst_netif
                0x000000001000691a       0x38 CMakeFiles/moduri.dir/home/blankmcu/pico/pico-sdk/lib/lwip/src/core/tcp_out.c.o
                0x000000001000691a                tcp_rst_netif
 *fill*         0x0000000010006952        0x2 
 .text.tcp_send_empty_ack
                0x0000000010006954       0x64 CMakeFiles/moduri.dir/home/blankmcu/pico/pico-sdk/lib/lwip/src/core/tcp_out.c.o
                0x0000000010006954                tcp_send_empty_ack
 .text.tcp_output
                0x00000000100069b8      0x338 CMakeFiles/moduri.dir/home/blankmcu/pico/pico-sdk/lib/lwip/src/core/tcp_out.c.o
                0x00000000100069b8                tcp_output
 .text.tcp_rexmit_rto_commit
                0x0000000010006cf0       0x24 CMakeFiles/moduri.dir/home/blankmcu/pico/pico-sdk/lib/lwip/src/core/tcp_out.c.o
                0x0000000010006cf0                tcp_rexmit_rto_commit
 .text.tcp_rexmit_rto
                0x0000000010006d14       0x24 CMakeFiles/moduri.dir/home/blankmcu/pico/pico-sdk/lib/lwip/src/core/tcp_out.c.o
                0x0000000010006d14                tcp_rexmit_rto
 .text.tcp_keepalive
                0x0000000010006d38       0x48 CMakeFiles/moduri.dir/home/blankmcu/pico/pico-sdk/lib/lwip/src/core/tcp_out.c.o
                0x0000000010006d38                tcp_keepalive
 .text.tcp_zero_window_probe
                0x0000000010006d80      0x10c CMakeFiles/moduri.dir/home/blankmcu/pico/pico-sdk/lib/lwip/src/core/tcp_out.c.o
                0x0000000010006d80                tcp_zero_window_probe
 .text.sys_timeout_abs
                0x0000000010006e8c       0x60 CMakeFiles/moduri.dir/home/blankmcu/pico/pico-sdk/lib/lwip/src/core/timeouts.c.o
 .text.lwip_cyclic_timer
                0x0000000010006eec       0x38 CMakeFiles/moduri.dir/home/blankmcu/pico/pico-sdk/lib/lwip/src/core/timeouts.c.o
 .text.sys_timeout
                0x0000000010006f24       0x2c CMakeFiles/moduri.dir/home/blankmcu/pico/pico-sdk/lib/lwip/src/core/timeouts.c.o
                0x0000000010006f24                sys_timeout
 .text.tcp_timer_needed
                0x0000000010006f50       0x40 CMakeFiles/moduri.dir/home/blankmcu/pico/pico-sdk/lib/lwip/src/core/timeouts.c.o
                0x0000000010006f50                tcp_timer_needed
 .text.tcpip_tcp_timer
                0x0000000010006f90       0x3c CMakeFiles/moduri.dir/home/blankmcu/pico/pico-sdk/lib/lwip/src/core/timeouts.c.o
 .text.sys_timeouts_init
                0x0000000010006fcc       0x24 CMakeFiles/moduri.dir/home/blankmcu/pico/pico-sdk/lib/lwip/src/core/timeouts.c.o
                0x0000000010006fcc                sys_timeouts_init
 .text.sys_check_timeouts
                0x0000000010006ff0       0x40 CMakeFiles/moduri.dir/home/blankmcu/pico/pico-sdk/lib/lwip/src/core/timeouts.c.o
                0x0000000010006ff0                sys_check_timeouts
 .text.sys_timeouts_sleeptime
                0x0000000010007030       0x34 CMakeFiles/moduri.dir/home/blankmcu/pico/pico-sdk/lib/lwip/src/core/timeouts.c.o
                0x0000000010007030                sys_timeouts_sleeptime
 .text.udp_new_port
                0x0000000010007064       0x54 CMakeFiles/moduri.dir/home/blankmcu/pico/pico-sdk/lib/lwip/src/core/udp.c.o
 .text.udp_input_local_match
                0x00000000100070b8       0x90 CMakeFiles/moduri.dir/home/blankmcu/pico/pico-sdk/lib/lwip/src/core/udp.c.o
 .text.udp_init
                0x0000000010007148       0x20 CMakeFiles/moduri.dir/home/blankmcu/pico/pico-sdk/lib/lwip/src/core/udp.c.o
                0x0000000010007148                udp_init
 .text.udp_input
                0x0000000010007168      0x210 CMakeFiles/moduri.dir/home/blankmcu/pico/pico-sdk/lib/lwip/src/core/udp.c.o
                0x0000000010007168                udp_input
 .text.udp_bind
                0x0000000010007378       0xbc CMakeFiles/moduri.dir/home/blankmcu/pico/pico-sdk/lib/lwip/src/core/udp.c.o
                0x0000000010007378                udp_bind
 .text.udp_sendto_if_src
                0x0000000010007434      0x17c CMakeFiles/moduri.dir/home/blankmcu/pico/pico-sdk/lib/lwip/src/core/udp.c.o
                0x0000000010007434                udp_sendto_if_src
 .text.udp_sendto_if
                0x00000000100075b0       0x84 CMakeFiles/moduri.dir/home/blankmcu/pico/pico-sdk/lib/lwip/src/core/udp.c.o
                0x00000000100075b0                udp_sendto_if
 .text.udp_sendto
                0x0000000010007634       0x84 CMakeFiles/moduri.dir/home/blankmcu/pico/pico-sdk/lib/lwip/src/core/udp.c.o
                0x0000000010007634                udp_sendto
 .text.udp_connect
                0x00000000100076b8       0x74 CMakeFiles/moduri.dir/home/blankmcu/pico/pico-sdk/lib/lwip/src/core/udp.c.o
                0x00000000100076b8                udp_connect
 .text.udp_recv
                0x000000001000772c       0x18 CMakeFiles/moduri.dir/home/blankmcu/pico/pico-sdk/lib/lwip/src/core/udp.c.o
                0x000000001000772c                udp_recv
 .text.udp_remove
                0x0000000010007744       0x44 CMakeFiles/moduri.dir/home/blankmcu/pico/pico-sdk/lib/lwip/src/core/udp.c.o
                0x0000000010007744                udp_remove
 .text.udp_new  0x0000000010007788       0x1c CMakeFiles/moduri.dir/home/blankmcu/pico/pico-sdk/lib/lwip/src/core/udp.c.o
                0x0000000010007788                udp_new
 .text.udp_netif_ip_addr_changed
                0x00000000100077a4       0x38 CMakeFiles/moduri.dir/home/blankmcu/pico/pico-sdk/lib/lwip/src/core/udp.c.o
                0x00000000100077a4                udp_netif_ip_addr_changed
 .text.dhcp_set_state
                0x00000000100077dc       0x10 CMakeFiles/moduri.dir/home/blankmcu/pico/pico-sdk/lib/lwip/src/core/ipv4/dhcp.c.o
 .text.dhcp_option_short
                0x00000000100077ec       0x24 CMakeFiles/moduri.dir/home/blankmcu/pico/pico-sdk/lib/lwip/src/core/ipv4/dhcp.c.o
 .text.dhcp_option
                0x0000000010007810       0x24 CMakeFiles/moduri.dir/home/blankmcu/pico/pico-sdk/lib/lwip/src/core/ipv4/dhcp.c.o
 .text.dhcp_option_byte
                0x0000000010007834       0x1c CMakeFiles/moduri.dir/home/blankmcu/pico/pico-sdk/lib/lwip/src/core/ipv4/dhcp.c.o
 .text.dhcp_option_long
                0x0000000010007850       0x34 CMakeFiles/moduri.dir/home/blankmcu/pico/pico-sdk/lib/lwip/src/core/ipv4/dhcp.c.o
 .text.dhcp_create_msg
                0x0000000010007884      0x138 CMakeFiles/moduri.dir/home/blankmcu/pico/pico-sdk/lib/lwip/src/core/ipv4/dhcp.c.o
 .text.dhcp_option_hostname
                0x00000000100079bc       0x70 CMakeFiles/moduri.dir/home/blankmcu/pico/pico-sdk/lib/lwip/src/core/ipv4/dhcp.c.o
 .text.dhcp_option_trailer
                0x0000000010007a2c       0x30 CMakeFiles/moduri.dir/home/blankmcu/pico/pico-sdk/lib/lwip/src/core/ipv4/dhcp.c.o
 .text.dhcp_rebind
                0x0000000010007a5c       0xfc CMakeFiles/moduri.dir/home/blankmcu/pico/pico-sdk/lib/lwip/src/core/ipv4/dhcp.c.o
 .text.dhcp_t2_timeout
                0x0000000010007b58       0x2e CMakeFiles/moduri.dir/home/blankmcu/pico/pico-sdk/lib/lwip/src/core/ipv4/dhcp.c.o
 *fill*         0x0000000010007b86        0x2 
 .text.dhcp_reboot
                0x0000000010007b88      0x120 CMakeFiles/moduri.dir/home/blankmcu/pico/pico-sdk/lib/lwip/src/core/ipv4/dhcp.c.o
 .text.dhcp_select
                0x0000000010007ca8      0x16c CMakeFiles/moduri.dir/home/blankmcu/pico/pico-sdk/lib/lwip/src/core/ipv4/dhcp.c.o
 .text.dhcp_handle_offer
                0x0000000010007e14       0x48 CMakeFiles/moduri.dir/home/blankmcu/pico/pico-sdk/lib/lwip/src/core/ipv4/dhcp.c.o
 .text.dhcp_discover
                0x0000000010007e5c       0xf8 CMakeFiles/moduri.dir/home/blankmcu/pico/pico-sdk/lib/lwip/src/core/ipv4/dhcp.c.o
 .text.dhcp_dec_pcb_refcount
                0x0000000010007f54       0x38 CMakeFiles/moduri.dir/home/blankmcu/pico/pico-sdk/lib/lwip/src/core/ipv4/dhcp.c.o
 .text.dhcp_inc_pcb_refcount
                0x0000000010007f8c       0x74 CMakeFiles/moduri.dir/home/blankmcu/pico/pico-sdk/lib/lwip/src/core/ipv4/dhcp.c.o
 .text.dhcp_parse_reply
                0x0000000010008000      0x2fc CMakeFiles/moduri.dir/home/blankmcu/pico/pico-sdk/lib/lwip/src/core/ipv4/dhcp.c.o
 .text.dhcp_handle_ack
                0x00000000100082fc       0xd0 CMakeFiles/moduri.dir/home/blankmcu/pico/pico-sdk/lib/lwip/src/core/ipv4/dhcp.c.o
 .text.dhcp_bind
                0x00000000100083cc      0x100 CMakeFiles/moduri.dir/home/blankmcu/pico/pico-sdk/lib/lwip/src/core/ipv4/dhcp.c.o
 .text.dhcp_handle_nak
                0x00000000100084cc       0x24 CMakeFiles/moduri.dir/home/blankmcu/pico/pico-sdk/lib/lwip/src/core/ipv4/dhcp.c.o
 .text.dhcp_recv
                0x00000000100084f0       0xf4 CMakeFiles/moduri.dir/home/blankmcu/pico/pico-sdk/lib/lwip/src/core/ipv4/dhcp.c.o
 .text.dhcp_set_struct
                0x00000000100085e4       0x44 CMakeFiles/moduri.dir/home/blankmcu/pico/pico-sdk/lib/lwip/src/core/ipv4/dhcp.c.o
                0x00000000100085e4                dhcp_set_struct
 .text.dhcp_network_changed_link_up
                0x0000000010008628       0x40 CMakeFiles/moduri.dir/home/blankmcu/pico/pico-sdk/lib/lwip/src/core/ipv4/dhcp.c.o
                0x0000000010008628                dhcp_network_changed_link_up
 .text.dhcp_renew
                0x0000000010008668       0xf8 CMakeFiles/moduri.dir/home/blankmcu/pico/pico-sdk/lib/lwip/src/core/ipv4/dhcp.c.o
                0x0000000010008668                dhcp_renew
 .text.dhcp_t1_timeout
                0x0000000010008760       0x2a CMakeFiles/moduri.dir/home/blankmcu/pico/pico-sdk/lib/lwip/src/core/ipv4/dhcp.c.o
 .text.dhcp_supplied_address
                0x000000001000878a       0x32 CMakeFiles/moduri.dir/home/blankmcu/pico/pico-sdk/lib/lwip/src/core/ipv4/dhcp.c.o
                0x000000001000878a                dhcp_supplied_address
 .text.dhcp_release_and_stop
                0x00000000100087bc       0xdc CMakeFiles/moduri.dir/home/blankmcu/pico/pico-sdk/lib/lwip/src/core/ipv4/dhcp.c.o
                0x00000000100087bc                dhcp_release_and_stop
 .text.dhcp_start
                0x0000000010008898       0xac CMakeFiles/moduri.dir/home/blankmcu/pico/pico-sdk/lib/lwip/src/core/ipv4/dhcp.c.o
                0x0000000010008898                dhcp_start
 .text.dhcp_coarse_tmr
                0x0000000010008944       0x6c CMakeFiles/moduri.dir/home/blankmcu/pico/pico-sdk/lib/lwip/src/core/ipv4/dhcp.c.o
                0x0000000010008944                dhcp_coarse_tmr
 .text.dhcp_timeout
                0x00000000100089b0       0x4a CMakeFiles/moduri.dir/home/blankmcu/pico/pico-sdk/lib/lwip/src/core/ipv4/dhcp.c.o
 *fill*         0x00000000100089fa        0x2 
 .text.dhcp_fine_tmr
                0x00000000100089fc       0x38 CMakeFiles/moduri.dir/home/blankmcu/pico/pico-sdk/lib/lwip/src/core/ipv4/dhcp.c.o
                0x00000000100089fc                dhcp_fine_tmr
 .text.dhcp_stop
                0x0000000010008a34        0x8 CMakeFiles/moduri.dir/home/blankmcu/pico/pico-sdk/lib/lwip/src/core/ipv4/dhcp.c.o
                0x0000000010008a34                dhcp_stop
 .text.etharp_free_entry
                0x0000000010008a3c       0x4c CMakeFiles/moduri.dir/home/blankmcu/pico/pico-sdk/lib/lwip/src/core/ipv4/etharp.c.o
 .text.etharp_find_entry
                0x0000000010008a88      0x1b0 CMakeFiles/moduri.dir/home/blankmcu/pico/pico-sdk/lib/lwip/src/core/ipv4/etharp.c.o
 .text.etharp_update_arp_entry
                0x0000000010008c38       0xc8 CMakeFiles/moduri.dir/home/blankmcu/pico/pico-sdk/lib/lwip/src/core/ipv4/etharp.c.o
 .text.etharp_raw
                0x0000000010008d00       0xf0 CMakeFiles/moduri.dir/home/blankmcu/pico/pico-sdk/lib/lwip/src/core/ipv4/etharp.c.o
 .text.etharp_request_dst
                0x0000000010008df0       0x24 CMakeFiles/moduri.dir/home/blankmcu/pico/pico-sdk/lib/lwip/src/core/ipv4/etharp.c.o
 .text.etharp_cleanup_netif
                0x0000000010008e14       0x3c CMakeFiles/moduri.dir/home/blankmcu/pico/pico-sdk/lib/lwip/src/core/ipv4/etharp.c.o
                0x0000000010008e14                etharp_cleanup_netif
 .text.etharp_input
                0x0000000010008e50      0x120 CMakeFiles/moduri.dir/home/blankmcu/pico/pico-sdk/lib/lwip/src/core/ipv4/etharp.c.o
                0x0000000010008e50                etharp_input
 .text.etharp_request
                0x0000000010008f70       0x10 CMakeFiles/moduri.dir/home/blankmcu/pico/pico-sdk/lib/lwip/src/core/ipv4/etharp.c.o
                0x0000000010008f70                etharp_request
 .text.etharp_tmr
                0x0000000010008f80       0x8c CMakeFiles/moduri.dir/home/blankmcu/pico/pico-sdk/lib/lwip/src/core/ipv4/etharp.c.o
                0x0000000010008f80                etharp_tmr
 .text.etharp_output_to_arp_index
                0x000000001000900c       0xc0 CMakeFiles/moduri.dir/home/blankmcu/pico/pico-sdk/lib/lwip/src/core/ipv4/etharp.c.o
 .text.etharp_query
                0x00000000100090cc      0x1d8 CMakeFiles/moduri.dir/home/blankmcu/pico/pico-sdk/lib/lwip/src/core/ipv4/etharp.c.o
                0x00000000100090cc                etharp_query
 .text.etharp_output
                0x00000000100092a4      0x154 CMakeFiles/moduri.dir/home/blankmcu/pico/pico-sdk/lib/lwip/src/core/ipv4/etharp.c.o
                0x00000000100092a4                etharp_output
 .text.icmp_send_response
                0x00000000100093f8       0xd4 CMakeFiles/moduri.dir/home/blankmcu/pico/pico-sdk/lib/lwip/src/core/ipv4/icmp.c.o
 .text.icmp_input
                0x00000000100094cc      0x204 CMakeFiles/moduri.dir/home/blankmcu/pico/pico-sdk/lib/lwip/src/core/ipv4/icmp.c.o
                0x00000000100094cc                icmp_input
 .text.icmp_dest_unreach
                0x00000000100096d0        0xc CMakeFiles/moduri.dir/home/blankmcu/pico/pico-sdk/lib/lwip/src/core/ipv4/icmp.c.o
                0x00000000100096d0                icmp_dest_unreach
 .text.icmp_time_exceeded
                0x00000000100096dc        0xc CMakeFiles/moduri.dir/home/blankmcu/pico/pico-sdk/lib/lwip/src/core/ipv4/icmp.c.o
                0x00000000100096dc                icmp_time_exceeded
 .text.ip_reass_dequeue_datagram
                0x00000000100096e8       0x34 CMakeFiles/moduri.dir/home/blankmcu/pico/pico-sdk/lib/lwip/src/core/ipv4/ip4_frag.c.o
 .text.ip_reass_free_complete_datagram
                0x000000001000971c       0xe8 CMakeFiles/moduri.dir/home/blankmcu/pico/pico-sdk/lib/lwip/src/core/ipv4/ip4_frag.c.o
 .text.ip_reass_remove_oldest_datagram
                0x0000000010009804       0xc4 CMakeFiles/moduri.dir/home/blankmcu/pico/pico-sdk/lib/lwip/src/core/ipv4/ip4_frag.c.o
 .text.ip_reass_chain_frag_into_datagram_and_validate
                0x00000000100098c8      0x27c CMakeFiles/moduri.dir/home/blankmcu/pico/pico-sdk/lib/lwip/src/core/ipv4/ip4_frag.c.o
 .text.ip_reass_enqueue_new_datagram
                0x0000000010009b44       0x64 CMakeFiles/moduri.dir/home/blankmcu/pico/pico-sdk/lib/lwip/src/core/ipv4/ip4_frag.c.o
 .text.ip_reass_tmr
                0x0000000010009ba8       0x30 CMakeFiles/moduri.dir/home/blankmcu/pico/pico-sdk/lib/lwip/src/core/ipv4/ip4_frag.c.o
                0x0000000010009ba8                ip_reass_tmr
 .text.ip4_reass
                0x0000000010009bd8      0x284 CMakeFiles/moduri.dir/home/blankmcu/pico/pico-sdk/lib/lwip/src/core/ipv4/ip4_frag.c.o
                0x0000000010009bd8                ip4_reass
 .text.ip4_frag
                0x0000000010009e5c      0x178 CMakeFiles/moduri.dir/home/blankmcu/pico/pico-sdk/lib/lwip/src/core/ipv4/ip4_frag.c.o
                0x0000000010009e5c                ip4_frag
 .text.ip4_input_accept
                0x0000000010009fd4       0x38 CMakeFiles/moduri.dir/home/blankmcu/pico/pico-sdk/lib/lwip/src/core/ipv4/ip4.c.o
 .text.ip4_route
                0x000000001000a00c       0x7c CMakeFiles/moduri.dir/home/blankmcu/pico/pico-sdk/lib/lwip/src/core/ipv4/ip4.c.o
                0x000000001000a00c                ip4_route
 .text.ip4_input
                0x000000001000a088      0x2a0 CMakeFiles/moduri.dir/home/blankmcu/pico/pico-sdk/lib/lwip/src/core/ipv4/ip4.c.o
                0x000000001000a088                ip4_input
 .text.ip4_output_if_src
                0x000000001000a328      0x1c4 CMakeFiles/moduri.dir/home/blankmcu/pico/pico-sdk/lib/lwip/src/core/ipv4/ip4.c.o
                0x000000001000a328                ip4_output_if_src
 .text.ip4_output_if
                0x000000001000a4ec       0x2e CMakeFiles/moduri.dir/home/blankmcu/pico/pico-sdk/lib/lwip/src/core/ipv4/ip4.c.o
                0x000000001000a4ec                ip4_output_if
 .text.ip4_addr_isbroadcast_u32
                0x000000001000a51a       0x42 CMakeFiles/moduri.dir/home/blankmcu/pico/pico-sdk/lib/lwip/src/core/ipv4/ip4_addr.c.o
                0x000000001000a51a                ip4_addr_isbroadcast_u32
 .text.ip4addr_ntoa_r
                0x000000001000a55c       0xb0 CMakeFiles/moduri.dir/home/blankmcu/pico/pico-sdk/lib/lwip/src/core/ipv4/ip4_addr.c.o
                0x000000001000a55c                ip4addr_ntoa_r
 .text.ip4addr_ntoa
                0x000000001000a60c       0x10 CMakeFiles/moduri.dir/home/blankmcu/pico/pico-sdk/lib/lwip/src/core/ipv4/ip4_addr.c.o
                0x000000001000a60c                ip4addr_ntoa
 .text.tcpip_thread_handle_msg
                0x000000001000a61c       0x30 CMakeFiles/moduri.dir/home/blankmcu/pico/pico-sdk/lib/lwip/src/api/tcpip.c.o
 .text.tcpip_timeouts_mbox_fetch
                0x000000001000a64c       0x4c CMakeFiles/moduri.dir/home/blankmcu/pico/pico-sdk/lib/lwip/src/api/tcpip.c.o
 .text.tcpip_thread
                0x000000001000a698       0x40 CMakeFiles/moduri.dir/home/blankmcu/pico/pico-sdk/lib/lwip/src/api/tcpip.c.o
 .text.tcpip_inpkt
                0x000000001000a6d8       0x1c CMakeFiles/moduri.dir/home/blankmcu/pico/pico-sdk/lib/lwip/src/api/tcpip.c.o
                0x000000001000a6d8                tcpip_inpkt
 .text.tcpip_input
                0x000000001000a6f4       0x24 CMakeFiles/moduri.dir/home/blankmcu/pico/pico-sdk/lib/lwip/src/api/tcpip.c.o
                0x000000001000a6f4                tcpip_input
 .text.tcpip_try_callback
                0x000000001000a718       0x50 CMakeFiles/moduri.dir/home/blankmcu/pico/pico-sdk/lib/lwip/src/api/tcpip.c.o
                0x000000001000a718                tcpip_try_callback
 .text.tcpip_init
                0x000000001000a768       0x6c CMakeFiles/moduri.dir/home/blankmcu/pico/pico-sdk/lib/lwip/src/api/tcpip.c.o
                0x000000001000a768                tcpip_init
 .text.ethernet_input
                0x000000001000a7d4       0xe0 CMakeFiles/moduri.dir/home/blankmcu/pico/pico-sdk/lib/lwip/src/netif/ethernet.c.o
                0x000000001000a7d4                ethernet_input
 .text.ethernet_output
                0x000000001000a8b4       0x6c CMakeFiles/moduri.dir/home/blankmcu/pico/pico-sdk/lib/lwip/src/netif/ethernet.c.o
                0x000000001000a8b4                ethernet_output
 .text.sys_init
                0x000000001000a920        0x2 CMakeFiles/moduri.dir/home/blankmcu/pico/pico-sdk/lib/lwip/contrib/ports/freertos/sys_arch.c.o
                0x000000001000a920                sys_init
 .text.sys_now  0x000000001000a922        0x8 CMakeFiles/moduri.dir/home/blankmcu/pico/pico-sdk/lib/lwip/contrib/ports/freertos/sys_arch.c.o
                0x000000001000a922                sys_now
 .text.sys_arch_protect
                0x000000001000a92a        0xa CMakeFiles/moduri.dir/home/blankmcu/pico/pico-sdk/lib/lwip/contrib/ports/freertos/sys_arch.c.o
                0x000000001000a92a                sys_arch_protect
 .text.sys_arch_unprotect
                0x000000001000a934        0x8 CMakeFiles/moduri.dir/home/blankmcu/pico/pico-sdk/lib/lwip/contrib/ports/freertos/sys_arch.c.o
                0x000000001000a934                sys_arch_unprotect
 .text.sys_mutex_new
                0x000000001000a93c       0x28 CMakeFiles/moduri.dir/home/blankmcu/pico/pico-sdk/lib/lwip/contrib/ports/freertos/sys_arch.c.o
                0x000000001000a93c                sys_mutex_new
 .text.sys_mutex_lock
                0x000000001000a964       0x38 CMakeFiles/moduri.dir/home/blankmcu/pico/pico-sdk/lib/lwip/contrib/ports/freertos/sys_arch.c.o
                0x000000001000a964                sys_mutex_lock
 .text.sys_mutex_unlock
                0x000000001000a99c       0x34 CMakeFiles/moduri.dir/home/blankmcu/pico/pico-sdk/lib/lwip/contrib/ports/freertos/sys_arch.c.o
                0x000000001000a99c                sys_mutex_unlock
 .text.sys_mbox_new
                0x000000001000a9d0       0x3c CMakeFiles/moduri.dir/home/blankmcu/pico/pico-sdk/lib/lwip/contrib/ports/freertos/sys_arch.c.o
                0x000000001000a9d0                sys_mbox_new
 .text.sys_mbox_trypost
                0x000000001000aa0c       0x4c CMakeFiles/moduri.dir/home/blankmcu/pico/pico-sdk/lib/lwip/contrib/ports/freertos/sys_arch.c.o
                0x000000001000aa0c                sys_mbox_trypost
 .text.sys_arch_mbox_fetch
                0x000000001000aa58       0x70 CMakeFiles/moduri.dir/home/blankmcu/pico/pico-sdk/lib/lwip/contrib/ports/freertos/sys_arch.c.o
                0x000000001000aa58                sys_arch_mbox_fetch
 .text.sys_thread_new
                0x000000001000aac8       0x40 CMakeFiles/moduri.dir/home/blankmcu/pico/pico-sdk/lib/lwip/contrib/ports/freertos/sys_arch.c.o
                0x000000001000aac8                sys_thread_new
 .text.splitmix64
                0x000000001000ab08       0x5c CMakeFiles/moduri.dir/home/blankmcu/pico/pico-sdk/src/rp2_common/pico_rand/rand.c.o
 .text.sdbm_hash64_sram
                0x000000001000ab64       0x64 CMakeFiles/moduri.dir/home/blankmcu/pico/pico-sdk/src/rp2_common/pico_rand/rand.c.o
 .text.xoroshiro128ss
                0x000000001000abc8       0xb8 CMakeFiles/moduri.dir/home/blankmcu/pico/pico-sdk/src/rp2_common/pico_rand/rand.c.o
 .text.capture_additional_rosc_samples
                0x000000001000ac80      0x174 CMakeFiles/moduri.dir/home/blankmcu/pico/pico-sdk/src/rp2_common/pico_rand/rand.c.o
 .text.initialise_rand
                0x000000001000adf4      0x11c CMakeFiles/moduri.dir/home/blankmcu/pico/pico-sdk/src/rp2_common/pico_rand/rand.c.o
 .text.get_rand_64
                0x000000001000af10      0x11c CMakeFiles/moduri.dir/home/blankmcu/pico/pico-sdk/src/rp2_common/pico_rand/rand.c.o
                0x000000001000af10                get_rand_64
 .text.get_rand_32
                0x000000001000b02c        0x8 CMakeFiles/moduri.dir/home/blankmcu/pico/pico-sdk/src/rp2_common/pico_rand/rand.c.o
                0x000000001000b02c                get_rand_32
 .text._retrieve_unique_id_on_boot
                0x000000001000b034       0x10 CMakeFiles/moduri.dir/home/blankmcu/pico/pico-sdk/src/rp2_common/pico_unique_id/unique_id.c.o
 .text.pico_get_unique_board_id
                0x000000001000b044       0x10 CMakeFiles/moduri.dir/home/blankmcu/pico/pico-sdk/src/rp2_common/pico_unique_id/unique_id.c.o
                0x000000001000b044                pico_get_unique_board_id
 .text.flash_get_unique_id
                0x000000001000b054       0x46 CMakeFiles/moduri.dir/home/blankmcu/pico/pico-sdk/src/rp2_common/hardware_flash/flash.c.o
                0x000000001000b054                flash_get_unique_id
 *fill*         0x000000001000b09a        0x2 
 .text.hw_claim_lock
                0x000000001000b09c       0x18 CMakeFiles/moduri.dir/home/blankmcu/pico/pico-sdk/src/common/hardware_claim/claim.c.o
                0x000000001000b09c                hw_claim_lock
 .text.hw_claim_unlock
                0x000000001000b0b4       0x14 CMakeFiles/moduri.dir/home/blankmcu/pico/pico-sdk/src/common/hardware_claim/claim.c.o
                0x000000001000b0b4                hw_claim_unlock
 .text.hw_claim_or_assert
                0x000000001000b0c8       0x32 CMakeFiles/moduri.dir/home/blankmcu/pico/pico-sdk/src/common/hardware_claim/claim.c.o
                0x000000001000b0c8                hw_claim_or_assert
 .text.hw_claim_unused_from_range
                0x000000001000b0fa       0x50 CMakeFiles/moduri.dir/home/blankmcu/pico/pico-sdk/src/common/hardware_claim/claim.c.o
                0x000000001000b0fa                hw_claim_unused_from_range
 *fill*         0x000000001000b14a        0x2 
 .text.hw_claim_clear
                0x000000001000b14c       0x40 CMakeFiles/moduri.dir/home/blankmcu/pico/pico-sdk/src/common/hardware_claim/claim.c.o
                0x000000001000b14c                hw_claim_clear
 .text.next_striped_spin_lock_num
                0x000000001000b18c       0x1c CMakeFiles/moduri.dir/home/blankmcu/pico/pico-sdk/src/rp2_common/hardware_sync/sync.c.o
                0x000000001000b18c                next_striped_spin_lock_num
 .text.spin_lock_claim
                0x000000001000b1a8       0x18 CMakeFiles/moduri.dir/home/blankmcu/pico/pico-sdk/src/rp2_common/hardware_sync/sync.c.o
                0x000000001000b1a8                spin_lock_claim
 .text.spin_locks_reset
                0x000000001000b1c0       0x20 CMakeFiles/moduri.dir/home/blankmcu/pico/pico-sdk/src/rp2_common/hardware_sync_spin_lock/sync_spin_lock.c.o
                0x000000001000b1c0                spin_locks_reset
 .text.rom_func_lookup
                0x000000001000b1e0       0x10 CMakeFiles/moduri.dir/home/blankmcu/pico/pico-sdk/src/rp2_common/pico_bootrom/bootrom.c.o
                0x000000001000b1e0                rom_func_lookup
 .text.rom_data_lookup
                0x000000001000b1f0       0x10 CMakeFiles/moduri.dir/home/blankmcu/pico/pico-sdk/src/rp2_common/pico_bootrom/bootrom.c.o
                0x000000001000b1f0                rom_data_lookup
 .text.rom_funcs_lookup
                0x000000001000b200       0x36 CMakeFiles/moduri.dir/home/blankmcu/pico/pico-sdk/src/rp2_common/pico_bootrom/bootrom.c.o
                0x000000001000b200                rom_funcs_lookup
 .text.make_alarm_id
                0x000000001000b236        0x6 CMakeFiles/moduri.dir/home/blankmcu/pico/pico-sdk/src/common/pico_time/time.c.o
 .text.alarm_pool_irq_handler
                0x000000001000b23c      0x2f0 CMakeFiles/moduri.dir/home/blankmcu/pico/pico-sdk/src/common/pico_time/time.c.o
 .text.alarm_pool_post_alloc_init
                0x000000001000b52c       0x94 CMakeFiles/moduri.dir/home/blankmcu/pico/pico-sdk/src/common/pico_time/time.c.o
 .text.sleep_until_callback
                0x000000001000b5c0       0x28 CMakeFiles/moduri.dir/home/blankmcu/pico/pico-sdk/src/common/pico_time/time.c.o
 .text.alarm_pool_get_default
                0x000000001000b5e8       0x2c CMakeFiles/moduri.dir/home/blankmcu/pico/pico-sdk/src/common/pico_time/time.c.o
                0x000000001000b5e8                alarm_pool_get_default
 .text.alarm_pool_add_alarm_at_force_in_context
                0x000000001000b614       0xb0 CMakeFiles/moduri.dir/home/blankmcu/pico/pico-sdk/src/common/pico_time/time.c.o
                0x000000001000b614                alarm_pool_add_alarm_at_force_in_context
 .text.alarm_pool_add_alarm_at
                0x000000001000b6c4       0x3c CMakeFiles/moduri.dir/home/blankmcu/pico/pico-sdk/src/common/pico_time/time.c.o
                0x000000001000b6c4                alarm_pool_add_alarm_at
 .text.alarm_pool_cancel_alarm
                0x000000001000b700       0x78 CMakeFiles/moduri.dir/home/blankmcu/pico/pico-sdk/src/common/pico_time/time.c.o
                0x000000001000b700                alarm_pool_cancel_alarm
 .text.sleep_until
                0x000000001000b778       0xbc CMakeFiles/moduri.dir/home/blankmcu/pico/pico-sdk/src/common/pico_time/time.c.o
                0x000000001000b778                sleep_until
 .text.sleep_us
                0x000000001000b834       0x24 CMakeFiles/moduri.dir/home/blankmcu/pico/pico-sdk/src/common/pico_time/time.c.o
                0x000000001000b834                sleep_us
 .text.sleep_ms
                0x000000001000b858       0x14 CMakeFiles/moduri.dir/home/blankmcu/pico/pico-sdk/src/common/pico_time/time.c.o
                0x000000001000b858                sleep_ms
 .text.best_effort_wfe_or_timeout
                0x000000001000b86c      0x114 CMakeFiles/moduri.dir/home/blankmcu/pico/pico-sdk/src/common/pico_time/time.c.o
                0x000000001000b86c                best_effort_wfe_or_timeout
 .text.alarm_pool_get_default_timer
                0x000000001000b980        0x8 CMakeFiles/moduri.dir/home/blankmcu/pico/pico-sdk/src/common/pico_time/time.c.o
                0x000000001000b980                alarm_pool_get_default_timer
 .text.runtime_init_default_alarm_pool
                0x000000001000b988       0x38 CMakeFiles/moduri.dir/home/blankmcu/pico/pico-sdk/src/common/pico_time/time.c.o
                0x000000001000b988                runtime_init_default_alarm_pool
 .text.timer_hardware_alarm_claim
                0x000000001000b9c0       0x14 CMakeFiles/moduri.dir/home/blankmcu/pico/pico-sdk/src/rp2_common/hardware_timer/timer.c.o
                0x000000001000b9c0                timer_hardware_alarm_claim
 .text.timer_time_us_64
                0x000000001000b9d4       0x10 CMakeFiles/moduri.dir/home/blankmcu/pico/pico-sdk/src/rp2_common/hardware_timer/timer.c.o
                0x000000001000b9d4                timer_time_us_64
 .text.timer_busy_wait_until
                0x000000001000b9e4       0x1a CMakeFiles/moduri.dir/home/blankmcu/pico/pico-sdk/src/rp2_common/hardware_timer/timer.c.o
                0x000000001000b9e4                timer_busy_wait_until
 .text.timer_busy_wait_us
                0x000000001000b9fe       0x38 CMakeFiles/moduri.dir/home/blankmcu/pico/pico-sdk/src/rp2_common/hardware_timer/timer.c.o
                0x000000001000b9fe                timer_busy_wait_us
 *fill*         0x000000001000ba36        0x2 
 .text.time_us_64
                0x000000001000ba38       0x10 CMakeFiles/moduri.dir/home/blankmcu/pico/pico-sdk/src/rp2_common/hardware_timer/timer.c.o
                0x000000001000ba38                time_us_64
 .text.busy_wait_us
                0x000000001000ba48       0x14 CMakeFiles/moduri.dir/home/blankmcu/pico/pico-sdk/src/rp2_common/hardware_timer/timer.c.o
                0x000000001000ba48                busy_wait_us
 .text.busy_wait_until
                0x000000001000ba5c       0x14 CMakeFiles/moduri.dir/home/blankmcu/pico/pico-sdk/src/rp2_common/hardware_timer/timer.c.o
                0x000000001000ba5c                busy_wait_until
 .text.set_raw_irq_handler_and_unlock
                0x000000001000ba70       0x28 CMakeFiles/moduri.dir/home/blankmcu/pico/pico-sdk/src/rp2_common/hardware_irq/irq.c.o
 .text.nvic_ipr0
                0x000000001000ba98        0x8 CMakeFiles/moduri.dir/home/blankmcu/pico/pico-sdk/src/rp2_common/hardware_irq/irq.c.o
 .text.runtime_init_per_core_irq_priorities
                0x000000001000baa0       0x1c CMakeFiles/moduri.dir/home/blankmcu/pico/pico-sdk/src/rp2_common/hardware_irq/irq.c.o
                0x000000001000baa0                runtime_init_per_core_irq_priorities
 .text.make_j_16
                0x000000001000babc       0x4c CMakeFiles/moduri.dir/home/blankmcu/pico/pico-sdk/src/rp2_common/hardware_irq/irq.c.o
 .text.insert_bl_32
                0x000000001000bb08       0x40 CMakeFiles/moduri.dir/home/blankmcu/pico/pico-sdk/src/rp2_common/hardware_irq/irq.c.o
 .text.irq_is_enabled
                0x000000001000bb48       0x18 CMakeFiles/moduri.dir/home/blankmcu/pico/pico-sdk/src/rp2_common/hardware_irq/irq.c.o
                0x000000001000bb48                irq_is_enabled
 .text.irq_set_mask_n_enabled
                0x000000001000bb60       0x1c CMakeFiles/moduri.dir/home/blankmcu/pico/pico-sdk/src/rp2_common/hardware_irq/irq.c.o
                0x000000001000bb60                irq_set_mask_n_enabled
 .text.irq_set_enabled
                0x000000001000bb7c       0x14 CMakeFiles/moduri.dir/home/blankmcu/pico/pico-sdk/src/rp2_common/hardware_irq/irq.c.o
                0x000000001000bb7c                irq_set_enabled
 .text.irq_get_vtable_handler
                0x000000001000bb90       0x10 CMakeFiles/moduri.dir/home/blankmcu/pico/pico-sdk/src/rp2_common/hardware_irq/irq.c.o
                0x000000001000bb90                irq_get_vtable_handler
 .text.irq_set_exclusive_handler
                0x000000001000bba0       0x54 CMakeFiles/moduri.dir/home/blankmcu/pico/pico-sdk/src/rp2_common/hardware_irq/irq.c.o
                0x000000001000bba0                irq_set_exclusive_handler
 .text.irq_add_shared_handler
                0x000000001000bbf4      0x238 CMakeFiles/moduri.dir/home/blankmcu/pico/pico-sdk/src/rp2_common/hardware_irq/irq.c.o
                0x000000001000bbf4                irq_add_shared_handler
 .text.irq_remove_handler
                0x000000001000be2c      0x1b0 CMakeFiles/moduri.dir/home/blankmcu/pico/pico-sdk/src/rp2_common/hardware_irq/irq.c.o
                0x000000001000be2c                irq_remove_handler
 .text.irq_set_priority
                0x000000001000bfdc       0x26 CMakeFiles/moduri.dir/home/blankmcu/pico/pico-sdk/src/rp2_common/hardware_irq/irq.c.o
                0x000000001000bfdc                irq_set_priority
 *fill*         0x000000001000c002        0x2 
 .text.irq_add_tail_to_free_list
                0x000000001000c004       0xf4 CMakeFiles/moduri.dir/home/blankmcu/pico/pico-sdk/src/rp2_common/hardware_irq/irq.c.o
                0x000000001000c004                irq_add_tail_to_free_list
 .text.lock_init
                0x000000001000c0f8       0x10 CMakeFiles/moduri.dir/home/blankmcu/pico/pico-sdk/src/common/pico_sync/lock_core.c.o
                0x000000001000c0f8                lock_init
 .text.mutex_init
                0x000000001000c108       0x1c CMakeFiles/moduri.dir/home/blankmcu/pico/pico-sdk/src/common/pico_sync/mutex.c.o
                0x000000001000c108                mutex_init
 .text.recursive_mutex_init
                0x000000001000c124       0x20 CMakeFiles/moduri.dir/home/blankmcu/pico/pico-sdk/src/common/pico_sync/mutex.c.o
                0x000000001000c124                recursive_mutex_init
 .text.runtime_init_mutex
                0x000000001000c144       0x4c CMakeFiles/moduri.dir/home/blankmcu/pico/pico-sdk/src/common/pico_sync/mutex.c.o
                0x000000001000c144                runtime_init_mutex
 .text.clock_configure_internal
                0x000000001000c190       0xc4 CMakeFiles/moduri.dir/home/blankmcu/pico/pico-sdk/src/rp2_common/hardware_clocks/clocks.c.o
 .text.clock_configure_int_divider
                0x000000001000c254       0x28 CMakeFiles/moduri.dir/home/blankmcu/pico/pico-sdk/src/rp2_common/hardware_clocks/clocks.c.o
                0x000000001000c254                clock_configure_int_divider
 .text.clock_configure_undivided
                0x000000001000c27c       0x12 CMakeFiles/moduri.dir/home/blankmcu/pico/pico-sdk/src/rp2_common/hardware_clocks/clocks.c.o
                0x000000001000c27c                clock_configure_undivided
 *fill*         0x000000001000c28e        0x2 
 .text.clock_get_hz
                0x000000001000c290        0xc CMakeFiles/moduri.dir/home/blankmcu/pico/pico-sdk/src/rp2_common/hardware_clocks/clocks.c.o
                0x000000001000c290                clock_get_hz
 .text.gpio_set_function
                0x000000001000c29c       0x34 CMakeFiles/moduri.dir/home/blankmcu/pico/pico-sdk/src/rp2_common/hardware_gpio/gpio.c.o
                0x000000001000c29c                gpio_set_function
 .text.gpio_set_pulls
                0x000000001000c2d0       0x38 CMakeFiles/moduri.dir/home/blankmcu/pico/pico-sdk/src/rp2_common/hardware_gpio/gpio.c.o
                0x000000001000c2d0                gpio_set_pulls
 .text.gpio_set_input_hysteresis_enabled
                0x000000001000c308       0x28 CMakeFiles/moduri.dir/home/blankmcu/pico/pico-sdk/src/rp2_common/hardware_gpio/gpio.c.o
                0x000000001000c308                gpio_set_input_hysteresis_enabled
 .text.gpio_add_raw_irq_handler_with_order_priority_masked
                0x000000001000c330       0x40 CMakeFiles/moduri.dir/home/blankmcu/pico/pico-sdk/src/rp2_common/hardware_gpio/gpio.c.o
                0x000000001000c330                gpio_add_raw_irq_handler_with_order_priority_masked
 .text.gpio_remove_raw_irq_handler_masked
                0x000000001000c370       0x48 CMakeFiles/moduri.dir/home/blankmcu/pico/pico-sdk/src/rp2_common/hardware_gpio/gpio.c.o
                0x000000001000c370                gpio_remove_raw_irq_handler_masked
 .text.gpio_acknowledge_irq
                0x000000001000c3b8       0x18 CMakeFiles/moduri.dir/home/blankmcu/pico/pico-sdk/src/rp2_common/hardware_gpio/gpio.c.o
                0x000000001000c3b8                gpio_acknowledge_irq
 .text._gpio_set_irq_enabled
                0x000000001000c3d0       0x38 CMakeFiles/moduri.dir/home/blankmcu/pico/pico-sdk/src/rp2_common/hardware_gpio/gpio.c.o
 .text.gpio_set_irq_enabled
                0x000000001000c408       0x68 CMakeFiles/moduri.dir/home/blankmcu/pico/pico-sdk/src/rp2_common/hardware_gpio/gpio.c.o
                0x000000001000c408                gpio_set_irq_enabled
 .text.gpio_init
                0x000000001000c470       0x16 CMakeFiles/moduri.dir/home/blankmcu/pico/pico-sdk/src/rp2_common/hardware_gpio/gpio.c.o
                0x000000001000c470                gpio_init
 *fill*         0x000000001000c486        0x2 
 .text.pll_init
                0x000000001000c488      0x120 CMakeFiles/moduri.dir/home/blankmcu/pico/pico-sdk/src/rp2_common/hardware_pll/pll.c.o
                0x000000001000c488                pll_init
 .text.tick_start
                0x000000001000c5a8       0x10 CMakeFiles/moduri.dir/home/blankmcu/pico/pico-sdk/src/rp2_common/hardware_ticks/ticks.c.o
                0x000000001000c5a8                tick_start
 .text.xosc_init
                0x000000001000c5b8       0x28 CMakeFiles/moduri.dir/home/blankmcu/pico/pico-sdk/src/rp2_common/hardware_xosc/xosc.c.o
                0x000000001000c5b8                xosc_init
 .text.cyw43_arch_set_async_context
                0x000000001000c5e0        0xc CMakeFiles/moduri.dir/home/blankmcu/pico/pico-sdk/src/rp2_common/pico_cyw43_arch/cyw43_arch.c.o
                0x000000001000c5e0                cyw43_arch_set_async_context
 .text.cyw43_arch_get_country_code
                0x000000001000c5ec        0xc CMakeFiles/moduri.dir/home/blankmcu/pico/pico-sdk/src/rp2_common/pico_cyw43_arch/cyw43_arch.c.o
                0x000000001000c5ec                cyw43_arch_get_country_code
 .text.cyw43_arch_enable_ap_mode
                0x000000001000c5f8       0xac CMakeFiles/moduri.dir/home/blankmcu/pico/pico-sdk/src/rp2_common/pico_cyw43_arch/cyw43_arch.c.o
                0x000000001000c5f8                cyw43_arch_enable_ap_mode
 .text.cyw43_arch_async_context
                0x000000001000c6a4        0xc CMakeFiles/moduri.dir/home/blankmcu/pico/pico-sdk/src/rp2_common/pico_cyw43_arch/cyw43_arch.c.o
                0x000000001000c6a4                cyw43_arch_async_context
 .text.cyw43_arch_init_default_async_context
                0x000000001000c6b0       0x38 CMakeFiles/moduri.dir/home/blankmcu/pico/pico-sdk/src/rp2_common/pico_cyw43_arch/cyw43_arch_freertos.c.o
                0x000000001000c6b0                cyw43_arch_init_default_async_context
 .text.cyw43_arch_deinit
                0x000000001000c6e8       0x30 CMakeFiles/moduri.dir/home/blankmcu/pico/pico-sdk/src/rp2_common/pico_cyw43_arch/cyw43_arch_freertos.c.o
                0x000000001000c6e8                cyw43_arch_deinit
 .text.cyw43_arch_init
                0x000000001000c718       0x42 CMakeFiles/moduri.dir/home/blankmcu/pico/pico-sdk/src/rp2_common/pico_cyw43_arch/cyw43_arch_freertos.c.o
                0x000000001000c718                cyw43_arch_init
 .text.cs_set   0x000000001000c75a       0x1c CMakeFiles/moduri.dir/home/blankmcu/pico/pico-sdk/src/rp2_common/pico_cyw43_driver/cyw43_bus_pio_spi.c.o
 *fill*         0x000000001000c776        0x2 
 .text.start_spi_comms
                0x000000001000c778       0x48 CMakeFiles/moduri.dir/home/blankmcu/pico/pico-sdk/src/rp2_common/pico_cyw43_driver/cyw43_bus_pio_spi.c.o
 .text.ns_delay
                0x000000001000c7c0       0x20 CMakeFiles/moduri.dir/home/blankmcu/pico/pico-sdk/src/rp2_common/pico_cyw43_driver/cyw43_bus_pio_spi.c.o
 .text.stop_spi_comms
                0x000000001000c7e0       0x10 CMakeFiles/moduri.dir/home/blankmcu/pico/pico-sdk/src/rp2_common/pico_cyw43_driver/cyw43_bus_pio_spi.c.o
 .text.cyw43_spi_deinit
                0x000000001000c7f0       0x64 CMakeFiles/moduri.dir/home/blankmcu/pico/pico-sdk/src/rp2_common/pico_cyw43_driver/cyw43_bus_pio_spi.c.o
                0x000000001000c7f0                cyw43_spi_deinit
 .text.cyw43_spi_init
                0x000000001000c854      0x26c CMakeFiles/moduri.dir/home/blankmcu/pico/pico-sdk/src/rp2_common/pico_cyw43_driver/cyw43_bus_pio_spi.c.o
                0x000000001000c854                cyw43_spi_init
 .text.cyw43_spi_transfer
                0x000000001000cac0      0x654 CMakeFiles/moduri.dir/home/blankmcu/pico/pico-sdk/src/rp2_common/pico_cyw43_driver/cyw43_bus_pio_spi.c.o
                0x000000001000cac0                cyw43_spi_transfer
 .text.cyw43_spi_gpio_setup
                0x000000001000d114       0x3a CMakeFiles/moduri.dir/home/blankmcu/pico/pico-sdk/src/rp2_common/pico_cyw43_driver/cyw43_bus_pio_spi.c.o
                0x000000001000d114                cyw43_spi_gpio_setup
 .text.cyw43_spi_reset
                0x000000001000d14e       0x28 CMakeFiles/moduri.dir/home/blankmcu/pico/pico-sdk/src/rp2_common/pico_cyw43_driver/cyw43_bus_pio_spi.c.o
                0x000000001000d14e                cyw43_spi_reset
 *fill*         0x000000001000d176        0x2 
 .text.read_reg_u32_swap
                0x000000001000d178       0x68 CMakeFiles/moduri.dir/home/blankmcu/pico/pico-sdk/src/rp2_common/pico_cyw43_driver/cyw43_bus_pio_spi.c.o
                0x000000001000d178                read_reg_u32_swap
 .text.cyw43_read_reg_u32
                0x000000001000d1e0       0x54 CMakeFiles/moduri.dir/home/blankmcu/pico/pico-sdk/src/rp2_common/pico_cyw43_driver/cyw43_bus_pio_spi.c.o
                0x000000001000d1e0                cyw43_read_reg_u32
 .text.cyw43_read_reg_u16
                0x000000001000d234       0x54 CMakeFiles/moduri.dir/home/blankmcu/pico/pico-sdk/src/rp2_common/pico_cyw43_driver/cyw43_bus_pio_spi.c.o
                0x000000001000d234                cyw43_read_reg_u16
 .text.cyw43_read_reg_u8
                0x000000001000d288       0x54 CMakeFiles/moduri.dir/home/blankmcu/pico/pico-sdk/src/rp2_common/pico_cyw43_driver/cyw43_bus_pio_spi.c.o
                0x000000001000d288                cyw43_read_reg_u8
 .text.write_reg_u32_swap
                0x000000001000d2dc       0x34 CMakeFiles/moduri.dir/home/blankmcu/pico/pico-sdk/src/rp2_common/pico_cyw43_driver/cyw43_bus_pio_spi.c.o
                0x000000001000d2dc                write_reg_u32_swap
 .text.cyw43_write_reg_u32
                0x000000001000d310       0x58 CMakeFiles/moduri.dir/home/blankmcu/pico/pico-sdk/src/rp2_common/pico_cyw43_driver/cyw43_bus_pio_spi.c.o
                0x000000001000d310                cyw43_write_reg_u32
 .text.cyw43_write_reg_u16
                0x000000001000d368       0x58 CMakeFiles/moduri.dir/home/blankmcu/pico/pico-sdk/src/rp2_common/pico_cyw43_driver/cyw43_bus_pio_spi.c.o
                0x000000001000d368                cyw43_write_reg_u16
 .text.cyw43_write_reg_u8
                0x000000001000d3c0       0x58 CMakeFiles/moduri.dir/home/blankmcu/pico/pico-sdk/src/rp2_common/pico_cyw43_driver/cyw43_bus_pio_spi.c.o
                0x000000001000d3c0                cyw43_write_reg_u8
 .text.cyw43_read_bytes
                0x000000001000d418      0x104 CMakeFiles/moduri.dir/home/blankmcu/pico/pico-sdk/src/rp2_common/pico_cyw43_driver/cyw43_bus_pio_spi.c.o
                0x000000001000d418                cyw43_read_bytes
 .text.cyw43_write_bytes
                0x000000001000d51c      0x128 CMakeFiles/moduri.dir/home/blankmcu/pico/pico-sdk/src/rp2_common/pico_cyw43_driver/cyw43_bus_pio_spi.c.o
                0x000000001000d51c                cyw43_write_bytes
 .text.get_core_address
                0x000000001000d644       0x1c CMakeFiles/moduri.dir/home/blankmcu/pico/pico-sdk/lib/cyw43-driver/src/cyw43_ll.c.o
 .text.sdpcm_process_rx_packet
                0x000000001000d660      0x180 CMakeFiles/moduri.dir/home/blankmcu/pico/pico-sdk/lib/cyw43-driver/src/cyw43_ll.c.o
 .text.cyw43_ll_wifi_parse_scan_result
                0x000000001000d7e0       0x9c CMakeFiles/moduri.dir/home/blankmcu/pico/pico-sdk/lib/cyw43-driver/src/cyw43_ll.c.o
 .text.cyw43_ll_parse_async_event
                0x000000001000d87c       0x8e CMakeFiles/moduri.dir/home/blankmcu/pico/pico-sdk/lib/cyw43-driver/src/cyw43_ll.c.o
 *fill*         0x000000001000d90a        0x2 
 .text.cyw43_kso_set
                0x000000001000d90c       0x98 CMakeFiles/moduri.dir/home/blankmcu/pico/pico-sdk/lib/cyw43-driver/src/cyw43_ll.c.o
 .text.cyw43_ll_bus_sleep_helper
                0x000000001000d9a4        0xe CMakeFiles/moduri.dir/home/blankmcu/pico/pico-sdk/lib/cyw43-driver/src/cyw43_ll.c.o
 *fill*         0x000000001000d9b2        0x2 
 .text.cyw43_read_reg
                0x000000001000d9b4       0x48 CMakeFiles/moduri.dir/home/blankmcu/pico/pico-sdk/lib/cyw43-driver/src/cyw43_ll.c.o
 .text.cyw43_write_reg
                0x000000001000d9fc       0x4c CMakeFiles/moduri.dir/home/blankmcu/pico/pico-sdk/lib/cyw43-driver/src/cyw43_ll.c.o
 .text.cyw43_set_backplane_window
                0x000000001000da48       0x74 CMakeFiles/moduri.dir/home/blankmcu/pico/pico-sdk/lib/cyw43-driver/src/cyw43_ll.c.o
 .text.cyw43_read_backplane
                0x000000001000dabc       0x30 CMakeFiles/moduri.dir/home/blankmcu/pico/pico-sdk/lib/cyw43-driver/src/cyw43_ll.c.o
 .text.disable_device_core
                0x000000001000daec       0x3c CMakeFiles/moduri.dir/home/blankmcu/pico/pico-sdk/lib/cyw43-driver/src/cyw43_ll.c.o
 .text.device_core_is_up
                0x000000001000db28       0x4c CMakeFiles/moduri.dir/home/blankmcu/pico/pico-sdk/lib/cyw43-driver/src/cyw43_ll.c.o
 .text.cyw43_download_resource
                0x000000001000db74       0xac CMakeFiles/moduri.dir/home/blankmcu/pico/pico-sdk/lib/cyw43-driver/src/cyw43_ll.c.o
 .text.cyw43_write_backplane
                0x000000001000dc20       0x34 CMakeFiles/moduri.dir/home/blankmcu/pico/pico-sdk/lib/cyw43-driver/src/cyw43_ll.c.o
 .text.reset_device_core
                0x000000001000dc54       0x74 CMakeFiles/moduri.dir/home/blankmcu/pico/pico-sdk/lib/cyw43-driver/src/cyw43_ll.c.o
 .text.cyw43_check_valid_chipset_firmware
                0x000000001000dcc8       0x7c CMakeFiles/moduri.dir/home/blankmcu/pico/pico-sdk/lib/cyw43-driver/src/cyw43_ll.c.o
 .text.cyw43_ll_init
                0x000000001000dd44       0x20 CMakeFiles/moduri.dir/home/blankmcu/pico/pico-sdk/lib/cyw43-driver/src/cyw43_ll.c.o
                0x000000001000dd44                cyw43_ll_init
 .text.cyw43_ll_deinit
                0x000000001000dd64        0x8 CMakeFiles/moduri.dir/home/blankmcu/pico/pico-sdk/lib/cyw43-driver/src/cyw43_ll.c.o
                0x000000001000dd64                cyw43_ll_deinit
 .text.cyw43_ll_bus_sleep
                0x000000001000dd6c       0x34 CMakeFiles/moduri.dir/home/blankmcu/pico/pico-sdk/lib/cyw43-driver/src/cyw43_ll.c.o
                0x000000001000dd6c                cyw43_ll_bus_sleep
 .text.cyw43_ll_sdpcm_poll_device
                0x000000001000dda0      0x158 CMakeFiles/moduri.dir/home/blankmcu/pico/pico-sdk/lib/cyw43-driver/src/cyw43_ll.c.o
 .text.cyw43_ll_process_packets
                0x000000001000def8       0x5c CMakeFiles/moduri.dir/home/blankmcu/pico/pico-sdk/lib/cyw43-driver/src/cyw43_ll.c.o
                0x000000001000def8                cyw43_ll_process_packets
 .text.cyw43_sdpcm_send_common
                0x000000001000df54      0x114 CMakeFiles/moduri.dir/home/blankmcu/pico/pico-sdk/lib/cyw43-driver/src/cyw43_ll.c.o
 .text.cyw43_ll_send_ethernet
                0x000000001000e068       0x5e CMakeFiles/moduri.dir/home/blankmcu/pico/pico-sdk/lib/cyw43-driver/src/cyw43_ll.c.o
                0x000000001000e068                cyw43_ll_send_ethernet
 .text.cyw43_send_ioctl
                0x000000001000e0c6       0x56 CMakeFiles/moduri.dir/home/blankmcu/pico/pico-sdk/lib/cyw43-driver/src/cyw43_ll.c.o
 .text.cyw43_do_ioctl
                0x000000001000e11c       0xc4 CMakeFiles/moduri.dir/home/blankmcu/pico/pico-sdk/lib/cyw43-driver/src/cyw43_ll.c.o
 .text.cyw43_ll_ioctl
                0x000000001000e1e0       0x1e CMakeFiles/moduri.dir/home/blankmcu/pico/pico-sdk/lib/cyw43-driver/src/cyw43_ll.c.o
                0x000000001000e1e0                cyw43_ll_ioctl
 *fill*         0x000000001000e1fe        0x2 
 .text.cyw43_clm_load
                0x000000001000e200       0xdc CMakeFiles/moduri.dir/home/blankmcu/pico/pico-sdk/lib/cyw43-driver/src/cyw43_ll.c.o
 .text.cyw43_write_iovar_u32
                0x000000001000e2dc       0x60 CMakeFiles/moduri.dir/home/blankmcu/pico/pico-sdk/lib/cyw43-driver/src/cyw43_ll.c.o
 .text.cyw43_write_iovar_n
                0x000000001000e33c       0x50 CMakeFiles/moduri.dir/home/blankmcu/pico/pico-sdk/lib/cyw43-driver/src/cyw43_ll.c.o
 .text.cyw43_set_ioctl_u32
                0x000000001000e38c       0x30 CMakeFiles/moduri.dir/home/blankmcu/pico/pico-sdk/lib/cyw43-driver/src/cyw43_ll.c.o
 .text.cyw43_write_iovar_u32_u32
                0x000000001000e3bc       0x74 CMakeFiles/moduri.dir/home/blankmcu/pico/pico-sdk/lib/cyw43-driver/src/cyw43_ll.c.o
 .text.cyw43_ll_wifi_on
                0x000000001000e430      0x1bc CMakeFiles/moduri.dir/home/blankmcu/pico/pico-sdk/lib/cyw43-driver/src/cyw43_ll.c.o
                0x000000001000e430                cyw43_ll_wifi_on
 .text.cyw43_ll_wifi_get_mac
                0x000000001000e5ec       0x48 CMakeFiles/moduri.dir/home/blankmcu/pico/pico-sdk/lib/cyw43-driver/src/cyw43_ll.c.o
                0x000000001000e5ec                cyw43_ll_wifi_get_mac
 .text.cyw43_ll_bus_init
                0x000000001000e634      0x370 CMakeFiles/moduri.dir/home/blankmcu/pico/pico-sdk/lib/cyw43-driver/src/cyw43_ll.c.o
                0x000000001000e634                cyw43_ll_bus_init
 .text.cyw43_ll_wifi_pm
                0x000000001000e9a4       0xcc CMakeFiles/moduri.dir/home/blankmcu/pico/pico-sdk/lib/cyw43-driver/src/cyw43_ll.c.o
                0x000000001000e9a4                cyw43_ll_wifi_pm