Archive member included to satisfy reference by file (symbol)

/usr/lib/gcc/arm-none-eabi/13.3.1/thumb/v6-m/nofp/libgcc.a(_dvmd_tls.o)
                              CMakeFiles/moduri.dir/home/blankmcu/Repos/pico-sdk/src/rp2_common/pico_divider/divider_hardware.S.obj (__aeabi_idiv0)
/usr/lib/gcc/arm-none-eabi/13.3.1/../../../arm-none-eabi/lib/thumb/v6-m/nofp/libg.a(libc_a-strncpy.o)
                              CMakeFiles/moduri.dir/home/blankmcu/Repos/pico-sdk/lib/lwip/src/api/netdb.c.obj (strncpy)
/usr/lib/gcc/arm-none-eabi/13.3.1/../../../arm-none-eabi/lib/thumb/v6-m/nofp/libg.a(libc_a-strncmp.o)
                              CMakeFiles/moduri.dir/home/blankmcu/Repos/pico-sdk/lib/lwip/src/core/def.c.obj (strncmp)
/usr/lib/gcc/arm-none-eabi/13.3.1/../../../arm-none-eabi/lib/thumb/v6-m/nofp/libg.a(libc_a-memmove.o)
                              CMakeFiles/moduri.dir/home/blankmcu/Repos/pico-sdk/lib/lwip/src/core/def.c.obj (memmove)
/usr/lib/gcc/arm-none-eabi/13.3.1/../../../arm-none-eabi/lib/thumb/v6-m/nofp/libg.a(libc_a-calloc.o)
                              CMakeFiles/moduri.dir/home/blankmcu/Repos/pico-sdk/src/rp2_common/pico_malloc/malloc.c.obj (calloc)
/usr/lib/gcc/arm-none-eabi/13.3.1/../../../arm-none-eabi/lib/thumb/v6-m/nofp/libg.a(libc_a-impure.o)
                              /usr/lib/gcc/arm-none-eabi/13.3.1/../../../arm-none-eabi/lib/thumb/v6-m/nofp/libg.a(libc_a-calloc.o) (_impure_ptr)
/usr/lib/gcc/arm-none-eabi/13.3.1/../../../arm-none-eabi/lib/thumb/v6-m/nofp/libg.a(libc_a-callocr.o)
                              /usr/lib/gcc/arm-none-eabi/13.3.1/../../../arm-none-eabi/lib/thumb/v6-m/nofp/libg.a(libc_a-calloc.o) (_calloc_r)
/usr/lib/gcc/arm-none-eabi/13.3.1/../../../arm-none-eabi/lib/thumb/v6-m/nofp/libg.a(libc_a-realloc.o)
                              CMakeFiles/moduri.dir/home/blankmcu/Repos/pico-sdk/src/rp2_common/pico_malloc/malloc.c.obj (realloc)
/usr/lib/gcc/arm-none-eabi/13.3.1/../../../arm-none-eabi/lib/thumb/v6-m/nofp/libg.a(libc_a-mallocr.o)
                              /usr/lib/gcc/arm-none-eabi/13.3.1/../../../arm-none-eabi/lib/thumb/v6-m/nofp/libg.a(libc_a-callocr.o) (_malloc_r)
/usr/lib/gcc/arm-none-eabi/13.3.1/../../../arm-none-eabi/lib/thumb/v6-m/nofp/libg.a(libc_a-freer.o)
                              /usr/lib/gcc/arm-none-eabi/13.3.1/../../../arm-none-eabi/lib/thumb/v6-m/nofp/libg.a(libc_a-mallocr.o) (_free_r)
/usr/lib/gcc/arm-none-eabi/13.3.1/../../../arm-none-eabi/lib/thumb/v6-m/nofp/libg.a(libc_a-memcmp.o)
                              CMakeFiles/moduri.dir/home/blankmcu/Repos/pico-sdk/lib/lwip/src/netif/ethernet.c.obj (memcmp)
/usr/lib/gcc/arm-none-eabi/13.3.1/../../../arm-none-eabi/lib/thumb/v6-m/nofp/libg.a(libc_a-atoi.o)
                              CMakeFiles/moduri.dir/home/blankmcu/Repos/pico-sdk/lib/lwip/src/core/netif.c.obj (atoi)
/usr/lib/gcc/arm-none-eabi/13.3.1/../../../arm-none-eabi/lib/thumb/v6-m/nofp/libg.a(libc_a-strtol.o)
                              /usr/lib/gcc/arm-none-eabi/13.3.1/../../../arm-none-eabi/lib/thumb/v6-m/nofp/libg.a(libc_a-atoi.o) (_strtol_r)
/usr/lib/gcc/arm-none-eabi/13.3.1/../../../arm-none-eabi/lib/thumb/v6-m/nofp/libg.a(libc_a-malloc.o)
                              CMakeFiles/moduri.dir/home/blankmcu/Repos/pico-sdk/src/rp2_common/pico_malloc/malloc.c.obj (malloc)
/usr/lib/gcc/arm-none-eabi/13.3.1/../../../arm-none-eabi/lib/thumb/v6-m/nofp/libg.a(libc_a-sysconf.o)
                              /usr/lib/gcc/arm-none-eabi/13.3.1/../../../arm-none-eabi/lib/thumb/v6-m/nofp/libg.a(libc_a-mallocr.o) (sysconf)
/usr/lib/gcc/arm-none-eabi/13.3.1/../../../arm-none-eabi/lib/thumb/v6-m/nofp/libg.a(libc_a-reent.o)
                              CMakeFiles/moduri.dir/WiFi/Source/WiFi_UDP.c.obj (errno)
/usr/lib/gcc/arm-none-eabi/13.3.1/../../../arm-none-eabi/lib/thumb/v6-m/nofp/libg.a(libc_a-init.o)
                              /usr/lib/gcc/arm-none-eabi/13.3.1/../../../arm-none-eabi/lib/thumb/v6-m/nofp/crt0.o (__libc_init_array)
/usr/lib/gcc/arm-none-eabi/13.3.1/../../../arm-none-eabi/lib/thumb/v6-m/nofp/libg.a(libc_a-reallocr.o)
                              /usr/lib/gcc/arm-none-eabi/13.3.1/../../../arm-none-eabi/lib/thumb/v6-m/nofp/libg.a(libc_a-realloc.o) (_realloc_r)
/usr/lib/gcc/arm-none-eabi/13.3.1/../../../arm-none-eabi/lib/thumb/v6-m/nofp/libg.a(libc_a-mktime.o)
                              CMakeFiles/moduri.dir/home/blankmcu/Repos/pico-sdk/src/common/pico_util/datetime.c.obj (mktime)
/usr/lib/gcc/arm-none-eabi/13.3.1/../../../arm-none-eabi/lib/thumb/v6-m/nofp/libg.a(libc_a-strerror.o)
                              CMakeFiles/moduri.dir/WiFi/Source/WiFi_UDP.c.obj (strerror)
/usr/lib/gcc/arm-none-eabi/13.3.1/../../../arm-none-eabi/lib/thumb/v6-m/nofp/libg.a(libc_a-mlock.o)
                              /usr/lib/gcc/arm-none-eabi/13.3.1/../../../arm-none-eabi/lib/thumb/v6-m/nofp/libg.a(libc_a-mallocr.o) (__malloc_lock)
/usr/lib/gcc/arm-none-eabi/13.3.1/../../../arm-none-eabi/lib/thumb/v6-m/nofp/libg.a(libc_a-findfp.o)
[...]
Memory Configuration

Name             Origin             Length             Attributes
FLASH            0x10000000         0x00200000         xr
RAM              0x20000000         0x00040000         xrw
SCRATCH_X        0x20040000         0x00001000         xrw
SCRATCH_Y        0x20041000         0x00001000         xrw
*default*        0x00000000         0xffffffff

Linker script and memory map

LOAD /usr/lib/gcc/arm-none-eabi/13.3.1/thumb/v6-m/nofp/crti.o
LOAD /usr/lib/gcc/arm-none-eabi/13.3.1/thumb/v6-m/nofp/crtbegin.o
LOAD /usr/lib/gcc/arm-none-eabi/13.3.1/../../../arm-none-eabi/lib/thumb/v6-m/nofp/crt0.o

.flash_begin    0x10000000        0x0
                0x10000000                        __flash_binary_start = .

.boot2          0x10000000      0x100
                0x10000000                        __boot2_start__ = .
 *(.boot2)
 .boot2         0x10000000      0x100 /tmp/cc7XrTuh.o
                0x10000100                        __boot2_end__ = .
                0x00000001                        ASSERT (((__boot2_end__ - __boot2_start__) == 0x100), ERROR: Pico second stage bootloader must be 256 bytes in size)

.text           0x10000100    0x15cc4
                0x10000100                        __logical_binary_start = .
 *(.vectors)
 .vectors       0x10000100       0xd4 CMakeFiles/moduri.dir/home/blankmcu/Repos/pico-sdk/src/rp2_common/pico_crt0/crt0.S.obj
                0x10000100                __vectors
                0x10000100                __VECTOR_TABLE
                0x100001c0                isr_invalid
                0x100001c0                __default_isrs_start
                0x100001c2                isr_nmi
                0x100001c4                isr_hardfault
                0x100001c6                isr_svcall
                0x100001c8                isr_pendsv
                0x100001ca                isr_systick
                0x100001cc                isr_irq30
                0x100001cc                __unhandled_user_irq
                0x100001cc                isr_irq13
                0x100001cc                isr_irq27
                0x100001cc                isr_irq31
                0x100001cc                isr_irq5
                0x100001cc                isr_irq11
                0x100001cc                isr_irq23
                0x100001cc                isr_irq18
                0x100001cc                isr_irq28
                0x100001cc                isr_irq19
                0x100001cc                isr_irq0
                0x100001cc                isr_irq6
                0x100001cc                isr_irq22
                0x100001cc                isr_irq17
                0x100001cc                isr_irq14
                0x100001cc                isr_irq2
                0x100001cc                isr_irq10
                0x100001cc                isr_irq8
                0x100001cc                isr_irq24
                0x100001cc                isr_irq1
                0x100001cc                isr_irq7
                0x100001cc                isr_irq21
                0x100001cc                isr_irq20
                0x100001cc                isr_irq15
                0x100001cc                isr_irq25
                0x100001cc                isr_irq4
                0x100001cc                isr_irq16
                0x100001cc                isr_irq29
                0x100001cc                isr_irq26
                0x100001cc                __default_isrs_end
                0x100001cc                isr_irq3
                0x100001cc                isr_irq12
                0x100001cc                isr_irq9
                0x100001d2                unhandled_user_irq_num_in_r0
 *(.binary_info_header)
 .binary_info_header
                0x100001d4       0x14 CMakeFiles/moduri.dir/home/blankmcu/Repos/pico-sdk/src/rp2_common/pico_crt0/crt0.S.obj
                0x100001e8                        __binary_info_header_end = .
 *(.embedded_block)
                0x100001e8                        __embedded_block_end = .
 *(.reset)
 .reset         0x100001e8       0x9c CMakeFiles/moduri.dir/home/blankmcu/Repos/pico-sdk/src/rp2_common/pico_crt0/crt0.S.obj
                0x100001e8                _entry_point
 *(.init)
 .init          0x10000284        0x4 /usr/lib/gcc/arm-none-eabi/13.3.1/thumb/v6-m/nofp/crti.o
                0x10000284                _init
 *(EXCLUDE_FILE(*libm.a: *libc.a:*lib_a-mem*.o *libgcc.a:) .text*)
 .text          0x10000288       0x98 /usr/lib/gcc/arm-none-eabi/13.3.1/thumb/v6-m/nofp/crtbegin.o
 .text.setupHardware
                0x10000320        0x8 CMakeFiles/moduri.dir/main.c.obj
 .text.main     0x10000328        0xe CMakeFiles/moduri.dir/main.c.obj
                0x10000328                main
 *fill*         0x10000336        0x2 
 .text.networkTask
                0x10000338       0x30 CMakeFiles/moduri.dir/OS/Source/OS_manager.c.obj
 .text.queueSendTask
                0x10000368       0x2c CMakeFiles/moduri.dir/OS/Source/OS_manager.c.obj
 .text.queueReceiveTask
                0x10000394       0x38 CMakeFiles/moduri.dir/OS/Source/OS_manager.c.obj
 .text.OS_start
                0x100003cc       0xcc CMakeFiles/moduri.dir/OS/Source/OS_manager.c.obj
                0x100003cc                OS_start
 .text.CriticalErrorHandler
                0x10000498       0x18 CMakeFiles/moduri.dir/Misc/Source/Common.c.obj
                0x10000498                CriticalErrorHandler
 .text.tcp_client_connected_callback
                0x100004b0       0x30 CMakeFiles/moduri.dir/WiFi/Source/WiFi_TCP.c.obj
 .text.tcp_client_recv_callback
                0x100004e0       0x7c CMakeFiles/moduri.dir/WiFi/Source/WiFi_TCP.c.obj
 .text.tcp_client_send
                0x1000055c       0x6c CMakeFiles/moduri.dir/WiFi/Source/WiFi_TCP.c.obj
                0x1000055c                tcp_client_send
 .text.tcp_client_init
                0x100005c8       0xa0 CMakeFiles/moduri.dir/WiFi/Source/WiFi_TCP.c.obj
                0x100005c8                tcp_client_init
 .text.start_TCP_client
                0x10000668       0x30 CMakeFiles/moduri.dir/WiFi/Source/WiFi_TCP.c.obj
                0x10000668                start_TCP_client
 .text.configStaticIP
                0x10000698       0x40 CMakeFiles/moduri.dir/WiFi/Source/WiFi_Init.c.obj
 .text.connectToWifi
                0x100006d8       0x74 CMakeFiles/moduri.dir/WiFi/Source/WiFi_Init.c.obj
                0x100006d8                connectToWifi
 .text.WiFi_MainFunction
                0x1000074c       0x48 CMakeFiles/moduri.dir/WiFi/Source/WiFi_main.c.obj
                0x1000074c                WiFi_MainFunction
 .text.clear_lwip_context
                0x10000794       0x10 CMakeFiles/moduri.dir/home/blankmcu/Repos/pico-sdk/src/rp2_common/pico_lwip/lwip_freertos.c.obj
 .text.tcpip_init_done
                0x100007a4        0xe CMakeFiles/moduri.dir/home/blankmcu/Repos/pico-sdk/src/rp2_common/pico_lwip/lwip_freertos.c.obj
 *fill*         0x100007b2        0x2 
 .text.lwip_freertos_init
                0x100007b4       0x8c CMakeFiles/moduri.dir/home/blankmcu/Repos/pico-sdk/src/rp2_common/pico_lwip/lwip_freertos.c.obj
                0x100007b4                lwip_freertos_init
 .text.lwip_freertos_deinit
                0x10000840       0x14 CMakeFiles/moduri.dir/home/blankmcu/Repos/pico-sdk/src/rp2_common/pico_lwip/lwip_freertos.c.obj
                0x10000840                lwip_freertos_deinit
 .text.pico_lwip_custom_lock_tcpip_core
                0x10000854       0x2c CMakeFiles/moduri.dir/home/blankmcu/Repos/pico-sdk/src/rp2_common/pico_lwip/lwip_freertos.c.obj
                0x10000854                pico_lwip_custom_lock_tcpip_core
 .text.pico_lwip_custom_unlock_tcpip_core
                0x10000880       0x14 CMakeFiles/moduri.dir/home/blankmcu/Repos/pico-sdk/src/rp2_common/pico_lwip/lwip_freertos.c.obj
                0x10000880                pico_lwip_custom_unlock_tcpip_core
 .text.async_context_base_add_at_time_worker
                0x10000894       0x1c CMakeFiles/moduri.dir/home/blankmcu/Repos/pico-sdk/src/rp2_common/pico_async_context/async_context_base.c.obj
                0x10000894                async_context_base_add_at_time_worker
 .text.async_context_base_remove_at_time_worker
                0x100008b0       0x1c CMakeFiles/moduri.dir/home/blankmcu/Repos/pico-sdk/src/rp2_common/pico_async_context/async_context_base.c.obj
                0x100008b0                async_context_base_remove_at_time_worker
 .text.async_context_base_add_when_pending_worker
                0x100008cc       0x1c CMakeFiles/moduri.dir/home/blankmcu/Repos/pico-sdk/src/rp2_common/pico_async_context/async_context_base.c.obj
                0x100008cc                async_context_base_add_when_pending_worker
 .text.async_context_base_remove_when_pending_worker
                0x100008e8       0x1c CMakeFiles/moduri.dir/home/blankmcu/Repos/pico-sdk/src/rp2_common/pico_async_context/async_context_base.c.obj
                0x100008e8                async_context_base_remove_when_pending_worker
 .text.async_context_base_remove_ready_at_time_worker
                0x10000904       0x7c CMakeFiles/moduri.dir/home/blankmcu/Repos/pico-sdk/src/rp2_common/pico_async_context/async_context_base.c.obj
                0x10000904                async_context_base_remove_ready_at_time_worker
 .text.async_context_base_refresh_next_timeout
                0x10000980       0x48 CMakeFiles/moduri.dir/home/blankmcu/Repos/pico-sdk/src/rp2_common/pico_async_context/async_context_base.c.obj
                0x10000980                async_context_base_refresh_next_timeout
 .text.async_context_base_execute_once
                0x100009c8       0x40 CMakeFiles/moduri.dir/home/blankmcu/Repos/pico-sdk/src/rp2_common/pico_async_context/async_context_base.c.obj
                0x100009c8                async_context_base_execute_once
 .text.panic    0x10000a08       0x30 CMakeFiles/moduri.dir/home/blankmcu/Repos/pico-sdk/src/rp2_common/pico_platform_panic/panic.c.obj
                0x10000a08                panic
 .text.panic_unsupported
                0x10000a38        0xc CMakeFiles/moduri.dir/home/blankmcu/Repos/pico-sdk/src/rp2_common/pico_platform_panic/panic.c.obj
                0x10000a38                panic_unsupported
 .text.lwip_init
                0x10000a44       0x28 CMakeFiles/moduri.dir/home/blankmcu/Repos/pico-sdk/lib/lwip/src/core/init.c.obj
                0x10000a44                lwip_init
 .text.lwip_htons
                0x10000a6c        0xa CMakeFiles/moduri.dir/home/blankmcu/Repos/pico-sdk/lib/lwip/src/core/def.c.obj
                0x10000a6c                lwip_htons
 .text.lwip_htonl
                0x10000a76       0x1e CMakeFiles/moduri.dir/home/blankmcu/Repos/pico-sdk/lib/lwip/src/core/def.c.obj
                0x10000a76                lwip_htonl
 .text.dns_backupserver_available
                0x10000a94       0x28 CMakeFiles/moduri.dir/home/blankmcu/Repos/pico-sdk/lib/lwip/src/core/dns.c.obj
 .text.dns_create_txid
                0x10000abc       0x3c CMakeFiles/moduri.dir/home/blankmcu/Repos/pico-sdk/lib/lwip/src/core/dns.c.obj
 .text.dns_call_found
                0x10000af8       0xf4 CMakeFiles/moduri.dir/home/blankmcu/Repos/pico-sdk/lib/lwip/src/core/dns.c.obj
 .text.dns_send
                0x10000bec      0x17c CMakeFiles/moduri.dir/home/blankmcu/Repos/pico-sdk/lib/lwip/src/core/dns.c.obj
 .text.dns_check_entry
                0x10000d68      0x11c CMakeFiles/moduri.dir/home/blankmcu/Repos/pico-sdk/lib/lwip/src/core/dns.c.obj
 .text.dns_check_entries
                0x10000e84       0x16 CMakeFiles/moduri.dir/home/blankmcu/Repos/pico-sdk/lib/lwip/src/core/dns.c.obj
 .text.dns_init
                0x10000e9a        0x2 CMakeFiles/moduri.dir/home/blankmcu/Repos/pico-sdk/lib/lwip/src/core/dns.c.obj
                0x10000e9a                dns_init
 .text.dns_setserver
                0x10000e9c       0x28 CMakeFiles/moduri.dir/home/blankmcu/Repos/pico-sdk/lib/lwip/src/core/dns.c.obj
                0x10000e9c                dns_setserver
 .text.dns_tmr  0x10000ec4        0x8 CMakeFiles/moduri.dir/home/blankmcu/Repos/pico-sdk/lib/lwip/src/core/dns.c.obj
                0x10000ec4                dns_tmr
 .text.lwip_standard_chksum
                0x10000ecc       0xa0 CMakeFiles/moduri.dir/home/blankmcu/Repos/pico-sdk/lib/lwip/src/core/inet_chksum.c.obj
                0x10000ecc                lwip_standard_chksum
 .text.inet_cksum_pseudo_base
                0x10000f6c       0x82 CMakeFiles/moduri.dir/home/blankmcu/Repos/pico-sdk/lib/lwip/src/core/inet_chksum.c.obj
 .text.inet_chksum_pseudo
                0x10000fee       0x30 CMakeFiles/moduri.dir/home/blankmcu/Repos/pico-sdk/lib/lwip/src/core/inet_chksum.c.obj
                0x10000fee                inet_chksum_pseudo
 .text.ip_chksum_pseudo
                0x1000101e       0x10 CMakeFiles/moduri.dir/home/blankmcu/Repos/pico-sdk/lib/lwip/src/core/inet_chksum.c.obj
                0x1000101e                ip_chksum_pseudo
 .text.inet_chksum
                0x1000102e        0xc CMakeFiles/moduri.dir/home/blankmcu/Repos/pico-sdk/lib/lwip/src/core/inet_chksum.c.obj
                0x1000102e                inet_chksum
 .text.inet_chksum_pbuf
                0x1000103a       0x52 CMakeFiles/moduri.dir/home/blankmcu/Repos/pico-sdk/lib/lwip/src/core/inet_chksum.c.obj
                0x1000103a                inet_chksum_pbuf
 .text.ptr_to_mem
                0x1000108c        0xc CMakeFiles/moduri.dir/home/blankmcu/Repos/pico-sdk/lib/lwip/src/core/mem.c.obj
 .text.mem_to_ptr
                0x10001098       0x10 CMakeFiles/moduri.dir/home/blankmcu/Repos/pico-sdk/lib/lwip/src/core/mem.c.obj
 .text.mem_link_valid
                0x100010a8       0x5c CMakeFiles/moduri.dir/home/blankmcu/Repos/pico-sdk/lib/lwip/src/core/mem.c.obj
 .text.plug_holes
                0x10001104       0xd0 CMakeFiles/moduri.dir/home/blankmcu/Repos/pico-sdk/lib/lwip/src/core/mem.c.obj
 .text.mem_init
                0x100011d4       0x58 CMakeFiles/moduri.dir/home/blankmcu/Repos/pico-sdk/lib/lwip/src/core/mem.c.obj
                0x100011d4                mem_init
 .text.mem_free
                0x1000122c       0x94 CMakeFiles/moduri.dir/home/blankmcu/Repos/pico-sdk/lib/lwip/src/core/mem.c.obj
                0x1000122c                mem_free
 .text.mem_trim
                0x100012c0      0x14c CMakeFiles/moduri.dir/home/blankmcu/Repos/pico-sdk/lib/lwip/src/core/mem.c.obj
                0x100012c0                mem_trim
 .text.mem_malloc
                0x1000140c      0x14c CMakeFiles/moduri.dir/home/blankmcu/Repos/pico-sdk/lib/lwip/src/core/mem.c.obj
                0x1000140c                mem_malloc
 .text.do_memp_malloc_pool
                0x10001558       0x30 CMakeFiles/moduri.dir/home/blankmcu/Repos/pico-sdk/lib/lwip/src/core/memp.c.obj
 .text.do_memp_free_pool
                0x10001588       0x28 CMakeFiles/moduri.dir/home/blankmcu/Repos/pico-sdk/lib/lwip/src/core/memp.c.obj
 .text.memp_init_pool
                0x100015b0       0x2a CMakeFiles/moduri.dir/home/blankmcu/Repos/pico-sdk/lib/lwip/src/core/memp.c.obj
                0x100015b0                memp_init_pool
 *fill*         0x100015da        0x2 
 .text.memp_init
                0x100015dc       0x20 CMakeFiles/moduri.dir/home/blankmcu/Repos/pico-sdk/lib/lwip/src/core/memp.c.obj
                0x100015dc                memp_init
 .text.memp_malloc
                0x100015fc       0x24 CMakeFiles/moduri.dir/home/blankmcu/Repos/pico-sdk/lib/lwip/src/core/memp.c.obj
                0x100015fc                memp_malloc
 .text.memp_free
                0x10001620       0x28 CMakeFiles/moduri.dir/home/blankmcu/Repos/pico-sdk/lib/lwip/src/core/memp.c.obj
                0x10001620                memp_free
 .text.netif_do_set_netmask
                0x10001648       0x12 CMakeFiles/moduri.dir/home/blankmcu/Repos/pico-sdk/lib/lwip/src/core/netif.c.obj
 .text.netif_do_set_gw
                0x1000165a       0x12 CMakeFiles/moduri.dir/home/blankmcu/Repos/pico-sdk/lib/lwip/src/core/netif.c.obj
 .text.netif_null_output_ip4
                0x1000166c        0x6 CMakeFiles/moduri.dir/home/blankmcu/Repos/pico-sdk/lib/lwip/src/core/netif.c.obj
 .text.netif_do_ip_addr_changed
                0x10001672       0x1c CMakeFiles/moduri.dir/home/blankmcu/Repos/pico-sdk/lib/lwip/src/core/netif.c.obj
 *fill*         0x1000168e        0x2 
 .text.netif_issue_reports
                0x10001690       0x34 CMakeFiles/moduri.dir/home/blankmcu/Repos/pico-sdk/lib/lwip/src/core/netif.c.obj
 .text.netif_do_set_ipaddr
                0x100016c4       0x54 CMakeFiles/moduri.dir/home/blankmcu/Repos/pico-sdk/lib/lwip/src/core/netif.c.obj
 .text.netif_init
                0x10001718        0x2 CMakeFiles/moduri.dir/home/blankmcu/Repos/pico-sdk/lib/lwip/src/core/netif.c.obj
                0x10001718                netif_init
 *fill*         0x1000171a        0x2 
 .text.netif_set_addr
                0x1000171c       0x78 CMakeFiles/moduri.dir/home/blankmcu/Repos/pico-sdk/lib/lwip/src/core/netif.c.obj
                0x1000171c                netif_set_addr
 .text.netif_add
                0x10001794      0x124 CMakeFiles/moduri.dir/home/blankmcu/Repos/pico-sdk/lib/lwip/src/core/netif.c.obj
                0x10001794                netif_add
 .text.netif_set_default
                0x100018b8        0xc CMakeFiles/moduri.dir/home/blankmcu/Repos/pico-sdk/lib/lwip/src/core/netif.c.obj
                0x100018b8                netif_set_default
 .text.netif_set_up
                0x100018c4       0x34 CMakeFiles/moduri.dir/home/blankmcu/Repos/pico-sdk/lib/lwip/src/core/netif.c.obj
                0x100018c4                netif_set_up
 .text.netif_set_down
                0x100018f8       0x3c CMakeFiles/moduri.dir/home/blankmcu/Repos/pico-sdk/lib/lwip/src/core/netif.c.obj
                0x100018f8                netif_set_down
 .text.netif_remove
                0x10001934       0x64 CMakeFiles/moduri.dir/home/blankmcu/Repos/pico-sdk/lib/lwip/src/core/netif.c.obj
                0x10001934                netif_remove
 .text.netif_set_link_up
                0x10001998       0x3c CMakeFiles/moduri.dir/home/blankmcu/Repos/pico-sdk/lib/lwip/src/core/netif.c.obj
                0x10001998                netif_set_link_up
 .text.netif_set_link_down
                0x100019d4       0x2c CMakeFiles/moduri.dir/home/blankmcu/Repos/pico-sdk/lib/lwip/src/core/netif.c.obj
                0x100019d4                netif_set_link_down
 .text.netif_get_by_index
                0x10001a00       0x24 CMakeFiles/moduri.dir/home/blankmcu/Repos/pico-sdk/lib/lwip/src/core/netif.c.obj
                0x10001a00                netif_get_by_index
 .text.pbuf_init_alloced_pbuf
                0x10001a24       0x20 CMakeFiles/moduri.dir/home/blankmcu/Repos/pico-sdk/lib/lwip/src/core/pbuf.c.obj
 .text.pbuf_skip_const
                0x10001a44       0x1a CMakeFiles/moduri.dir/home/blankmcu/Repos/pico-sdk/lib/lwip/src/core/pbuf.c.obj
 *fill*         0x10001a5e        0x2 
 .text.pbuf_add_header_impl
                0x10001a60       0x68 CMakeFiles/moduri.dir/home/blankmcu/Repos/pico-sdk/lib/lwip/src/core/pbuf.c.obj
 .text.pbuf_pool_is_empty
                0x10001ac8       0x40 CMakeFiles/moduri.dir/home/blankmcu/Repos/pico-sdk/lib/lwip/src/core/pbuf.c.obj
 .text.pbuf_free_ooseq
                0x10001b08       0x30 CMakeFiles/moduri.dir/home/blankmcu/Repos/pico-sdk/lib/lwip/src/core/pbuf.c.obj
 .text.pbuf_free_ooseq_callback
                0x10001b38        0x8 CMakeFiles/moduri.dir/home/blankmcu/Repos/pico-sdk/lib/lwip/src/core/pbuf.c.obj
 .text.pbuf_alloc_reference
                0x10001b40       0x3c CMakeFiles/moduri.dir/home/blankmcu/Repos/pico-sdk/lib/lwip/src/core/pbuf.c.obj
                0x10001b40                pbuf_alloc_reference
 .text.pbuf_add_header
                0x10001b7c        0xa CMakeFiles/moduri.dir/home/blankmcu/Repos/pico-sdk/lib/lwip/src/core/pbuf.c.obj
                0x10001b7c                pbuf_add_header
 *fill*         0x10001b86        0x2 
 .text.pbuf_remove_header
                0x10001b88       0x50 CMakeFiles/moduri.dir/home/blankmcu/Repos/pico-sdk/lib/lwip/src/core/pbuf.c.obj
                0x10001b88                pbuf_remove_header
 .text.pbuf_header_impl
                0x10001bd8       0x14 CMakeFiles/moduri.dir/home/blankmcu/Repos/pico-sdk/lib/lwip/src/core/pbuf.c.obj
 .text.pbuf_header_force
                0x10001bec        0xa CMakeFiles/moduri.dir/home/blankmcu/Repos/pico-sdk/lib/lwip/src/core/pbuf.c.obj
                0x10001bec                pbuf_header_force
 *fill*         0x10001bf6        0x2 
 .text.pbuf_free
                0x10001bf8       0x7c CMakeFiles/moduri.dir/home/blankmcu/Repos/pico-sdk/lib/lwip/src/core/pbuf.c.obj
                0x10001bf8                pbuf_free
 .text.pbuf_alloc
                0x10001c74      0x144 CMakeFiles/moduri.dir/home/blankmcu/Repos/pico-sdk/lib/lwip/src/core/pbuf.c.obj
                0x10001c74                pbuf_alloc
 .text.pbuf_realloc
                0x10001db8       0x84 CMakeFiles/moduri.dir/home/blankmcu/Repos/pico-sdk/lib/lwip/src/core/pbuf.c.obj
                0x10001db8                pbuf_realloc
 .text.pbuf_clen
                0x10001e3c       0x12 CMakeFiles/moduri.dir/home/blankmcu/Repos/pico-sdk/lib/lwip/src/core/pbuf.c.obj
                0x10001e3c                pbuf_clen
 *fill*         0x10001e4e        0x2 
 .text.pbuf_ref
                0x10001e50       0x28 CMakeFiles/moduri.dir/home/blankmcu/Repos/pico-sdk/lib/lwip/src/core/pbuf.c.obj
                0x10001e50                pbuf_ref
 .text.pbuf_cat
                0x10001e78       0x44 CMakeFiles/moduri.dir/home/blankmcu/Repos/pico-sdk/lib/lwip/src/core/pbuf.c.obj
                0x10001e78                pbuf_cat
 .text.pbuf_chain
                0x10001ebc       0x10 CMakeFiles/moduri.dir/home/blankmcu/Repos/pico-sdk/lib/lwip/src/core/pbuf.c.obj
                0x10001ebc                pbuf_chain
 .text.pbuf_copy_partial_pbuf
                0x10001ecc      0x13c CMakeFiles/moduri.dir/home/blankmcu/Repos/pico-sdk/lib/lwip/src/core/pbuf.c.obj
                0x10001ecc                pbuf_copy_partial_pbuf
 .text.pbuf_copy
                0x10002008       0x20 CMakeFiles/moduri.dir/home/blankmcu/Repos/pico-sdk/lib/lwip/src/core/pbuf.c.obj
                0x10002008                pbuf_copy
 .text.pbuf_copy_partial
                0x10002028       0x88 CMakeFiles/moduri.dir/home/blankmcu/Repos/pico-sdk/lib/lwip/src/core/pbuf.c.obj
                0x10002028                pbuf_copy_partial
 .text.pbuf_skip
                0x100020b0        0x8 CMakeFiles/moduri.dir/home/blankmcu/Repos/pico-sdk/lib/lwip/src/core/pbuf.c.obj
                0x100020b0                pbuf_skip
 .text.pbuf_take
                0x100020b8       0x98 CMakeFiles/moduri.dir/home/blankmcu/Repos/pico-sdk/lib/lwip/src/core/pbuf.c.obj
                0x100020b8                pbuf_take
 .text.pbuf_take_at
                0x10002150       0x70 CMakeFiles/moduri.dir/home/blankmcu/Repos/pico-sdk/lib/lwip/src/core/pbuf.c.obj
                0x10002150                pbuf_take_at
 .text.pbuf_clone
                0x100021c0       0x2c CMakeFiles/moduri.dir/home/blankmcu/Repos/pico-sdk/lib/lwip/src/core/pbuf.c.obj
                0x100021c0                pbuf_clone
 .text.pbuf_put_at
                0x100021ec       0x26 CMakeFiles/moduri.dir/home/blankmcu/Repos/pico-sdk/lib/lwip/src/core/pbuf.c.obj
                0x100021ec                pbuf_put_at
 *fill*         0x10002212        0x2 
 .text.raw_input_local_match
                0x10002214       0x5c CMakeFiles/moduri.dir/home/blankmcu/Repos/pico-sdk/lib/lwip/src/core/raw.c.obj
 .text.raw_input
                0x10002270       0xb4 CMakeFiles/moduri.dir/home/blankmcu/Repos/pico-sdk/lib/lwip/src/core/raw.c.obj
                0x10002270                raw_input
 .text.raw_netif_ip_addr_changed
                0x10002324       0x38 CMakeFiles/moduri.dir/home/blankmcu/Repos/pico-sdk/lib/lwip/src/core/raw.c.obj
                0x10002324                raw_netif_ip_addr_changed
 .text.stats_init
                0x1000235c        0x2 CMakeFiles/moduri.dir/home/blankmcu/Repos/pico-sdk/lib/lwip/src/core/stats.c.obj
                0x1000235c                stats_init
 *fill*         0x1000235e        0x2 
 .text.tcp_new_port
                0x10002360       0x6c CMakeFiles/moduri.dir/home/blankmcu/Repos/pico-sdk/lib/lwip/src/core/tcp.c.obj
 .text.tcp_remove_listener
                0x100023cc       0x24 CMakeFiles/moduri.dir/home/blankmcu/Repos/pico-sdk/lib/lwip/src/core/tcp.c.obj
 .text.tcp_listen_closed
                0x100023f0       0x40 CMakeFiles/moduri.dir/home/blankmcu/Repos/pico-sdk/lib/lwip/src/core/tcp.c.obj
 .text.tcp_free_listen
                0x10002430       0x1c CMakeFiles/moduri.dir/home/blankmcu/Repos/pico-sdk/lib/lwip/src/core/tcp.c.obj
 .text.tcp_close_shutdown_fin
                0x1000244c       0x64 CMakeFiles/moduri.dir/home/blankmcu/Repos/pico-sdk/lib/lwip/src/core/tcp.c.obj
 .text.tcp_handle_closepend
                0x100024b0       0x28 CMakeFiles/moduri.dir/home/blankmcu/Repos/pico-sdk/lib/lwip/src/core/tcp.c.obj
 .text.tcp_init
                0x100024d8       0x20 CMakeFiles/moduri.dir/home/blankmcu/Repos/pico-sdk/lib/lwip/src/core/tcp.c.obj
                0x100024d8                tcp_init
 .text.tcp_free
                0x100024f8       0x1c CMakeFiles/moduri.dir/home/blankmcu/Repos/pico-sdk/lib/lwip/src/core/tcp.c.obj
                0x100024f8                tcp_free
 .text.tcp_update_rcv_ann_wnd
                0x10002514       0x58 CMakeFiles/moduri.dir/home/blankmcu/Repos/pico-sdk/lib/lwip/src/core/tcp.c.obj
                0x10002514                tcp_update_rcv_ann_wnd
 .text.tcp_recved
                0x1000256c       0x60 CMakeFiles/moduri.dir/home/blankmcu/Repos/pico-sdk/lib/lwip/src/core/tcp.c.obj
                0x1000256c                tcp_recved
 .text.tcp_seg_free
                0x100025cc       0x1a CMakeFiles/moduri.dir/home/blankmcu/Repos/pico-sdk/lib/lwip/src/core/tcp.c.obj
                0x100025cc                tcp_seg_free
 .text.tcp_segs_free
                0x100025e6       0x12 CMakeFiles/moduri.dir/home/blankmcu/Repos/pico-sdk/lib/lwip/src/core/tcp.c.obj
                0x100025e6                tcp_segs_free
 .text.tcp_seg_copy
                0x100025f8       0x2c CMakeFiles/moduri.dir/home/blankmcu/Repos/pico-sdk/lib/lwip/src/core/tcp.c.obj
                0x100025f8                tcp_seg_copy
 .text.tcp_arg  0x10002624        0x8 CMakeFiles/moduri.dir/home/blankmcu/Repos/pico-sdk/lib/lwip/src/core/tcp.c.obj
                0x10002624                tcp_arg
 .text.tcp_recv
                0x1000262c       0x1c CMakeFiles/moduri.dir/home/blankmcu/Repos/pico-sdk/lib/lwip/src/core/tcp.c.obj
                0x1000262c                tcp_recv
 .text.tcp_next_iss
                0x10002648       0x28 CMakeFiles/moduri.dir/home/blankmcu/Repos/pico-sdk/lib/lwip/src/core/tcp.c.obj
                0x10002648                tcp_next_iss
 .text.tcp_eff_send_mss_netif
                0x10002670       0x34 CMakeFiles/moduri.dir/home/blankmcu/Repos/pico-sdk/lib/lwip/src/core/tcp.c.obj
                0x10002670                tcp_eff_send_mss_netif
 .text.tcp_connect
                0x100026a4      0x134 CMakeFiles/moduri.dir/home/blankmcu/Repos/pico-sdk/lib/lwip/src/core/tcp.c.obj
                0x100026a4                tcp_connect
 .text.tcp_free_ooseq
                0x100027d8       0x14 CMakeFiles/moduri.dir/home/blankmcu/Repos/pico-sdk/lib/lwip/src/core/tcp.c.obj
                0x100027d8                tcp_free_ooseq
 .text.tcp_pcb_purge
                0x100027ec       0x58 CMakeFiles/moduri.dir/home/blankmcu/Repos/pico-sdk/lib/lwip/src/core/tcp.c.obj
                0x100027ec                tcp_pcb_purge
 .text.tcp_pcb_remove
                0x10002844       0xa4 CMakeFiles/moduri.dir/home/blankmcu/Repos/pico-sdk/lib/lwip/src/core/tcp.c.obj
                0x10002844                tcp_pcb_remove
 .text.tcp_abandon
                0x100028e8      0x10c CMakeFiles/moduri.dir/home/blankmcu/Repos/pico-sdk/lib/lwip/src/core/tcp.c.obj
                0x100028e8                tcp_abandon
 .text.tcp_abort
                0x100029f4        0xa CMakeFiles/moduri.dir/home/blankmcu/Repos/pico-sdk/lib/lwip/src/core/tcp.c.obj
                0x100029f4                tcp_abort
 *fill*         0x100029fe        0x2 
 .text.tcp_kill_timewait
                0x10002a00       0x38 CMakeFiles/moduri.dir/home/blankmcu/Repos/pico-sdk/lib/lwip/src/core/tcp.c.obj
 .text.tcp_kill_prio
                0x10002a38       0x58 CMakeFiles/moduri.dir/home/blankmcu/Repos/pico-sdk/lib/lwip/src/core/tcp.c.obj
 .text.tcp_netif_ip_addr_changed_pcblist
                0x10002a90       0x30 CMakeFiles/moduri.dir/home/blankmcu/Repos/pico-sdk/lib/lwip/src/core/tcp.c.obj
 .text.tcp_netif_ip_addr_changed
                0x10002ac0       0x54 CMakeFiles/moduri.dir/home/blankmcu/Repos/pico-sdk/lib/lwip/src/core/tcp.c.obj
                0x10002ac0                tcp_netif_ip_addr_changed
 .text.tcp_kill_state
                0x10002b14       0x54 CMakeFiles/moduri.dir/home/blankmcu/Repos/pico-sdk/lib/lwip/src/core/tcp.c.obj
 .text.tcp_alloc
                0x10002b68       0xc8 CMakeFiles/moduri.dir/home/blankmcu/Repos/pico-sdk/lib/lwip/src/core/tcp.c.obj
                0x10002b68                tcp_alloc
 .text.tcp_new  0x10002c30        0xa CMakeFiles/moduri.dir/home/blankmcu/Repos/pico-sdk/lib/lwip/src/core/tcp.c.obj
                0x10002c30                tcp_new
 *fill*         0x10002c3a        0x2 
 .text.tcp_close_shutdown
                0x10002c3c      0x13c CMakeFiles/moduri.dir/home/blankmcu/Repos/pico-sdk/lib/lwip/src/core/tcp.c.obj
 .text.tcp_close
                0x10002d78       0x2c CMakeFiles/moduri.dir/home/blankmcu/Repos/pico-sdk/lib/lwip/src/core/tcp.c.obj
                0x10002d78                tcp_close
 .text.tcp_recv_null
                0x10002da4       0x3c CMakeFiles/moduri.dir/home/blankmcu/Repos/pico-sdk/lib/lwip/src/core/tcp.c.obj
                0x10002da4                tcp_recv_null
 .text.tcp_process_refused_data
                0x10002de0       0x88 CMakeFiles/moduri.dir/home/blankmcu/Repos/pico-sdk/lib/lwip/src/core/tcp.c.obj
                0x10002de0                tcp_process_refused_data
 .text.tcp_fasttmr
                0x10002e68       0x80 CMakeFiles/moduri.dir/home/blankmcu/Repos/pico-sdk/lib/lwip/src/core/tcp.c.obj
                0x10002e68                tcp_fasttmr
 .text.tcp_slowtmr
                0x10002ee8      0x44c CMakeFiles/moduri.dir/home/blankmcu/Repos/pico-sdk/lib/lwip/src/core/tcp.c.obj
                0x10002ee8                tcp_slowtmr
 .text.tcp_tmr  0x10003334       0x20 CMakeFiles/moduri.dir/home/blankmcu/Repos/pico-sdk/lib/lwip/src/core/tcp.c.obj
                0x10003334                tcp_tmr
 .text.tcp_get_next_optbyte
                0x10003354       0x40 CMakeFiles/moduri.dir/home/blankmcu/Repos/pico-sdk/lib/lwip/src/core/tcp_in.c.obj
 .text.tcp_parseopt
                0x10003394       0x98 CMakeFiles/moduri.dir/home/blankmcu/Repos/pico-sdk/lib/lwip/src/core/tcp_in.c.obj
 .text.tcp_input_delayed_close
                0x1000342c       0x4c CMakeFiles/moduri.dir/home/blankmcu/Repos/pico-sdk/lib/lwip/src/core/tcp_in.c.obj
 .text.tcp_timewait_input
                0x10003478       0xa0 CMakeFiles/moduri.dir/home/blankmcu/Repos/pico-sdk/lib/lwip/src/core/tcp_in.c.obj
 .text.tcp_listen_input
                0x10003518      0x15c CMakeFiles/moduri.dir/home/blankmcu/Repos/pico-sdk/lib/lwip/src/core/tcp_in.c.obj
 .text.tcp_free_acked_segments
                0x10003674       0xc0 CMakeFiles/moduri.dir/home/blankmcu/Repos/pico-sdk/lib/lwip/src/core/tcp_in.c.obj
 .text.tcp_oos_insert_segment
                0x10003734       0xd4 CMakeFiles/moduri.dir/home/blankmcu/Repos/pico-sdk/lib/lwip/src/core/tcp_in.c.obj
 .text.tcp_receive
                0x10003808      0x9c8 CMakeFiles/moduri.dir/home/blankmcu/Repos/pico-sdk/lib/lwip/src/core/tcp_in.c.obj
 .text.tcp_process
                0x100041d0      0x55c CMakeFiles/moduri.dir/home/blankmcu/Repos/pico-sdk/lib/lwip/src/core/tcp_in.c.obj
 .text.tcp_input
                0x1000472c      0x660 CMakeFiles/moduri.dir/home/blankmcu/Repos/pico-sdk/lib/lwip/src/core/tcp_in.c.obj
                0x1000472c                tcp_input
 .text.tcp_trigger_input_pcb_close
                0x10004d8c       0x10 CMakeFiles/moduri.dir/home/blankmcu/Repos/pico-sdk/lib/lwip/src/core/tcp_in.c.obj
                0x10004d8c                tcp_trigger_input_pcb_close
 .text.tcp_write_checks
                0x10004d9c       0xa8 CMakeFiles/moduri.dir/home/blankmcu/Repos/pico-sdk/lib/lwip/src/core/tcp_out.c.obj
 .text.tcp_output_segment_busy
                0x10004e44       0x20 CMakeFiles/moduri.dir/home/blankmcu/Repos/pico-sdk/lib/lwip/src/core/tcp_out.c.obj
 .text.tcp_output_fill_options
                0x10004e64       0x30 CMakeFiles/moduri.dir/home/blankmcu/Repos/pico-sdk/lib/lwip/src/core/tcp_out.c.obj
 .text.tcp_pbuf_prealloc
                0x10004e94       0x4c CMakeFiles/moduri.dir/home/blankmcu/Repos/pico-sdk/lib/lwip/src/core/tcp_out.c.obj
 .text.tcp_create_segment
                0x10004ee0       0xf4 CMakeFiles/moduri.dir/home/blankmcu/Repos/pico-sdk/lib/lwip/src/core/tcp_out.c.obj
 .text.tcp_output_alloc_header_common
                0x10004fd4       0xd0 CMakeFiles/moduri.dir/home/blankmcu/Repos/pico-sdk/lib/lwip/src/core/tcp_out.c.obj
 .text.tcp_output_alloc_header
                0x100050a4       0x38 CMakeFiles/moduri.dir/home/blankmcu/Repos/pico-sdk/lib/lwip/src/core/tcp_out.c.obj
 .text.tcp_rst_common
                0x100050dc       0x68 CMakeFiles/moduri.dir/home/blankmcu/Repos/pico-sdk/lib/lwip/src/core/tcp_out.c.obj
 .text.tcp_route
                0x10005144       0x1a CMakeFiles/moduri.dir/home/blankmcu/Repos/pico-sdk/lib/lwip/src/core/tcp_out.c.obj
 *fill*         0x1000515e        0x2 
 .text.tcp_output_segment
                0x10005160      0x164 CMakeFiles/moduri.dir/home/blankmcu/Repos/pico-sdk/lib/lwip/src/core/tcp_out.c.obj
 .text.tcp_output_control_segment_netif
                0x100052c4       0x84 CMakeFiles/moduri.dir/home/blankmcu/Repos/pico-sdk/lib/lwip/src/core/tcp_out.c.obj
 .text.tcp_output_control_segment
                0x10005348       0x44 CMakeFiles/moduri.dir/home/blankmcu/Repos/pico-sdk/lib/lwip/src/core/tcp_out.c.obj
 .text.tcp_write
                0x1000538c      0x354 CMakeFiles/moduri.dir/home/blankmcu/Repos/pico-sdk/lib/lwip/src/core/tcp_out.c.obj
                0x1000538c                tcp_write
 .text.tcp_split_unsent_seg
                0x100056e0      0x1d8 CMakeFiles/moduri.dir/home/blankmcu/Repos/pico-sdk/lib/lwip/src/core/tcp_out.c.obj
                0x100056e0                tcp_split_unsent_seg
 .text.tcp_enqueue_flags
                0x100058b8      0x11c CMakeFiles/moduri.dir/home/blankmcu/Repos/pico-sdk/lib/lwip/src/core/tcp_out.c.obj
                0x100058b8                tcp_enqueue_flags
 .text.tcp_send_fin
                0x100059d4       0x68 CMakeFiles/moduri.dir/home/blankmcu/Repos/pico-sdk/lib/lwip/src/core/tcp_out.c.obj
                0x100059d4                tcp_send_fin
 .text.tcp_rexmit_rto_prepare
                0x10005a3c       0xac CMakeFiles/moduri.dir/home/blankmcu/Repos/pico-sdk/lib/lwip/src/core/tcp_out.c.obj
                0x10005a3c                tcp_rexmit_rto_prepare
 .text.tcp_rexmit
                0x10005ae8       0xa4 CMakeFiles/moduri.dir/home/blankmcu/Repos/pico-sdk/lib/lwip/src/core/tcp_out.c.obj
                0x10005ae8                tcp_rexmit
 .text.tcp_rexmit_fast
                0x10005b8c       0x68 CMakeFiles/moduri.dir/home/blankmcu/Repos/pico-sdk/lib/lwip/src/core/tcp_out.c.obj
                0x10005b8c                tcp_rexmit_fast
 .text.tcp_rst  0x10005bf4       0x32 CMakeFiles/moduri.dir/home/blankmcu/Repos/pico-sdk/lib/lwip/src/core/tcp_out.c.obj
                0x10005bf4                tcp_rst
 .text.tcp_rst_netif
                0x10005c26       0x38 CMakeFiles/moduri.dir/home/blankmcu/Repos/pico-sdk/lib/lwip/src/core/tcp_out.c.obj
                0x10005c26                tcp_rst_netif
 *fill*         0x10005c5e        0x2 
 .text.tcp_send_empty_ack
                0x10005c60       0x64 CMakeFiles/moduri.dir/home/blankmcu/Repos/pico-sdk/lib/lwip/src/core/tcp_out.c.obj
                0x10005c60                tcp_send_empty_ack
 .text.tcp_output
                0x10005cc4      0x32c CMakeFiles/moduri.dir/home/blankmcu/Repos/pico-sdk/lib/lwip/src/core/tcp_out.c.obj
                0x10005cc4                tcp_output
 .text.tcp_rexmit_rto_commit
                0x10005ff0       0x24 CMakeFiles/moduri.dir/home/blankmcu/Repos/pico-sdk/lib/lwip/src/core/tcp_out.c.obj
                0x10005ff0                tcp_rexmit_rto_commit
 .text.tcp_rexmit_rto
                0x10006014       0x24 CMakeFiles/moduri.dir/home/blankmcu/Repos/pico-sdk/lib/lwip/src/core/tcp_out.c.obj
                0x10006014                tcp_rexmit_rto
 .text.tcp_keepalive
                0x10006038       0x48 CMakeFiles/moduri.dir/home/blankmcu/Repos/pico-sdk/lib/lwip/src/core/tcp_out.c.obj
                0x10006038                tcp_keepalive
 .text.tcp_zero_window_probe
                0x10006080      0x10c CMakeFiles/moduri.dir/home/blankmcu/Repos/pico-sdk/lib/lwip/src/core/tcp_out.c.obj
                0x10006080                tcp_zero_window_probe
 .text.sys_timeout_abs
                0x1000618c       0x60 CMakeFiles/moduri.dir/home/blankmcu/Repos/pico-sdk/lib/lwip/src/core/timeouts.c.obj
 .text.lwip_cyclic_timer
                0x100061ec       0x38 CMakeFiles/moduri.dir/home/blankmcu/Repos/pico-sdk/lib/lwip/src/core/timeouts.c.obj
 .text.sys_timeout
                0x10006224       0x2c CMakeFiles/moduri.dir/home/blankmcu/Repos/pico-sdk/lib/lwip/src/core/timeouts.c.obj
                0x10006224                sys_timeout
 .text.tcp_timer_needed
                0x10006250       0x40 CMakeFiles/moduri.dir/home/blankmcu/Repos/pico-sdk/lib/lwip/src/core/timeouts.c.obj
                0x10006250                tcp_timer_needed
 .text.tcpip_tcp_timer
                0x10006290       0x3c CMakeFiles/moduri.dir/home/blankmcu/Repos/pico-sdk/lib/lwip/src/core/timeouts.c.obj
 .text.sys_timeouts_init
                0x100062cc       0x24 CMakeFiles/moduri.dir/home/blankmcu/Repos/pico-sdk/lib/lwip/src/core/timeouts.c.obj
                0x100062cc                sys_timeouts_init
 .text.sys_check_timeouts
                0x100062f0       0x40 CMakeFiles/moduri.dir/home/blankmcu/Repos/pico-sdk/lib/lwip/src/core/timeouts.c.obj
                0x100062f0                sys_check_timeouts
 .text.sys_timeouts_sleeptime
                0x10006330       0x34 CMakeFiles/moduri.dir/home/blankmcu/Repos/pico-sdk/lib/lwip/src/core/timeouts.c.obj
                0x10006330                sys_timeouts_sleeptime
 .text.udp_new_port
                0x10006364       0x54 CMakeFiles/moduri.dir/home/blankmcu/Repos/pico-sdk/lib/lwip/src/core/udp.c.obj
 .text.udp_input_local_match
                0x100063b8       0x90 CMakeFiles/moduri.dir/home/blankmcu/Repos/pico-sdk/lib/lwip/src/core/udp.c.obj
 .text.udp_init
                0x10006448       0x20 CMakeFiles/moduri.dir/home/blankmcu/Repos/pico-sdk/lib/lwip/src/core/udp.c.obj
                0x10006448                udp_init
 .text.udp_input
                0x10006468      0x20c CMakeFiles/moduri.dir/home/blankmcu/Repos/pico-sdk/lib/lwip/src/core/udp.c.obj
                0x10006468                udp_input
 .text.udp_bind
                0x10006674       0xb0 CMakeFiles/moduri.dir/home/blankmcu/Repos/pico-sdk/lib/lwip/src/core/udp.c.obj
                0x10006674                udp_bind
 .text.udp_sendto_if_src
                0x10006724      0x17c CMakeFiles/moduri.dir/home/blankmcu/Repos/pico-sdk/lib/lwip/src/core/udp.c.obj
                0x10006724                udp_sendto_if_src
 .text.udp_sendto_if
                0x100068a0       0x84 CMakeFiles/moduri.dir/home/blankmcu/Repos/pico-sdk/lib/lwip/src/core/udp.c.obj
                0x100068a0                udp_sendto_if
 .text.udp_sendto
                0x10006924       0x84 CMakeFiles/moduri.dir/home/blankmcu/Repos/pico-sdk/lib/lwip/src/core/udp.c.obj
                0x10006924                udp_sendto
 .text.udp_connect
                0x100069a8       0x74 CMakeFiles/moduri.dir/home/blankmcu/Repos/pico-sdk/lib/lwip/src/core/udp.c.obj
                0x100069a8                udp_connect
 .text.udp_recv
                0x10006a1c       0x18 CMakeFiles/moduri.dir/home/blankmcu/Repos/pico-sdk/lib/lwip/src/core/udp.c.obj
                0x10006a1c                udp_recv
 .text.udp_remove
                0x10006a34       0x44 CMakeFiles/moduri.dir/home/blankmcu/Repos/pico-sdk/lib/lwip/src/core/udp.c.obj
                0x10006a34                udp_remove
 .text.udp_new  0x10006a78       0x1c CMakeFiles/moduri.dir/home/blankmcu/Repos/pico-sdk/lib/lwip/src/core/udp.c.obj
                0x10006a78                udp_new
 .text.udp_netif_ip_addr_changed
                0x10006a94       0x38 CMakeFiles/moduri.dir/home/blankmcu/Repos/pico-sdk/lib/lwip/src/core/udp.c.obj
                0x10006a94                udp_netif_ip_addr_changed
 .text.dhcp_set_state
                0x10006acc       0x10 CMakeFiles/moduri.dir/home/blankmcu/Repos/pico-sdk/lib/lwip/src/core/ipv4/dhcp.c.obj
 .text.dhcp_option_short
                0x10006adc       0x24 CMakeFiles/moduri.dir/home/blankmcu/Repos/pico-sdk/lib/lwip/src/core/ipv4/dhcp.c.obj
 .text.dhcp_option
                0x10006b00       0x24 CMakeFiles/moduri.dir/home/blankmcu/Repos/pico-sdk/lib/lwip/src/core/ipv4/dhcp.c.obj
 .text.dhcp_option_byte
                0x10006b24       0x1c CMakeFiles/moduri.dir/home/blankmcu/Repos/pico-sdk/lib/lwip/src/core/ipv4/dhcp.c.obj
 .text.dhcp_option_long
                0x10006b40       0x34 CMakeFiles/moduri.dir/home/blankmcu/Repos/pico-sdk/lib/lwip/src/core/ipv4/dhcp.c.obj
 .text.dhcp_create_msg
                0x10006b74      0x138 CMakeFiles/moduri.dir/home/blankmcu/Repos/pico-sdk/lib/lwip/src/core/ipv4/dhcp.c.obj
 .text.dhcp_option_hostname
                0x10006cac       0x70 CMakeFiles/moduri.dir/home/blankmcu/Repos/pico-sdk/lib/lwip/src/core/ipv4/dhcp.c.obj
 .text.dhcp_option_trailer
                0x10006d1c       0x28 CMakeFiles/moduri.dir/home/blankmcu/Repos/pico-sdk/lib/lwip/src/core/ipv4/dhcp.c.obj
 .text.dhcp_rebind
                0x10006d44       0xfc CMakeFiles/moduri.dir/home/blankmcu/Repos/pico-sdk/lib/lwip/src/core/ipv4/dhcp.c.obj
 .text.dhcp_t2_timeout
                0x10006e40       0x30 CMakeFiles/moduri.dir/home/blankmcu/Repos/pico-sdk/lib/lwip/src/core/ipv4/dhcp.c.obj
 .text.dhcp_reboot
                0x10006e70      0x120 CMakeFiles/moduri.dir/home/blankmcu/Repos/pico-sdk/lib/lwip/src/core/ipv4/dhcp.c.obj
 .text.dhcp_select
                0x10006f90      0x16c CMakeFiles/moduri.dir/home/blankmcu/Repos/pico-sdk/lib/lwip/src/core/ipv4/dhcp.c.obj
 .text.dhcp_handle_offer
                0x100070fc       0x48 CMakeFiles/moduri.dir/home/blankmcu/Repos/pico-sdk/lib/lwip/src/core/ipv4/dhcp.c.obj
 .text.dhcp_discover
                0x10007144       0xf4 CMakeFiles/moduri.dir/home/blankmcu/Repos/pico-sdk/lib/lwip/src/core/ipv4/dhcp.c.obj
 .text.dhcp_dec_pcb_refcount
                0x10007238       0x38 CMakeFiles/moduri.dir/home/blankmcu/Repos/pico-sdk/lib/lwip/src/core/ipv4/dhcp.c.obj
 .text.dhcp_inc_pcb_refcount
                0x10007270       0x74 CMakeFiles/moduri.dir/home/blankmcu/Repos/pico-sdk/lib/lwip/src/core/ipv4/dhcp.c.obj
 .text.dhcp_parse_reply
                0x100072e4      0x2f4 CMakeFiles/moduri.dir/home/blankmcu/Repos/pico-sdk/lib/lwip/src/core/ipv4/dhcp.c.obj
 .text.dhcp_handle_ack
                0x100075d8       0xd0 CMakeFiles/moduri.dir/home/blankmcu/Repos/pico-sdk/lib/lwip/src/core/ipv4/dhcp.c.obj
 .text.dhcp_bind
                0x100076a8      0x100 CMakeFiles/moduri.dir/home/blankmcu/Repos/pico-sdk/lib/lwip/src/core/ipv4/dhcp.c.obj
 .text.dhcp_handle_nak
                0x100077a8       0x24 CMakeFiles/moduri.dir/home/blankmcu/Repos/pico-sdk/lib/lwip/src/core/ipv4/dhcp.c.obj
 .text.dhcp_recv
                0x100077cc       0xf4 CMakeFiles/moduri.dir/home/blankmcu/Repos/pico-sdk/lib/lwip/src/core/ipv4/dhcp.c.obj
 .text.dhcp_set_struct
                0x100078c0       0x44 CMakeFiles/moduri.dir/home/blankmcu/Repos/pico-sdk/lib/lwip/src/core/ipv4/dhcp.c.obj
                0x100078c0                dhcp_set_struct
 .text.dhcp_network_changed_link_up
                0x10007904       0x3c CMakeFiles/moduri.dir/home/blankmcu/Repos/pico-sdk/lib/lwip/src/core/ipv4/dhcp.c.obj
                0x10007904                dhcp_network_changed_link_up
 .text.dhcp_renew
                0x10007940       0xf8 CMakeFiles/moduri.dir/home/blankmcu/Repos/pico-sdk/lib/lwip/src/core/ipv4/dhcp.c.obj
                0x10007940                dhcp_renew
 .text.dhcp_t1_timeout
                0x10007a38       0x30 CMakeFiles/moduri.dir/home/blankmcu/Repos/pico-sdk/lib/lwip/src/core/ipv4/dhcp.c.obj
 .text.dhcp_supplied_address
                0x10007a68       0x32 CMakeFiles/moduri.dir/home/blankmcu/Repos/pico-sdk/lib/lwip/src/core/ipv4/dhcp.c.obj
                0x10007a68                dhcp_supplied_address
 *fill*         0x10007a9a        0x2 
 .text.dhcp_release_and_stop
                0x10007a9c       0xdc CMakeFiles/moduri.dir/home/blankmcu/Repos/pico-sdk/lib/lwip/src/core/ipv4/dhcp.c.obj
                0x10007a9c                dhcp_release_and_stop
 .text.dhcp_start
                0x10007b78       0xac CMakeFiles/moduri.dir/home/blankmcu/Repos/pico-sdk/lib/lwip/src/core/ipv4/dhcp.c.obj
                0x10007b78                dhcp_start
 .text.dhcp_coarse_tmr
                0x10007c24       0x6c CMakeFiles/moduri.dir/home/blankmcu/Repos/pico-sdk/lib/lwip/src/core/ipv4/dhcp.c.obj
                0x10007c24                dhcp_coarse_tmr
 .text.dhcp_timeout
                0x10007c90       0x4a CMakeFiles/moduri.dir/home/blankmcu/Repos/pico-sdk/lib/lwip/src/core/ipv4/dhcp.c.obj
 *fill*         0x10007cda        0x2 
 .text.dhcp_fine_tmr
                0x10007cdc       0x38 CMakeFiles/moduri.dir/home/blankmcu/Repos/pico-sdk/lib/lwip/src/core/ipv4/dhcp.c.obj
                0x10007cdc                dhcp_fine_tmr
 .text.dhcp_stop
                0x10007d14        0x8 CMakeFiles/moduri.dir/home/blankmcu/Repos/pico-sdk/lib/lwip/src/core/ipv4/dhcp.c.obj
                0x10007d14                dhcp_stop
 .text.etharp_free_entry
                0x10007d1c       0x4c CMakeFiles/moduri.dir/home/blankmcu/Repos/pico-sdk/lib/lwip/src/core/ipv4/etharp.c.obj
 .text.etharp_find_entry
                0x10007d68      0x1a8 CMakeFiles/moduri.dir/home/blankmcu/Repos/pico-sdk/lib/lwip/src/core/ipv4/etharp.c.obj
 .text.etharp_update_arp_entry
                0x10007f10       0xc8 CMakeFiles/moduri.dir/home/blankmcu/Repos/pico-sdk/lib/lwip/src/core/ipv4/etharp.c.obj
 .text.etharp_raw
                0x10007fd8       0xf0 CMakeFiles/moduri.dir/home/blankmcu/Repos/pico-sdk/lib/lwip/src/core/ipv4/etharp.c.obj
 .text.etharp_request_dst
                0x100080c8       0x24 CMakeFiles/moduri.dir/home/blankmcu/Repos/pico-sdk/lib/lwip/src/core/ipv4/etharp.c.obj
 .text.etharp_cleanup_netif
                0x100080ec       0x3c CMakeFiles/moduri.dir/home/blankmcu/Repos/pico-sdk/lib/lwip/src/core/ipv4/etharp.c.obj
                0x100080ec                etharp_cleanup_netif
 .text.etharp_input
                0x10008128      0x120 CMakeFiles/moduri.dir/home/blankmcu/Repos/pico-sdk/lib/lwip/src/core/ipv4/etharp.c.obj
                0x10008128                etharp_input
 .text.etharp_request
                0x10008248       0x10 CMakeFiles/moduri.dir/home/blankmcu/Repos/pico-sdk/lib/lwip/src/core/ipv4/etharp.c.obj
                0x10008248                etharp_request
 .text.etharp_tmr
                0x10008258       0x8c CMakeFiles/moduri.dir/home/blankmcu/Repos/pico-sdk/lib/lwip/src/core/ipv4/etharp.c.obj
                0x10008258                etharp_tmr
 .text.etharp_output_to_arp_index
                0x100082e4       0xc0 CMakeFiles/moduri.dir/home/blankmcu/Repos/pico-sdk/lib/lwip/src/core/ipv4/etharp.c.obj
 .text.etharp_query
                0x100083a4      0x1c0 CMakeFiles/moduri.dir/home/blankmcu/Repos/pico-sdk/lib/lwip/src/core/ipv4/etharp.c.obj
                0x100083a4                etharp_query
 .text.etharp_output
                0x10008564      0x150 CMakeFiles/moduri.dir/home/blankmcu/Repos/pico-sdk/lib/lwip/src/core/ipv4/etharp.c.obj
                0x10008564                etharp_output
 .text.icmp_send_response
                0x100086b4       0xd4 CMakeFiles/moduri.dir/home/blankmcu/Repos/pico-sdk/lib/lwip/src/core/ipv4/icmp.c.obj
 .text.icmp_input
                0x10008788      0x200 CMakeFiles/moduri.dir/home/blankmcu/Repos/pico-sdk/lib/lwip/src/core/ipv4/icmp.c.obj
                0x10008788                icmp_input
 .text.icmp_dest_unreach
                0x10008988        0xc CMakeFiles/moduri.dir/home/blankmcu/Repos/pico-sdk/lib/lwip/src/core/ipv4/icmp.c.obj
                0x10008988                icmp_dest_unreach
 .text.icmp_time_exceeded
                0x10008994        0xc CMakeFiles/moduri.dir/home/blankmcu/Repos/pico-sdk/lib/lwip/src/core/ipv4/icmp.c.obj
                0x10008994                icmp_time_exceeded
 .text.ip_reass_dequeue_datagram
                0x100089a0       0x34 CMakeFiles/moduri.dir/home/blankmcu/Repos/pico-sdk/lib/lwip/src/core/ipv4/ip4_frag.c.obj
 .text.ip_reass_free_complete_datagram
                0x100089d4       0xe8 CMakeFiles/moduri.dir/home/blankmcu/Repos/pico-sdk/lib/lwip/src/core/ipv4/ip4_frag.c.obj
 .text.ip_reass_remove_oldest_datagram
                0x10008abc       0xc0 CMakeFiles/moduri.dir/home/blankmcu/Repos/pico-sdk/lib/lwip/src/core/ipv4/ip4_frag.c.obj
 .text.ip_reass_chain_frag_into_datagram_and_validate
                0x10008b7c      0x27c CMakeFiles/moduri.dir/home/blankmcu/Repos/pico-sdk/lib/lwip/src/core/ipv4/ip4_frag.c.obj
 .text.ip_reass_enqueue_new_datagram
                0x10008df8       0x64 CMakeFiles/moduri.dir/home/blankmcu/Repos/pico-sdk/lib/lwip/src/core/ipv4/ip4_frag.c.obj
 .text.ip_reass_tmr
                0x10008e5c       0x30 CMakeFiles/moduri.dir/home/blankmcu/Repos/pico-sdk/lib/lwip/src/core/ipv4/ip4_frag.c.obj
                0x10008e5c                ip_reass_tmr
 .text.ip4_reass
                0x10008e8c      0x284 CMakeFiles/moduri.dir/home/blankmcu/Repos/pico-sdk/lib/lwip/src/core/ipv4/ip4_frag.c.obj
                0x10008e8c                ip4_reass
 .text.ip4_frag
                0x10009110      0x17c CMakeFiles/moduri.dir/home/blankmcu/Repos/pico-sdk/lib/lwip/src/core/ipv4/ip4_frag.c.obj
                0x10009110                ip4_frag
 .text.ip4_input_accept
                0x1000928c       0x38 CMakeFiles/moduri.dir/home/blankmcu/Repos/pico-sdk/lib/lwip/src/core/ipv4/ip4.c.obj
 .text.ip4_route
                0x100092c4       0x7c CMakeFiles/moduri.dir/home/blankmcu/Repos/pico-sdk/lib/lwip/src/core/ipv4/ip4.c.obj
                0x100092c4                ip4_route
 .text.ip4_input
                0x10009340      0x290 CMakeFiles/moduri.dir/home/blankmcu/Repos/pico-sdk/lib/lwip/src/core/ipv4/ip4.c.obj
                0x10009340                ip4_input
 .text.ip4_output_if_src
                0x100095d0      0x1b8 CMakeFiles/moduri.dir/home/blankmcu/Repos/pico-sdk/lib/lwip/src/core/ipv4/ip4.c.obj
                0x100095d0                ip4_output_if_src
 .text.ip4_output_if
                0x10009788       0x2e CMakeFiles/moduri.dir/home/blankmcu/Repos/pico-sdk/lib/lwip/src/core/ipv4/ip4.c.obj
                0x10009788                ip4_output_if
 .text.ip4_addr_isbroadcast_u32
                0x100097b6       0x42 CMakeFiles/moduri.dir/home/blankmcu/Repos/pico-sdk/lib/lwip/src/core/ipv4/ip4_addr.c.obj
                0x100097b6                ip4_addr_isbroadcast_u32
 .text.ip4addr_aton
                0x100097f8      0x158 CMakeFiles/moduri.dir/home/blankmcu/Repos/pico-sdk/lib/lwip/src/core/ipv4/ip4_addr.c.obj
                0x100097f8                ip4addr_aton
 .text.ipaddr_addr
                0x10009950       0x1a CMakeFiles/moduri.dir/home/blankmcu/Repos/pico-sdk/lib/lwip/src/core/ipv4/ip4_addr.c.obj
                0x10009950                ipaddr_addr
 *fill*         0x1000996a        0x2 
 .text.tcpip_thread_handle_msg
                0x1000996c       0x30 CMakeFiles/moduri.dir/home/blankmcu/Repos/pico-sdk/lib/lwip/src/api/tcpip.c.obj
 .text.tcpip_timeouts_mbox_fetch
                0x1000999c       0x4c CMakeFiles/moduri.dir/home/blankmcu/Repos/pico-sdk/lib/lwip/src/api/tcpip.c.obj
 .text.tcpip_thread
                0x100099e8       0x40 CMakeFiles/moduri.dir/home/blankmcu/Repos/pico-sdk/lib/lwip/src/api/tcpip.c.obj
 .text.tcpip_inpkt
                0x10009a28       0x1c CMakeFiles/moduri.dir/home/blankmcu/Repos/pico-sdk/lib/lwip/src/api/tcpip.c.obj
                0x10009a28                tcpip_inpkt
 .text.tcpip_input
                0x10009a44       0x24 CMakeFiles/moduri.dir/home/blankmcu/Repos/pico-sdk/lib/lwip/src/api/tcpip.c.obj
                0x10009a44                tcpip_input
 .text.tcpip_try_callback
                0x10009a68       0x50 CMakeFiles/moduri.dir/home/blankmcu/Repos/pico-sdk/lib/lwip/src/api/tcpip.c.obj
                0x10009a68                tcpip_try_callback
 .text.tcpip_init
                0x10009ab8       0x6c CMakeFiles/moduri.dir/home/blankmcu/Repos/pico-sdk/lib/lwip/src/api/tcpip.c.obj
                0x10009ab8                tcpip_init
 .text.ethernet_input
                0x10009b24       0xe0 CMakeFiles/moduri.dir/home/blankmcu/Repos/pico-sdk/lib/lwip/src/netif/ethernet.c.obj
                0x10009b24                ethernet_input
 .text.ethernet_output
                0x10009c04       0x6c CMakeFiles/moduri.dir/home/blankmcu/Repos/pico-sdk/lib/lwip/src/netif/ethernet.c.obj
                0x10009c04                ethernet_output
 .text.sys_init
                0x10009c70        0x2 CMakeFiles/moduri.dir/home/blankmcu/Repos/pico-sdk/lib/lwip/contrib/ports/freertos/sys_arch.c.obj
                0x10009c70                sys_init
 .text.sys_now  0x10009c72        0x8 CMakeFiles/moduri.dir/home/blankmcu/Repos/pico-sdk/lib/lwip/contrib/ports/freertos/sys_arch.c.obj
                0x10009c72                sys_now
 .text.sys_arch_protect
                0x10009c7a        0xa CMakeFiles/moduri.dir/home/blankmcu/Repos/pico-sdk/lib/lwip/contrib/ports/freertos/sys_arch.c.obj
                0x10009c7a                sys_arch_protect
 .text.sys_arch_unprotect
                0x10009c84        0x8 CMakeFiles/moduri.dir/home/blankmcu/Repos/pico-sdk/lib/lwip/contrib/ports/freertos/sys_arch.c.obj
                0x10009c84                sys_arch_unprotect
 .text.sys_mutex_new
                0x10009c8c       0x28 CMakeFiles/moduri.dir/home/blankmcu/Repos/pico-sdk/lib/lwip/contrib/ports/freertos/sys_arch.c.obj
                0x10009c8c                sys_mutex_new
 .text.sys_mutex_lock
                0x10009cb4       0x38 CMakeFiles/moduri.dir/home/blankmcu/Repos/pico-sdk/lib/lwip/contrib/ports/freertos/sys_arch.c.obj
                0x10009cb4                sys_mutex_lock
 .text.sys_mutex_unlock
                0x10009cec       0x34 CMakeFiles/moduri.dir/home/blankmcu/Repos/pico-sdk/lib/lwip/contrib/ports/freertos/sys_arch.c.obj
                0x10009cec                sys_mutex_unlock
 .text.sys_mbox_new
                0x10009d20       0x3c CMakeFiles/moduri.dir/home/blankmcu/Repos/pico-sdk/lib/lwip/contrib/ports/freertos/sys_arch.c.obj
                0x10009d20                sys_mbox_new
 .text.sys_mbox_trypost
                0x10009d5c       0x4c CMakeFiles/moduri.dir/home/blankmcu/Repos/pico-sdk/lib/lwip/contrib/ports/freertos/sys_arch.c.obj
                0x10009d5c                sys_mbox_trypost
 .text.sys_arch_mbox_fetch
                0x10009da8       0x70 CMakeFiles/moduri.dir/home/blankmcu/Repos/pico-sdk/lib/lwip/contrib/ports/freertos/sys_arch.c.obj
                0x10009da8                sys_arch_mbox_fetch
 .text.sys_thread_new
                0x10009e18       0x40 CMakeFiles/moduri.dir/home/blankmcu/Repos/pico-sdk/lib/lwip/contrib/ports/freertos/sys_arch.c.obj
                0x10009e18                sys_thread_new
 .text.splitmix64
                0x10009e58       0x58 CMakeFiles/moduri.dir/home/blankmcu/Repos/pico-sdk/src/rp2_common/pico_rand/rand.c.obj
 .text.sdbm_hash64_sram
                0x10009eb0       0x64 CMakeFiles/moduri.dir/home/blankmcu/Repos/pico-sdk/src/rp2_common/pico_rand/rand.c.obj
 .text.xoroshiro128ss
                0x10009f14       0xb8 CMakeFiles/moduri.dir/home/blankmcu/Repos/pico-sdk/src/rp2_common/pico_rand/rand.c.obj
 .text.capture_additional_rosc_samples
                0x10009fcc      0x170 CMakeFiles/moduri.dir/home/blankmcu/Repos/pico-sdk/src/rp2_common/pico_rand/rand.c.obj
 .text.initialise_rand
                0x1000a13c       0xbc CMakeFiles/moduri.dir/home/blankmcu/Repos/pico-sdk/src/rp2_common/pico_rand/rand.c.obj
 .text.get_rand_64
                0x1000a1f8       0xfc CMakeFiles/moduri.dir/home/blankmcu/Repos/pico-sdk/src/rp2_common/pico_rand/rand.c.obj
                0x1000a1f8                get_rand_64
 .text.get_rand_32
                0x1000a2f4        0x8 CMakeFiles/moduri.dir/home/blankmcu/Repos/pico-sdk/src/rp2_common/pico_rand/rand.c.obj
                0x1000a2f4                get_rand_32
 .text._retrieve_unique_id_on_boot
                0x1000a2fc       0x10 CMakeFiles/moduri.dir/home/blankmcu/Repos/pico-sdk/src/rp2_common/pico_unique_id/unique_id.c.obj
 .text.pico_get_unique_board_id
                0x1000a30c       0x10 CMakeFiles/moduri.dir/home/blankmcu/Repos/pico-sdk/src/rp2_common/pico_unique_id/unique_id.c.obj
                0x1000a30c                pico_get_unique_board_id
 .text.flash_get_unique_id
                0x1000a31c       0x40 CMakeFiles/moduri.dir/home/blankmcu/Repos/pico-sdk/src/rp2_common/hardware_flash/flash.c.obj
                0x1000a31c                flash_get_unique_id
 .text.hw_claim_lock
                0x1000a35c       0x18 CMakeFiles/moduri.dir/home/blankmcu/Repos/pico-sdk/src/common/hardware_claim/claim.c.obj
                0x1000a35c                hw_claim_lock
 .text.hw_claim_unlock
                0x1000a374       0x14 CMakeFiles/moduri.dir/home/blankmcu/Repos/pico-sdk/src/common/hardware_claim/claim.c.obj
                0x1000a374                hw_claim_unlock
 .text.hw_claim_or_assert
                0x1000a388       0x32 CMakeFiles/moduri.dir/home/blankmcu/Repos/pico-sdk/src/common/hardware_claim/claim.c.obj
                0x1000a388                hw_claim_or_assert
 .text.hw_claim_unused_from_range
                0x1000a3ba       0x50 CMakeFiles/moduri.dir/home/blankmcu/Repos/pico-sdk/src/common/hardware_claim/claim.c.obj
                0x1000a3ba                hw_claim_unused_from_range
 *fill*         0x1000a40a        0x2 
 .text.hw_claim_clear
                0x1000a40c       0x40 CMakeFiles/moduri.dir/home/blankmcu/Repos/pico-sdk/src/common/hardware_claim/claim.c.obj
                0x1000a40c                hw_claim_clear
 .text.next_striped_spin_lock_num
                0x1000a44c       0x1c CMakeFiles/moduri.dir/home/blankmcu/Repos/pico-sdk/src/rp2_common/hardware_sync/sync.c.obj
                0x1000a44c                next_striped_spin_lock_num
 .text.spin_lock_claim
                0x1000a468       0x18 CMakeFiles/moduri.dir/home/blankmcu/Repos/pico-sdk/src/rp2_common/hardware_sync/sync.c.obj
                0x1000a468                spin_lock_claim
 .text.spin_locks_reset
                0x1000a480       0x20 CMakeFiles/moduri.dir/home/blankmcu/Repos/pico-sdk/src/rp2_common/hardware_sync_spin_lock/sync_spin_lock.c.obj
                0x1000a480                spin_locks_reset
 .text.rom_func_lookup
                0x1000a4a0       0x10 CMakeFiles/moduri.dir/home/blankmcu/Repos/pico-sdk/src/rp2_common/pico_bootrom/bootrom.c.obj
                0x1000a4a0                rom_func_lookup
 .text.rom_data_lookup
                0x1000a4b0       0x10 CMakeFiles/moduri.dir/home/blankmcu/Repos/pico-sdk/src/rp2_common/pico_bootrom/bootrom.c.obj
                0x1000a4b0                rom_data_lookup
 .text.rom_funcs_lookup
                0x1000a4c0       0x36 CMakeFiles/moduri.dir/home/blankmcu/Repos/pico-sdk/src/rp2_common/pico_bootrom/bootrom.c.obj
                0x1000a4c0                rom_funcs_lookup
 *fill*         0x1000a4f6        0x2 
 .text.clock_configure_internal
                0x1000a4f8       0xc4 CMakeFiles/moduri.dir/home/blankmcu/Repos/pico-sdk/src/rp2_common/hardware_clocks/clocks.c.obj
 .text.clock_configure_int_divider
                0x1000a5bc       0x28 CMakeFiles/moduri.dir/home/blankmcu/Repos/pico-sdk/src/rp2_common/hardware_clocks/clocks.c.obj
                0x1000a5bc                clock_configure_int_divider
 .text.clock_configure_undivided
                0x1000a5e4       0x12 CMakeFiles/moduri.dir/home/blankmcu/Repos/pico-sdk/src/rp2_common/hardware_clocks/clocks.c.obj
                0x1000a5e4                clock_configure_undivided
 *fill*         0x1000a5f6        0x2 
 .text.clock_get_hz
                0x1000a5f8        0xc CMakeFiles/moduri.dir/home/blankmcu/Repos/pico-sdk/src/rp2_common/hardware_clocks/clocks.c.obj
                0x1000a5f8                clock_get_hz
 .text.gpio_set_function
                0x1000a604       0x34 CMakeFiles/moduri.dir/home/blankmcu/Repos/pico-sdk/src/rp2_common/hardware_gpio/gpio.c.obj
                0x1000a604                gpio_set_function
 .text.gpio_set_pulls
                0x1000a638       0x38 CMakeFiles/moduri.dir/home/blankmcu/Repos/pico-sdk/src/rp2_common/hardware_gpio/gpio.c.obj
                0x1000a638                gpio_set_pulls
 .text.gpio_set_input_hysteresis_enabled
                0x1000a670       0x28 CMakeFiles/moduri.dir/home/blankmcu/Repos/pico-sdk/src/rp2_common/hardware_gpio/gpio.c.obj
                0x1000a670                gpio_set_input_hysteresis_enabled
 .text.gpio_add_raw_irq_handler_with_order_priority_masked
                0x1000a698       0x40 CMakeFiles/moduri.dir/home/blankmcu/Repos/pico-sdk/src/rp2_common/hardware_gpio/gpio.c.obj
                0x1000a698                gpio_add_raw_irq_handler_with_order_priority_masked
 .text.gpio_remove_raw_irq_handler_masked
                0x1000a6d8       0x48 CMakeFiles/moduri.dir/home/blankmcu/Repos/pico-sdk/src/rp2_common/hardware_gpio/gpio.c.obj
                0x1000a6d8                gpio_remove_raw_irq_handler_masked
 .text.gpio_acknowledge_irq
                0x1000a720       0x18 CMakeFiles/moduri.dir/home/blankmcu/Repos/pico-sdk/src/rp2_common/hardware_gpio/gpio.c.obj
                0x1000a720                gpio_acknowledge_irq
 .text._gpio_set_irq_enabled
                0x1000a738       0x38 CMakeFiles/moduri.dir/home/blankmcu/Repos/pico-sdk/src/rp2_common/hardware_gpio/gpio.c.obj
 .text.gpio_set_irq_enabled
                0x1000a770       0x64 CMakeFiles/moduri.dir/home/blankmcu/Repos/pico-sdk/src/rp2_common/hardware_gpio/gpio.c.obj
                0x1000a770                gpio_set_irq_enabled
 .text.gpio_init
                0x1000a7d4       0x16 CMakeFiles/moduri.dir/home/blankmcu/Repos/pico-sdk/src/rp2_common/hardware_gpio/gpio.c.obj
                0x1000a7d4                gpio_init
 *fill*         0x1000a7ea        0x2 
 .text.set_raw_irq_handler_and_unlock
                0x1000a7ec       0x28 CMakeFiles/moduri.dir/home/blankmcu/Repos/pico-sdk/src/rp2_common/hardware_irq/irq.c.obj
 .text.nvic_ipr0
                0x1000a814        0x8 CMakeFiles/moduri.dir/home/blankmcu/Repos/pico-sdk/src/rp2_common/hardware_irq/irq.c.obj
 .text.runtime_init_per_core_irq_priorities
                0x1000a81c       0x1c CMakeFiles/moduri.dir/home/blankmcu/Repos/pico-sdk/src/rp2_common/hardware_irq/irq.c.obj
                0x1000a81c                runtime_init_per_core_irq_priorities
 .text.resolve_j_16
                0x1000a838       0x30 CMakeFiles/moduri.dir/home/blankmcu/Repos/pico-sdk/src/rp2_common/hardware_irq/irq.c.obj
 .text.make_j_16
                0x1000a868       0x48 CMakeFiles/moduri.dir/home/blankmcu/Repos/pico-sdk/src/rp2_common/hardware_irq/irq.c.obj
 .text.insert_bl_32
                0x1000a8b0       0x40 CMakeFiles/moduri.dir/home/blankmcu/Repos/pico-sdk/src/rp2_common/hardware_irq/irq.c.obj
 .text.irq_is_enabled
                0x1000a8f0       0x18 CMakeFiles/moduri.dir/home/blankmcu/Repos/pico-sdk/src/rp2_common/hardware_irq/irq.c.obj
                0x1000a8f0                irq_is_enabled
 .text.irq_set_mask_n_enabled
                0x1000a908       0x1c CMakeFiles/moduri.dir/home/blankmcu/Repos/pico-sdk/src/rp2_common/hardware_irq/irq.c.obj
                0x1000a908                irq_set_mask_n_enabled
 .text.irq_set_enabled
                0x1000a924       0x14 CMakeFiles/moduri.dir/home/blankmcu/Repos/pico-sdk/src/rp2_common/hardware_irq/irq.c.obj
                0x1000a924                irq_set_enabled
 .text.irq_get_vtable_handler
                0x1000a938       0x10 CMakeFiles/moduri.dir/home/blankmcu/Repos/pico-sdk/src/rp2_common/hardware_irq/irq.c.obj
                0x1000a938                irq_get_vtable_handler
 .text.irq_set_exclusive_handler
                0x1000a948       0x54 CMakeFiles/moduri.dir/home/blankmcu/Repos/pico-sdk/src/rp2_common/hardware_irq/irq.c.obj
                0x1000a948                irq_set_exclusive_handler
 .text.irq_add_shared_handler
                0x1000a99c      0x218 CMakeFiles/moduri.dir/home/blankmcu/Repos/pico-sdk/src/rp2_common/hardware_irq/irq.c.obj
                0x1000a99c                irq_add_shared_handler
 .text.irq_remove_handler
                0x1000abb4      0x18c CMakeFiles/moduri.dir/home/blankmcu/Repos/pico-sdk/src/rp2_common/hardware_irq/irq.c.obj
                0x1000abb4                irq_remove_handler
 .text.irq_set_priority
                0x1000ad40       0x26 CMakeFiles/moduri.dir/home/blankmcu/Repos/pico-sdk/src/rp2_common/hardware_irq/irq.c.obj
                0x1000ad40                irq_set_priority
 *fill*         0x1000ad66        0x2 
 .text.irq_add_tail_to_free_list
                0x1000ad68       0xf4 CMakeFiles/moduri.dir/home/blankmcu/Repos/pico-sdk/src/rp2_common/hardware_irq/irq.c.obj
                0x1000ad68                irq_add_tail_to_free_list
 .text.lock_init
                0x1000ae5c       0x10 CMakeFiles/moduri.dir/home/blankmcu/Repos/pico-sdk/src/common/pico_sync/lock_core.c.obj
                0x1000ae5c                lock_init
 .text.mutex_init
                0x1000ae6c       0x1c CMakeFiles/moduri.dir/home/blankmcu/Repos/pico-sdk/src/common/pico_sync/mutex.c.obj
                0x1000ae6c                mutex_init
 .text.recursive_mutex_init
                0x1000ae88       0x20 CMakeFiles/moduri.dir/home/blankmcu/Repos/pico-sdk/src/common/pico_sync/mutex.c.obj
                0x1000ae88                recursive_mutex_init
 .text.runtime_init_mutex
                0x1000aea8       0x4c CMakeFiles/moduri.dir/home/blankmcu/Repos/pico-sdk/src/common/pico_sync/mutex.c.obj
                0x1000aea8                runtime_init_mutex
 .text.make_alarm_id
                0x1000aef4        0x6 CMakeFiles/moduri.dir/home/blankmcu/Repos/pico-sdk/src/common/pico_time/time.c.obj
 *fill*         0x1000aefa        0x2 
 .text.alarm_pool_irq_handler
                0x1000aefc      0x2e0 CMakeFiles/moduri.dir/home/blankmcu/Repos/pico-sdk/src/common/pico_time/time.c.obj
 .text.ta_enable_irq_handler
                0x1000b1dc       0x2c CMakeFiles/moduri.dir/home/blankmcu/Repos/pico-sdk/src/common/pico_time/time.c.obj
 .text.alarm_pool_post_alloc_init
                0x1000b208       0x78 CMakeFiles/moduri.dir/home/blankmcu/Repos/pico-sdk/src/common/pico_time/time.c.obj
 .text.sleep_until_callback
                0x1000b280       0x28 CMakeFiles/moduri.dir/home/blankmcu/Repos/pico-sdk/src/common/pico_time/time.c.obj
 .text.alarm_pool_get_default
                0x1000b2a8       0x2c CMakeFiles/moduri.dir/home/blankmcu/Repos/pico-sdk/src/common/pico_time/time.c.obj
                0x1000b2a8                alarm_pool_get_default
 .text.alarm_pool_add_alarm_at_force_in_context
                0x1000b2d4       0xa4 CMakeFiles/moduri.dir/home/blankmcu/Repos/pico-sdk/src/common/pico_time/time.c.obj
                0x1000b2d4                alarm_pool_add_alarm_at_force_in_context
 .text.alarm_pool_add_alarm_at
                0x1000b378       0x3c CMakeFiles/moduri.dir/home/blankmcu/Repos/pico-sdk/src/common/pico_time/time.c.obj
                0x1000b378                alarm_pool_add_alarm_at
 .text.add_alarm_at
                0x1000b3b4       0x2e CMakeFiles/moduri.dir/home/blankmcu/Repos/pico-sdk/src/common/pico_time/time.c.obj
 *fill*         0x1000b3e2        0x2 
 .text.alarm_pool_cancel_alarm
                0x1000b3e4       0x78 CMakeFiles/moduri.dir/home/blankmcu/Repos/pico-sdk/src/common/pico_time/time.c.obj
                0x1000b3e4                alarm_pool_cancel_alarm
 .text.cancel_alarm
                0x1000b45c       0x10 CMakeFiles/moduri.dir/home/blankmcu/Repos/pico-sdk/src/common/pico_time/time.c.obj
 .text.sleep_until
                0x1000b46c       0xb4 CMakeFiles/moduri.dir/home/blankmcu/Repos/pico-sdk/src/common/pico_time/time.c.obj
                0x1000b46c                sleep_until
 .text.sleep_us
                0x1000b520       0x24 CMakeFiles/moduri.dir/home/blankmcu/Repos/pico-sdk/src/common/pico_time/time.c.obj
                0x1000b520                sleep_us
 .text.sleep_ms
                0x1000b544       0x14 CMakeFiles/moduri.dir/home/blankmcu/Repos/pico-sdk/src/common/pico_time/time.c.obj
                0x1000b544                sleep_ms
 .text.best_effort_wfe_or_timeout
                0x1000b558       0xc4 CMakeFiles/moduri.dir/home/blankmcu/Repos/pico-sdk/src/common/pico_time/time.c.obj
                0x1000b558                best_effort_wfe_or_timeout
 .text.alarm_pool_get_default_timer
                0x1000b61c        0x8 CMakeFiles/moduri.dir/home/blankmcu/Repos/pico-sdk/src/common/pico_time/time.c.obj
                0x1000b61c                alarm_pool_get_default_timer
 .text.runtime_init_default_alarm_pool
                0x1000b624       0x38 CMakeFiles/moduri.dir/home/blankmcu/Repos/pico-sdk/src/common/pico_time/time.c.obj
                0x1000b624                runtime_init_default_alarm_pool
 .text.timer_hardware_alarm_claim
                0x1000b65c       0x14 CMakeFiles/moduri.dir/home/blankmcu/Repos/pico-sdk/src/rp2_common/hardware_timer/timer.c.obj
                0x1000b65c                timer_hardware_alarm_claim
 .text.timer_time_us_64
                0x1000b670       0x10 CMakeFiles/moduri.dir/home/blankmcu/Repos/pico-sdk/src/rp2_common/hardware_timer/timer.c.obj
                0x1000b670                timer_time_us_64
 .text.timer_busy_wait_until
                0x1000b680       0x1a CMakeFiles/moduri.dir/home/blankmcu/Repos/pico-sdk/src/rp2_common/hardware_timer/timer.c.obj
                0x1000b680                timer_busy_wait_until
 .text.timer_busy_wait_us
                0x1000b69a       0x38 CMakeFiles/moduri.dir/home/blankmcu/Repos/pico-sdk/src/rp2_common/hardware_timer/timer.c.obj
                0x1000b69a                timer_busy_wait_us
 *fill*         0x1000b6d2        0x2 
 .text.time_us_64
                0x1000b6d4       0x10 CMakeFiles/moduri.dir/home/blankmcu/Repos/pico-sdk/src/rp2_common/hardware_timer/timer.c.obj
                0x1000b6d4                time_us_64
 .text.busy_wait_us
                0x1000b6e4       0x14 CMakeFiles/moduri.dir/home/blankmcu/Repos/pico-sdk/src/rp2_common/hardware_timer/timer.c.obj
                0x1000b6e4                busy_wait_us
 .text.busy_wait_until
                0x1000b6f8       0x14 CMakeFiles/moduri.dir/home/blankmcu/Repos/pico-sdk/src/rp2_common/hardware_timer/timer.c.obj
                0x1000b6f8                busy_wait_until
 .text.pll_init
                0x1000b70c      0x124 CMakeFiles/moduri.dir/home/blankmcu/Repos/pico-sdk/src/rp2_common/hardware_pll/pll.c.obj
                0x1000b70c                pll_init
 .text.tick_start
                0x1000b830       0x10 CMakeFiles/moduri.dir/home/blankmcu/Repos/pico-sdk/src/rp2_common/hardware_ticks/ticks.c.obj
                0x1000b830                tick_start
 .text.xosc_init
                0x1000b840       0x28 CMakeFiles/moduri.dir/home/blankmcu/Repos/pico-sdk/src/rp2_common/hardware_xosc/xosc.c.obj
                0x1000b840                xosc_init
 .text.cyw43_tcpip_link_status_name
                0x1000b868       0x54 CMakeFiles/moduri.dir/home/blankmcu/Repos/pico-sdk/src/rp2_common/pico_cyw43_arch/cyw43_arch.c.obj
 .text.cyw43_arch_set_async_context
                0x1000b8bc        0xc CMakeFiles/moduri.dir/home/blankmcu/Repos/pico-sdk/src/rp2_common/pico_cyw43_arch/cyw43_arch.c.obj
                0x1000b8bc                cyw43_arch_set_async_context
 .text.cyw43_arch_wifi_connect_bssid_async
                0x1000b8c8       0x5c CMakeFiles/moduri.dir/home/blankmcu/Repos/pico-sdk/src/rp2_common/pico_cyw43_arch/cyw43_arch.c.obj
                0x1000b8c8                cyw43_arch_wifi_connect_bssid_async
 .text.cyw43_arch_get_country_code
                0x1000b924        0xc CMakeFiles/moduri.dir/home/blankmcu/Repos/pico-sdk/src/rp2_common/pico_cyw43_arch/cyw43_arch.c.obj
                0x1000b924                cyw43_arch_get_country_code
 .text.cyw43_arch_enable_sta_mode
                0x1000b930       0x40 CMakeFiles/moduri.dir/home/blankmcu/Repos/pico-sdk/src/rp2_common/pico_cyw43_arch/cyw43_arch.c.obj
                0x1000b930                cyw43_arch_enable_sta_mode
 .text.cyw43_arch_gpio_put
                0x1000b970       0x14 CMakeFiles/moduri.dir/home/blankmcu/Repos/pico-sdk/src/rp2_common/pico_cyw43_arch/cyw43_arch.c.obj
                0x1000b970                cyw43_arch_gpio_put
 .text.cyw43_arch_async_context
                0x1000b984        0xc CMakeFiles/moduri.dir/home/blankmcu/Repos/pico-sdk/src/rp2_common/pico_cyw43_arch/cyw43_arch.c.obj
                0x1000b984                cyw43_arch_async_context
 .text.cyw43_arch_poll
                0x1000b990       0x18 CMakeFiles/moduri.dir/home/blankmcu/Repos/pico-sdk/src/rp2_common/pico_cyw43_arch/cyw43_arch.c.obj
                0x1000b990                cyw43_arch_poll
 .text.cyw43_arch_wait_for_work_until
                0x1000b9a8       0x18 CMakeFiles/moduri.dir/home/blankmcu/Repos/pico-sdk/src/rp2_common/pico_cyw43_arch/cyw43_arch.c.obj
                0x1000b9a8                cyw43_arch_wait_for_work_until
 .text.cyw43_arch_wifi_connect_bssid_until
                0x1000b9c0       0xec CMakeFiles/moduri.dir/home/blankmcu/Repos/pico-sdk/src/rp2_common/pico_cyw43_arch/cyw43_arch.c.obj
 .text.cyw43_arch_wifi_connect_until
                0x1000baac       0x1a CMakeFiles/moduri.dir/home/blankmcu/Repos/pico-sdk/src/rp2_common/pico_cyw43_arch/cyw43_arch.c.obj
 *fill*         0x1000bac6        0x2 
 .text.cyw43_arch_wifi_connect_timeout_ms
                0x1000bac8       0x54 CMakeFiles/moduri.dir/home/blankmcu/Repos/pico-sdk/src/rp2_common/pico_cyw43_arch/cyw43_arch.c.obj
                0x1000bac8                cyw43_arch_wifi_connect_timeout_ms
 .text.async_context_freertos_default_config
                0x1000bb1c       0x10 CMakeFiles/moduri.dir/home/blankmcu/Repos/pico-sdk/src/rp2_common/pico_cyw43_arch/cyw43_arch_freertos.c.obj
 .text.cyw43_arch_init_default_async_context
                0x1000bb2c       0x2c CMakeFiles/moduri.dir/home/blankmcu/Repos/pico-sdk/src/rp2_common/pico_cyw43_arch/cyw43_arch_freertos.c.obj
                0x1000bb2c                cyw43_arch_init_default_async_context
 .text.cyw43_arch_deinit
                0x1000bb58       0x30 CMakeFiles/moduri.dir/home/blankmcu/Repos/pico-sdk/src/rp2_common/pico_cyw43_arch/cyw43_arch_freertos.c.obj
                0x1000bb58                cyw43_arch_deinit
 .text.cyw43_arch_init
                0x1000bb88       0x42 CMakeFiles/moduri.dir/home/blankmcu/Repos/pico-sdk/src/rp2_common/pico_cyw43_arch/cyw43_arch_freertos.c.obj
                0x1000bb88                cyw43_arch_init
 .text.pio_get_default_sm_config
                0x1000bbca       0x28 CMakeFiles/moduri.dir/home/blankmcu/Repos/pico-sdk/src/rp2_common/pico_cyw43_driver/cyw43_bus_pio_spi.c.obj
 *fill*         0x1000bbf2        0x2 
 .text.spi_gap01_sample0_program_get_default_config
                0x1000bbf4       0x3c CMakeFiles/moduri.dir/home/blankmcu/Repos/pico-sdk/src/rp2_common/pico_cyw43_driver/cyw43_bus_pio_spi.c.obj
 .text.cs_set   0x1000bc30       0x1c CMakeFiles/moduri.dir/home/blankmcu/Repos/pico-sdk/src/rp2_common/pico_cyw43_driver/cyw43_bus_pio_spi.c.obj
 .text.channel_config_set_chain_to
                0x1000bc4c       0x30 CMakeFiles/moduri.dir/home/blankmcu/Repos/pico-sdk/src/rp2_common/pico_cyw43_driver/cyw43_bus_pio_spi.c.obj
 .text.dma_channel_get_default_config
                0x1000bc7c       0x74 CMakeFiles/moduri.dir/home/blankmcu/Repos/pico-sdk/src/rp2_common/pico_cyw43_driver/cyw43_bus_pio_spi.c.obj
 .text.channel_config_set_dreq
                0x1000bcf0       0x30 CMakeFiles/moduri.dir/home/blankmcu/Repos/pico-sdk/src/rp2_common/pico_cyw43_driver/cyw43_bus_pio_spi.c.obj
 .text.start_spi_comms
                0x1000bd20       0x2c CMakeFiles/moduri.dir/home/blankmcu/Repos/pico-sdk/src/rp2_common/pico_cyw43_driver/cyw43_bus_pio_spi.c.obj
 .text.ns_delay
                0x1000bd4c       0x20 CMakeFiles/moduri.dir/home/blankmcu/Repos/pico-sdk/src/rp2_common/pico_cyw43_driver/cyw43_bus_pio_spi.c.obj
 .text.stop_spi_comms
                0x1000bd6c       0x10 CMakeFiles/moduri.dir/home/blankmcu/Repos/pico-sdk/src/rp2_common/pico_cyw43_driver/cyw43_bus_pio_spi.c.obj
 .text.cyw43_spi_deinit
                0x1000bd7c       0x74 CMakeFiles/moduri.dir/home/blankmcu/Repos/pico-sdk/src/rp2_common/pico_cyw43_driver/cyw43_bus_pio_spi.c.obj
                0x1000bd7c                cyw43_spi_deinit
 .text.cyw43_spi_init
                0x1000bdf0      0x23c CMakeFiles/moduri.dir/home/blankmcu/Repos/pico-sdk/src/rp2_common/pico_cyw43_driver/cyw43_bus_pio_spi.c.obj
                0x1000bdf0                cyw43_spi_init
 .text.cyw43_spi_transfer
                0x1000c02c      0x568 CMakeFiles/moduri.dir/home/blankmcu/Repos/pico-sdk/src/rp2_common/pico_cyw43_driver/cyw43_bus_pio_spi.c.obj
                0x1000c02c                cyw43_spi_transfer
 .text._cyw43_read_reg
                0x1000c594       0x50 CMakeFiles/moduri.dir/home/blankmcu/Repos/pico-sdk/src/rp2_common/pico_cyw43_driver/cyw43_bus_pio_spi.c.obj
 .text._cyw43_write_reg
                0x1000c5e4       0x58 CMakeFiles/moduri.dir/home/blankmcu/Repos/pico-sdk/src/rp2_common/pico_cyw43_driver/cyw43_bus_pio_spi.c.obj
 .text.cyw43_spi_gpio_setup
                0x1000c63c       0x3a CMakeFiles/moduri.dir/home/blankmcu/Repos/pico-sdk/src/rp2_common/pico_cyw43_driver/cyw43_bus_pio_spi.c.obj
                0x1000c63c                cyw43_spi_gpio_setup
 .text.cyw43_spi_reset
                0x1000c676       0x28 CMakeFiles/moduri.dir/home/blankmcu/Repos/pico-sdk/src/rp2_common/pico_cyw43_driver/cyw43_bus_pio_spi.c.obj
                0x1000c676                cyw43_spi_reset
 *fill*         0x1000c69e        0x2 
 .text.read_reg_u32_swap
                0x1000c6a0       0x68 CMakeFiles/moduri.dir/home/blankmcu/Repos/pico-sdk/src/rp2_common/pico_cyw43_driver/cyw43_bus_pio_spi.c.obj
                0x1000c6a0                read_reg_u32_swap
 .text.cyw43_read_reg_u32
                0x1000c708        0xa CMakeFiles/moduri.dir/home/blankmcu/Repos/pico-sdk/src/rp2_common/pico_cyw43_driver/cyw43_bus_pio_spi.c.obj
                0x1000c708                cyw43_read_reg_u32
 .text.cyw43_read_reg_u16
                0x1000c712        0xa CMakeFiles/moduri.dir/home/blankmcu/Repos/pico-sdk/src/rp2_common/pico_cyw43_driver/cyw43_bus_pio_spi.c.obj
                0x1000c712                cyw43_read_reg_u16
 .text.cyw43_read_reg_u8
                0x1000c71c        0xa CMakeFiles/moduri.dir/home/blankmcu/Repos/pico-sdk/src/rp2_common/pico_cyw43_driver/cyw43_bus_pio_spi.c.obj
                0x1000c71c                cyw43_read_reg_u8
 *fill*         0x1000c726        0x2 
 .text.write_reg_u32_swap
                0x1000c728       0x34 CMakeFiles/moduri.dir/home/blankmcu/Repos/pico-sdk/src/rp2_common/pico_cyw43_driver/cyw43_bus_pio_spi.c.obj
                0x1000c728                write_reg_u32_swap
 .text.cyw43_write_reg_u32
                0x1000c75c       0x10 CMakeFiles/moduri.dir/home/blankmcu/Repos/pico-sdk/src/rp2_common/pico_cyw43_driver/cyw43_bus_pio_spi.c.obj
                0x1000c75c                cyw43_write_reg_u32
 .text.cyw43_write_reg_u16
                0x1000c76c       0x10 CMakeFiles/moduri.dir/home/blankmcu/Repos/pico-sdk/src/rp2_common/pico_cyw43_driver/cyw43_bus_pio_spi.c.obj
                0x1000c76c                cyw43_write_reg_u16
 .text.cyw43_write_reg_u8
                0x1000c77c       0x10 CMakeFiles/moduri.dir/home/blankmcu/Repos/pico-sdk/src/rp2_common/pico_cyw43_driver/cyw43_bus_pio_spi.c.obj
                0x1000c77c                cyw43_write_reg_u8
 .text.cyw43_read_bytes
                0x1000c78c      0x100 CMakeFiles/moduri.dir/home/blankmcu/Repos/pico-sdk/src/rp2_common/pico_cyw43_driver/cyw43_bus_pio_spi.c.obj
                0x1000c78c                cyw43_read_bytes
 .text.cyw43_write_bytes
                0x1000c88c      0x124 CMakeFiles/moduri.dir/home/blankmcu/Repos/pico-sdk/src/rp2_common/pico_cyw43_driver/cyw43_bus_pio_spi.c.obj
                0x1000c88c                cyw43_write_bytes
 .text.get_core_address
                0x1000c9b0       0x1c CMakeFiles/moduri.dir/home/blankmcu/Repos/pico-sdk/lib/cyw43-driver/src/cyw43_ll.c.obj
 .text.sdpcm_process_rx_packet
                0x1000c9cc      0x180 CMakeFiles/moduri.dir/home/blankmcu/Repos/pico-sdk/lib/cyw43-driver/src/cyw43_ll.c.obj
 .text.cyw43_ll_wifi_parse_scan_result
                0x1000cb4c       0x9c CMakeFiles/moduri.dir/home/blankmcu/Repos/pico-sdk/lib/cyw43-driver/src/cyw43_ll.c.obj
 .text.cyw43_ll_parse_async_event
                0x1000cbe8       0x8a CMakeFiles/moduri.dir/home/blankmcu/Repos/pico-sdk/lib/cyw43-driver/src/cyw43_ll.c.obj
 *fill*         0x1000cc72        0x2 
 .text.cyw43_kso_set
                0x1000cc74       0x98 CMakeFiles/moduri.dir/home/blankmcu/Repos/pico-sdk/lib/cyw43-driver/src/cyw43_ll.c.obj
 .text.cyw43_ll_bus_sleep_helper
                0x1000cd0c        0xe CMakeFiles/moduri.dir/home/blankmcu/Repos/pico-sdk/lib/cyw43-driver/src/cyw43_ll.c.obj
 *fill*         0x1000cd1a        0x2 
 .text.cyw43_read_reg
                0x1000cd1c       0x48 CMakeFiles/moduri.dir/home/blankmcu/Repos/pico-sdk/lib/cyw43-driver/src/cyw43_ll.c.obj
 .text.cyw43_write_reg
                0x1000cd64       0x4c CMakeFiles/moduri.dir/home/blankmcu/Repos/pico-sdk/lib/cyw43-driver/src/cyw43_ll.c.obj
 .text.cyw43_set_backplane_window
                0x1000cdb0       0x78 CMakeFiles/moduri.dir/home/blankmcu/Repos/pico-sdk/lib/cyw43-driver/src/cyw43_ll.c.obj
 .text.cyw43_read_backplane
                0x1000ce28       0x30 CMakeFiles/moduri.dir/home/blankmcu/Repos/pico-sdk/lib/cyw43-driver/src/cyw43_ll.c.obj
 .text.disable_device_core
                0x1000ce58       0x3c CMakeFiles/moduri.dir/home/blankmcu/Repos/pico-sdk/lib/cyw43-driver/src/cyw43_ll.c.obj
 .text.device_core_is_up
                0x1000ce94       0x4c CMakeFiles/moduri.dir/home/blankmcu/Repos/pico-sdk/lib/cyw43-driver/src/cyw43_ll.c.obj
 .text.cyw43_download_resource
                0x1000cee0       0xac CMakeFiles/moduri.dir/home/blankmcu/Repos/pico-sdk/lib/cyw43-driver/src/cyw43_ll.c.obj
 .text.cyw43_write_backplane
                0x1000cf8c       0x34 CMakeFiles/moduri.dir/home/blankmcu/Repos/pico-sdk/lib/cyw43-driver/src/cyw43_ll.c.obj
 .text.reset_device_core
                0x1000cfc0       0x74 CMakeFiles/moduri.dir/home/blankmcu/Repos/pico-sdk/lib/cyw43-driver/src/cyw43_ll.c.obj
 .text.cyw43_check_valid_chipset_firmware
                0x1000d034       0x7c CMakeFiles/moduri.dir/home/blankmcu/Repos/pico-sdk/lib/cyw43-driver/src/cyw43_ll.c.obj
 .text.cyw43_ll_init
                0x1000d0b0       0x20 CMakeFiles/moduri.dir/home/blankmcu/Repos/pico-sdk/lib/cyw43-driver/src/cyw43_ll.c.obj
                0x1000d0b0                cyw43_ll_init
 .text.cyw43_ll_deinit
                0x1000d0d0        0x8 CMakeFiles/moduri.dir/home/blankmcu/Repos/pico-sdk/lib/cyw43-driver/src/cyw43_ll.c.obj
                0x1000d0d0                cyw43_ll_deinit
 .text.cyw43_ll_bus_sleep
                0x1000d0d8       0x34 CMakeFiles/moduri.dir/home/blankmcu/Repos/pico-sdk/lib/cyw43-driver/src/cyw43_ll.c.obj
                0x1000d0d8                cyw43_ll_bus_sleep
 .text.cyw43_ll_sdpcm_poll_device
                0x1000d10c      0x158 CMakeFiles/moduri.dir/home/blankmcu/Repos/pico-sdk/lib/cyw43-driver/src/cyw43_ll.c.obj
 .text.cyw43_ll_process_packets
                0x1000d264       0x5c CMakeFiles/moduri.dir/home/blankmcu/Repos/pico-sdk/lib/cyw43-driver/src/cyw43_ll.c.obj
                0x1000d264                cyw43_ll_process_packets
 .text.cyw43_sdpcm_send_common
                0x1000d2c0      0x114 CMakeFiles/moduri.dir/home/blankmcu/Repos/pico-sdk/lib/cyw43-driver/src/cyw43_ll.c.obj
 .text.cyw43_ll_send_ethernet
                0x1000d3d4       0x5e CMakeFiles/moduri.dir/home/blankmcu/Repos/pico-sdk/lib/cyw43-driver/src/cyw43_ll.c.obj
                0x1000d3d4                cyw43_ll_send_ethernet
 .text.cyw43_send_ioctl
                0x1000d432       0x56 CMakeFiles/moduri.dir/home/blankmcu/Repos/pico-sdk/lib/cyw43-driver/src/cyw43_ll.c.obj
 .text.cyw43_do_ioctl
                0x1000d488       0xc4 CMakeFiles/moduri.dir/home/blankmcu/Repos/pico-sdk/lib/cyw43-driver/src/cyw43_ll.c.obj
 .text.cyw43_ll_ioctl
                0x1000d54c       0x1e CMakeFiles/moduri.dir/home/blankmcu/Repos/pico-sdk/lib/cyw43-driver/src/cyw43_ll.c.obj
                0x1000d54c                cyw43_ll_ioctl
 *fill*         0x1000d56a        0x2 
 .text.cyw43_clm_load
                0x1000d56c       0xdc CMakeFiles/moduri.dir/home/blankmcu/Repos/pico-sdk/lib/cyw43-driver/src/cyw43_ll.c.obj
 .text.cyw43_write_iovar_u32
                0x1000d648       0x60 CMakeFiles/moduri.dir/home/blankmcu/Repos/pico-sdk/lib/cyw43-driver/src/cyw43_ll.c.obj
 .text.cyw43_write_iovar_n
                0x1000d6a8       0x50 CMakeFiles/moduri.dir/home/blankmcu/Repos/pico-sdk/lib/cyw43-driver/src/cyw43_ll.c.obj
 .text.cyw43_set_ioctl_u32
                0x1000d6f8       0x30 CMakeFiles/moduri.dir/home/blankmcu/Repos/pico-sdk/lib/cyw43-driver/src/cyw43_ll.c.obj
 .text.cyw43_write_iovar_u32_u32
                0x1000d728       0x74 CMakeFiles/moduri.dir/home/blankmcu/Repos/pico-sdk/lib/cyw43-driver/src/cyw43_ll.c.obj
 .text.cyw43_ll_wifi_on
                0x1000d79c      0x1a8 CMakeFiles/moduri.dir/home/blankmcu/Repos/pico-sdk/lib/cyw43-driver/src/cyw43_ll.c.obj
                0x1000d79c                cyw43_ll_wifi_on
 .text.cyw43_ll_wifi_get_mac
                0x1000d944       0x44 CMakeFiles/moduri.dir/home/blankmcu/Repos/pico-sdk/lib/cyw43-driver/src/cyw43_ll.c.obj
                0x1000d944                cyw43_ll_wifi_get_mac
 .text.cyw43_ll_bus_init
                0x1000d988      0x370 CMakeFiles/moduri.dir/home/blankmcu/Repos/pico-sdk/lib/cyw43-driver/src/cyw43_ll.c.obj
                0x1000d988                cyw43_ll_bus_init
 .text.cyw43_ll_wifi_pm
                0x1000dcf8       0xcc CMakeFiles/moduri.dir/home/blankmcu/Repos/pico-sdk/lib/cyw43-driver/src/cyw43_ll.c.obj
                0x1000dcf8                cyw43_ll_wifi_pm
 .text.cyw43_ll_wifi_join
                0x1000ddc4      0x310 CMakeFiles/moduri.dir/home/blankmcu/Repos/pico-sdk/lib/cyw43-driver/src/cyw43_ll.c.obj
                0x1000ddc4                cyw43_ll_wifi_join
 .text.cyw43_ll_wifi_set_wpa_auth
                0x1000e0d4        0xe CMakeFiles/moduri.dir/home/blankmcu/Repos/pico-sdk/lib/cyw43-driver/src/cyw43_ll.c.obj
                0x1000e0d4                cyw43_ll_wifi_set_wpa_auth
 *fill*         0x1000e0e2        0x2 
 .text.cyw43_ll_wifi_rejoin
                0x1000e0e4       0x20 CMakeFiles/moduri.dir/home/blankmcu/Repos/pico-sdk/lib/cyw43-driver/src/cyw43_ll.c.obj
                0x1000e0e4                cyw43_ll_wifi_rejoin
 .text.cyw43_ll_wifi_ap_init
                0x1000e104      0x2bc CMakeFiles/moduri.dir/home/blankmcu/Repos/pico-sdk/lib/cyw43-driver/src/cyw43_ll.c.obj
                0x1000e104                cyw43_ll_wifi_ap_init
 .text.cyw43_ll_wifi_ap_set_up
                0x1000e3c0       0x20 CMakeFiles/moduri.dir/home/blankmcu/Repos/pico-sdk/lib/cyw43-driver/src/cyw43_ll.c.obj
                0x1000e3c0                cyw43_ll_wifi_ap_set_up
 .text.cyw43_ll_gpio_set
                0x1000e3e0       0x30 CMakeFiles/moduri.dir/home/blankmcu/Repos/pico-sdk/lib/cyw43-driver/src/cyw43_ll.c.obj
                0x1000e3e0                cyw43_ll_gpio_set
 .text.cyw43_ll_has_work
                0x1000e410       0x12 CMakeFiles/moduri.dir/home/blankmcu/Repos/pico-sdk/lib/cyw43-driver/src/cyw43_ll.c.obj
                0x1000e410                cyw43_ll_has_work
 *fill*         0x1000e422        0x2 
 .text.cyw43_netif_init
                0x1000e424       0x3c CMakeFiles/moduri.dir/home/blankmcu/Repos/pico-sdk/lib/cyw43-driver/src/cyw43_lwip.c.obj
 .text.cyw43_netif_output
                0x1000e460       0x38 CMakeFiles/moduri.dir/home/blankmcu/Repos/pico-sdk/lib/cyw43-driver/src/cyw43_lwip.c.obj
 .text.cyw43_cb_tcpip_init
                0x1000e498       0xc4 CMakeFiles/moduri.dir/home/blankmcu/Repos/pico-sdk/lib/cyw43-driver/src/cyw43_lwip.c.obj
                0x1000e498                cyw43_cb_tcpip_init
 .text.cyw43_cb_tcpip_deinit
                0x1000e55c       0x44 CMakeFiles/moduri.dir/home/blankmcu/Repos/pico-sdk/lib/cyw43-driver/src/cyw43_lwip.c.obj
                0x1000e55c                cyw43_cb_tcpip_deinit
 .text.cyw43_cb_process_ethernet
                0x1000e5a0       0x74 CMakeFiles/moduri.dir/home/blankmcu/Repos/pico-sdk/lib/cyw43-driver/src/cyw43_lwip.c.obj
                0x1000e5a0                cyw43_cb_process_ethernet
 .text.cyw43_cb_tcpip_set_link_up
                0x1000e614       0x16 CMakeFiles/moduri.dir/home/blankmcu/Repos/pico-sdk/lib/cyw43-driver/src/cyw43_lwip.c.obj
                0x1000e614                cyw43_cb_tcpip_set_link_up
 .text.cyw43_cb_tcpip_set_link_down
                0x1000e62a       0x16 CMakeFiles/moduri.dir/home/blankmcu/Repos/pico-sdk/lib/cyw43-driver/src/cyw43_lwip.c.obj
                0x1000e62a                cyw43_cb_tcpip_set_link_down
 .text.cyw43_tcpip_link_status
                0x1000e640       0x3c CMakeFiles/moduri.dir/home/blankmcu/Repos/pico-sdk/lib/cyw43-driver/src/cyw43_lwip.c.obj
                0x1000e640                cyw43_tcpip_link_status
 .text.cyw43_poll_func
                0x1000e67c       0xac CMakeFiles/moduri.dir/home/blankmcu/Repos/pico-sdk/lib/cyw43-driver/src/cyw43_ctrl.c.obj
 .text.cyw43_hal_ticks_ms
                0x1000e728       0x20 CMakeFiles/moduri.dir/home/blankmcu/Repos/pico-sdk/lib/cyw43-driver/src/cyw43_ctrl.c.obj
 .text.cyw43_dump_async_event
                0x1000e748       0x58 CMakeFiles/moduri.dir/home/blankmcu/Repos/pico-sdk/lib/cyw43-driver/src/cyw43_ctrl.c.obj
 .text.cyw43_ensure_up
                0x1000e7a0       0xec CMakeFiles/moduri.dir/home/blankmcu/Repos/pico-sdk/lib/cyw43-driver/src/cyw43_ctrl.c.obj
 .text.cyw43_wifi_on
                0x1000e88c       0x2c CMakeFiles/moduri.dir/home/blankmcu/Repos/pico-sdk/lib/cyw43-driver/src/cyw43_ctrl.c.obj
 .text.cyw43_wifi_ap_init
                0x1000e8b8       0x5c CMakeFiles/moduri.dir/home/blankmcu/Repos/pico-sdk/lib/cyw43-driver/src/cyw43_ctrl.c.obj
 .text.cyw43_wifi_ap_set_up
                0x1000e914       0x28 CMakeFiles/moduri.dir/home/blankmcu/Repos/pico-sdk/lib/cyw43-driver/src/cyw43_ctrl.c.obj
 .text.cyw43_init
                0x1000e93c       0x8c CMakeFiles/moduri.dir/home/blankmcu/Repos/pico-sdk/lib/cyw43-driver/src/cyw43_ctrl.c.obj
                0x1000e93c                cyw43_init
 .text.cyw43_deinit
                0x1000e9c8       0x3c CMakeFiles/moduri.dir/home/blankmcu/Repos/pico-sdk/lib/cyw43-driver/src/cyw43_ctrl.c.obj
                0x1000e9c8                cyw43_deinit
 .text.cyw43_cb_read_host_interrupt_pin
                0x1000ea04        0xe CMakeFiles/moduri.dir/home/blankmcu/Repos/pico-sdk/lib/cyw43-driver/src/cyw43_ctrl.c.obj
                0x1000ea04                cyw43_cb_read_host_interrupt_pin
 *fill*         0x1000ea12        0x2 
 .text.cyw43_cb_ensure_awake
                0x1000ea14        0xc CMakeFiles/moduri.dir/home/blankmcu/Repos/pico-sdk/lib/cyw43-driver/src/cyw43_ctrl.c.obj
                0x1000ea14                cyw43_cb_ensure_awake
 .text.cyw43_cb_process_async_event
                0x1000ea20      0x1ac CMakeFiles/moduri.dir/home/blankmcu/Repos/pico-sdk/lib/cyw43-driver/src/cyw43_ctrl.c.obj
                0x1000ea20                cyw43_cb_process_async_event
 .text.cyw43_send_ethernet
                0x1000ebcc       0x3e CMakeFiles/moduri.dir/home/blankmcu/Repos/pico-sdk/lib/cyw43-driver/src/cyw43_ctrl.c.obj
                0x1000ebcc                cyw43_send_ethernet
 .text.cyw43_wifi_pm
                0x1000ec0a       0x4a CMakeFiles/moduri.dir/home/blankmcu/Repos/pico-sdk/lib/cyw43-driver/src/cyw43_ctrl.c.obj
                0x1000ec0a                cyw43_wifi_pm
 .text.cyw43_wifi_get_mac
                0x1000ec54        0xe CMakeFiles/moduri.dir/home/blankmcu/Repos/pico-sdk/lib/cyw43-driver/src/cyw43_ctrl.c.obj
                0x1000ec54                cyw43_wifi_get_mac
 *fill*         0x1000ec62        0x2 
 .text.cyw43_wifi_set_up
                0x1000ec64       0xa4 CMakeFiles/moduri.dir/home/blankmcu/Repos/pico-sdk/lib/cyw43-driver/src/cyw43_ctrl.c.obj
                0x1000ec64                cyw43_wifi_set_up
 .text.cyw43_wifi_link_status
                0x1000ed08       0x3c CMakeFiles/moduri.dir/home/blankmcu/Repos/pico-sdk/lib/cyw43-driver/src/cyw43_ctrl.c.obj
                0x1000ed08                cyw43_wifi_link_status
 .text.cyw43_wifi_join
                0x1000ed44       0x78 CMakeFiles/moduri.dir/home/blankmcu/Repos/pico-sdk/lib/cyw43-driver/src/cyw43_ctrl.c.obj